[2026-08-12T21:56:18.439+0000] {local_task_job_runner.py:123} INFO - ::group::Pre task execution logs
[2026-08-12T21:56:18.640+0000] {taskinstance.py:2603} INFO - Dependencies all met for dep_context=non-requeueable deps ti=<TaskInstance: pipeline_lakehouse_medallion.silver_customers manual__2026-08-12T20:34:02.320315+00:00 [queued]>
[2026-08-12T21:56:18.722+0000] {taskinstance.py:2603} INFO - Dependencies all met for dep_context=requeueable deps ti=<TaskInstance: pipeline_lakehouse_medallion.silver_customers manual__2026-08-12T20:34:02.320315+00:00 [queued]>
[2026-08-12T21:56:18.727+0000] {taskinstance.py:2856} INFO - Starting attempt 1 of 1
[2026-08-12T21:56:18.819+0000] {taskinstance.py:2879} INFO - Executing <Task(BashOperator): silver_customers> on 2026-08-12 20:34:02.320315+00:00
[2026-08-12T21:56:18.838+0000] {warnings.py:112} WARNING - /home/***/.local/lib/python3.12/site-packages/***/task/task_runner/standard_task_runner.py:70: DeprecationWarning: This process (pid=2481) is multi-threaded, use of fork() may lead to deadlocks in the child.
  pid = os.fork()

[2026-08-12T21:56:18.848+0000] {standard_task_runner.py:72} INFO - Started process 2485 to run task
[2026-08-12T21:56:18.844+0000] {standard_task_runner.py:104} INFO - Running: ['***', 'tasks', 'run', 'pipeline_lakehouse_medallion', 'silver_customers', 'manual__2026-08-12T20:34:02.320315+00:00', '--job-id', '66', '--raw', '--subdir', 'DAGS_FOLDER/dag_lakehouse_pipeline.py', '--cfg-path', '/tmp/tmpqpmx3htx']
[2026-08-12T21:56:18.852+0000] {standard_task_runner.py:105} INFO - Job 66: Subtask silver_customers
[2026-08-12T21:56:19.134+0000] {task_command.py:467} INFO - Running <TaskInstance: pipeline_lakehouse_medallion.silver_customers manual__2026-08-12T20:34:02.320315+00:00 [running]> on host 0f1005efa1ab
[2026-08-12T21:56:19.470+0000] {taskinstance.py:3122} INFO - Exporting env vars: AIRFLOW_CTX_DAG_OWNER='engenharia_dados' AIRFLOW_CTX_DAG_ID='pipeline_lakehouse_medallion' AIRFLOW_CTX_TASK_ID='silver_customers' AIRFLOW_CTX_EXECUTION_DATE='2026-08-12T20:34:02.320315+00:00' AIRFLOW_CTX_TRY_NUMBER='1' AIRFLOW_CTX_DAG_RUN_ID='manual__2026-08-12T20:34:02.320315+00:00'
[2026-08-12T21:56:19.474+0000] {taskinstance.py:731} INFO - ::endgroup::
[2026-08-12T21:56:19.567+0000] {subprocess.py:63} INFO - Tmp dir root location: /tmp
[2026-08-12T21:56:19.574+0000] {subprocess.py:75} INFO - Running command: ['/usr/bin/bash', '-c', 'python3 /opt/***/dags/scripts/silver_customers.py']
[2026-08-12T21:56:19.611+0000] {subprocess.py:86} INFO - Output:
[2026-08-12T21:56:23.115+0000] {subprocess.py:93} INFO - /home/***/.local/lib/python3.12/site-packages/pyspark/bin/load-spark-env.sh: line 68: ps: command not found
[2026-08-12T21:56:37.027+0000] {subprocess.py:93} INFO - Setting default log level to "WARN".
[2026-08-12T21:56:37.045+0000] {subprocess.py:93} INFO - To adjust logging level use sc.setLogLevel(newLevel). For SparkR, use setLogLevel(newLevel).
[2026-08-12T21:56:39.318+0000] {subprocess.py:93} INFO - 26/08/12 21:56:39 WARN NativeCodeLoader: Unable to load native-hadoop library for your platform... using builtin-java classes where applicable
[2026-08-12T21:56:46.956+0000] {subprocess.py:93} INFO - 26/08/12 21:56:46 WARN Utils: Service 'SparkUI' could not bind on port 4040. Attempting port 4041.
[2026-08-12T21:57:13.422+0000] {subprocess.py:93} INFO - [Stage 0:>                                                          (0 + 0) / 1][Stage 0:>                                                          (0 + 1) / 1]                                                                                [Stage 1:>                                                          (0 + 2) / 2]
[2026-08-12T21:57:13.423+0000] {subprocess.py:97} INFO - Command exited with return code 0
[2026-08-12T21:57:13.475+0000] {taskinstance.py:340} INFO - ::group::Post task execution logs
[2026-08-12T21:57:13.476+0000] {taskinstance.py:352} INFO - Marking task as SUCCESS. dag_id=pipeline_lakehouse_medallion, task_id=silver_customers, run_id=manual__2026-08-12T20:34:02.320315+00:00, execution_date=20260812T203402, start_date=20260812T215618, end_date=20260812T215713
[2026-08-12T21:57:13.519+0000] {local_task_job_runner.py:261} INFO - Task exited with return code 0
[2026-08-12T21:57:13.543+0000] {taskinstance.py:3891} INFO - 0 downstream tasks scheduled from follow-on schedule check
[2026-08-12T21:57:13.546+0000] {local_task_job_runner.py:240} INFO - ::endgroup::
