[2026-08-12T21:56:22.059+0000] {local_task_job_runner.py:123} INFO - ::group::Pre task execution logs
[2026-08-12T21:56:22.347+0000] {taskinstance.py:2603} INFO - Dependencies all met for dep_context=non-requeueable deps ti=<TaskInstance: pipeline_lakehouse_medallion.silver_customers manual__2026-08-12T21:49:53.060930+00:00 [queued]>
[2026-08-12T21:56:22.435+0000] {taskinstance.py:2603} INFO - Dependencies all met for dep_context=requeueable deps ti=<TaskInstance: pipeline_lakehouse_medallion.silver_customers manual__2026-08-12T21:49:53.060930+00:00 [queued]>
[2026-08-12T21:56:22.438+0000] {taskinstance.py:2856} INFO - Starting attempt 1 of 1
[2026-08-12T21:56:22.573+0000] {taskinstance.py:2879} INFO - Executing <Task(BashOperator): silver_customers> on 2026-08-12 21:49:53.060930+00:00
[2026-08-12T21:56:22.605+0000] {warnings.py:112} WARNING - /home/***/.local/lib/python3.12/site-packages/***/task/task_runner/standard_task_runner.py:70: DeprecationWarning: This process (pid=2483) is multi-threaded, use of fork() may lead to deadlocks in the child.
  pid = os.fork()

[2026-08-12T21:56:22.616+0000] {standard_task_runner.py:72} INFO - Started process 2512 to run task
[2026-08-12T21:56:22.618+0000] {standard_task_runner.py:104} INFO - Running: ['***', 'tasks', 'run', 'pipeline_lakehouse_medallion', 'silver_customers', 'manual__2026-08-12T21:49:53.060930+00:00', '--job-id', '67', '--raw', '--subdir', 'DAGS_FOLDER/dag_lakehouse_pipeline.py', '--cfg-path', '/tmp/tmphyx9v6lh']
[2026-08-12T21:56:22.623+0000] {standard_task_runner.py:105} INFO - Job 67: Subtask silver_customers
[2026-08-12T21:56:23.058+0000] {task_command.py:467} INFO - Running <TaskInstance: pipeline_lakehouse_medallion.silver_customers manual__2026-08-12T21:49:53.060930+00:00 [running]> on host 0f1005efa1ab
[2026-08-12T21:56:23.544+0000] {taskinstance.py:3122} INFO - Exporting env vars: AIRFLOW_CTX_DAG_OWNER='engenharia_dados' AIRFLOW_CTX_DAG_ID='pipeline_lakehouse_medallion' AIRFLOW_CTX_TASK_ID='silver_customers' AIRFLOW_CTX_EXECUTION_DATE='2026-08-12T21:49:53.060930+00:00' AIRFLOW_CTX_TRY_NUMBER='1' AIRFLOW_CTX_DAG_RUN_ID='manual__2026-08-12T21:49:53.060930+00:00'
[2026-08-12T21:56:23.555+0000] {taskinstance.py:731} INFO - ::endgroup::
[2026-08-12T21:56:23.744+0000] {subprocess.py:63} INFO - Tmp dir root location: /tmp
[2026-08-12T21:56:23.752+0000] {subprocess.py:75} INFO - Running command: ['/usr/bin/bash', '-c', 'python3 /opt/***/dags/scripts/silver_customers.py']
[2026-08-12T21:56:23.778+0000] {subprocess.py:86} INFO - Output:
[2026-08-12T21:56:27.164+0000] {subprocess.py:93} INFO - /home/***/.local/lib/python3.12/site-packages/pyspark/bin/load-spark-env.sh: line 68: ps: command not found
[2026-08-12T21:56:38.270+0000] {subprocess.py:93} INFO - Setting default log level to "WARN".
[2026-08-12T21:56:38.285+0000] {subprocess.py:93} INFO - To adjust logging level use sc.setLogLevel(newLevel). For SparkR, use setLogLevel(newLevel).
[2026-08-12T21:56:40.425+0000] {subprocess.py:93} INFO - 26/08/12 21:56:40 WARN NativeCodeLoader: Unable to load native-hadoop library for your platform... using builtin-java classes where applicable
[2026-08-12T21:56:43.724+0000] {local_task_job_runner.py:341} WARNING - State of this instance has been externally set to restarting. Terminating instance.
[2026-08-12T21:56:43.742+0000] {local_task_job_runner.py:240} INFO - ::endgroup::
[2026-08-12T21:56:43.827+0000] {process_utils.py:132} INFO - Sending 15 to group 2512. PIDs of all processes in the group: [2568, 2618, 2512]
[2026-08-12T21:56:43.846+0000] {process_utils.py:87} INFO - Sending the signal 15 to group 2512
[2026-08-12T21:56:43.855+0000] {taskinstance.py:3083} ERROR - Received SIGTERM. Terminating subprocesses.
[2026-08-12T21:56:43.870+0000] {subprocess.py:104} INFO - Sending SIGTERM signal to process group
[2026-08-12T21:56:44.089+0000] {taskinstance.py:3301} ERROR - Task failed with exception
Traceback (most recent call last):
  File "/home/airflow/.local/lib/python3.12/site-packages/airflow/models/taskinstance.py", line 767, in _execute_task
    result = _execute_callable(context=context, **execute_callable_kwargs)
             ^^^^^^^^^^^^^^^^^^^^^^^^^^^^^^^^^^^^^^^^^^^^^^^^^^^^^^^^^^^^^
  File "/home/airflow/.local/lib/python3.12/site-packages/airflow/models/taskinstance.py", line 733, in _execute_callable
    return ExecutionCallableRunner(
           ^^^^^^^^^^^^^^^^^^^^^^^^
  File "/home/airflow/.local/lib/python3.12/site-packages/airflow/utils/operator_helpers.py", line 252, in run
    return self.func(*args, **kwargs)
           ^^^^^^^^^^^^^^^^^^^^^^^^^^
  File "/home/airflow/.local/lib/python3.12/site-packages/airflow/models/baseoperator.py", line 406, in wrapper
    return func(self, *args, **kwargs)
           ^^^^^^^^^^^^^^^^^^^^^^^^^^^
  File "/home/airflow/.local/lib/python3.12/site-packages/airflow/operators/bash.py", line 240, in execute
    result = self.subprocess_hook.run_command(
             ^^^^^^^^^^^^^^^^^^^^^^^^^^^^^^^^^
  File "/home/airflow/.local/lib/python3.12/site-packages/airflow/hooks/subprocess.py", line 91, in run_command
    for raw_line in iter(self.sub_process.stdout.readline, b""):
                    ^^^^^^^^^^^^^^^^^^^^^^^^^^^^^^^^^^^^^^^^^^^
  File "/home/airflow/.local/lib/python3.12/site-packages/airflow/models/taskinstance.py", line 3085, in signal_handler
    raise AirflowTaskTerminated("Task received SIGTERM signal")
airflow.exceptions.AirflowTaskTerminated: Task received SIGTERM signal
[2026-08-12T21:56:44.170+0000] {taskinstance.py:1225} INFO - Marking task as UP_FOR_RETRY. dag_id=pipeline_lakehouse_medallion, task_id=silver_customers, run_id=manual__2026-08-12T21:49:53.060930+00:00, execution_date=20260812T214953, start_date=20260812T215622, end_date=20260812T215644
[2026-08-12T21:56:44.308+0000] {taskinstance.py:340} INFO - ::group::Post task execution logs
[2026-08-12T21:56:44.385+0000] {process_utils.py:80} INFO - Process psutil.Process(pid=2512, status='terminated', exitcode=2, started='21:56:22') (2512) terminated with exit code 2
[2026-08-12T21:56:44.634+0000] {process_utils.py:80} INFO - Process psutil.Process(pid=2618, status='terminated', started='21:56:26') (2618) terminated with exit code None
[2026-08-12T21:56:44.647+0000] {process_utils.py:80} INFO - Process psutil.Process(pid=2568, status='terminated', started='21:56:23') (2568) terminated with exit code None
