[2026-08-12T22:33:36.337+0000] {local_task_job_runner.py:123} INFO - ::group::Pre task execution logs
[2026-08-12T22:33:36.461+0000] {taskinstance.py:2603} INFO - Dependencies all met for dep_context=non-requeueable deps ti=<TaskInstance: pipeline_lakehouse_medallion.silver_customers manual__2026-08-12T22:32:34.194502+00:00 [queued]>
[2026-08-12T22:33:36.526+0000] {taskinstance.py:2603} INFO - Dependencies all met for dep_context=requeueable deps ti=<TaskInstance: pipeline_lakehouse_medallion.silver_customers manual__2026-08-12T22:32:34.194502+00:00 [queued]>
[2026-08-12T22:33:36.530+0000] {taskinstance.py:2856} INFO - Starting attempt 1 of 1
[2026-08-12T22:33:36.599+0000] {taskinstance.py:2879} INFO - Executing <Task(BashOperator): silver_customers> on 2026-08-12 22:32:34.194502+00:00
[2026-08-12T22:33:36.620+0000] {warnings.py:112} WARNING - /home/***/.local/lib/python3.12/site-packages/***/task/task_runner/standard_task_runner.py:70: DeprecationWarning: This process (pid=2399) is multi-threaded, use of fork() may lead to deadlocks in the child.
  pid = os.fork()

[2026-08-12T22:33:36.627+0000] {standard_task_runner.py:72} INFO - Started process 2401 to run task
[2026-08-12T22:33:36.628+0000] {standard_task_runner.py:104} INFO - Running: ['***', 'tasks', 'run', 'pipeline_lakehouse_medallion', 'silver_customers', 'manual__2026-08-12T22:32:34.194502+00:00', '--job-id', '12', '--raw', '--subdir', 'DAGS_FOLDER/dag_lakehouse_pipeline.py', '--cfg-path', '/tmp/tmprd77laua']
[2026-08-12T22:33:36.635+0000] {standard_task_runner.py:105} INFO - Job 12: Subtask silver_customers
[2026-08-12T22:33:36.959+0000] {task_command.py:467} INFO - Running <TaskInstance: pipeline_lakehouse_medallion.silver_customers manual__2026-08-12T22:32:34.194502+00:00 [running]> on host 9a4e9c967140
[2026-08-12T22:33:37.469+0000] {taskinstance.py:3122} INFO - Exporting env vars: AIRFLOW_CTX_DAG_OWNER='engenharia_dados' AIRFLOW_CTX_DAG_ID='pipeline_lakehouse_medallion' AIRFLOW_CTX_TASK_ID='silver_customers' AIRFLOW_CTX_EXECUTION_DATE='2026-08-12T22:32:34.194502+00:00' AIRFLOW_CTX_TRY_NUMBER='1' AIRFLOW_CTX_DAG_RUN_ID='manual__2026-08-12T22:32:34.194502+00:00'
[2026-08-12T22:33:37.480+0000] {taskinstance.py:731} INFO - ::endgroup::
[2026-08-12T22:33:37.622+0000] {subprocess.py:63} INFO - Tmp dir root location: /tmp
[2026-08-12T22:33:37.628+0000] {subprocess.py:75} INFO - Running command: ['/usr/bin/bash', '-c', 'python3 /opt/***/dags/scripts/silver_customers.py']
[2026-08-12T22:33:37.682+0000] {subprocess.py:86} INFO - Output:
[2026-08-12T22:33:41.272+0000] {subprocess.py:93} INFO - /home/***/.local/lib/python3.12/site-packages/pyspark/bin/load-spark-env.sh: line 68: ps: command not found
[2026-08-12T22:33:48.539+0000] {subprocess.py:93} INFO - Setting default log level to "WARN".
[2026-08-12T22:33:48.542+0000] {subprocess.py:93} INFO - To adjust logging level use sc.setLogLevel(newLevel). For SparkR, use setLogLevel(newLevel).
[2026-08-12T22:33:49.196+0000] {subprocess.py:93} INFO - 26/08/12 22:33:49 WARN NativeCodeLoader: Unable to load native-hadoop library for your platform... using builtin-java classes where applicable
[2026-08-12T22:34:19.254+0000] {subprocess.py:93} INFO - [Stage 0:>                                                          (0 + 0) / 1][Stage 0:>                                                          (0 + 1) / 1]                                                                                [Stage 1:>                                                          (0 + 1) / 1]
[2026-08-12T22:34:19.259+0000] {subprocess.py:97} INFO - Command exited with return code 0
[2026-08-12T22:34:19.487+0000] {taskinstance.py:340} INFO - ::group::Post task execution logs
[2026-08-12T22:34:19.493+0000] {taskinstance.py:352} INFO - Marking task as SUCCESS. dag_id=pipeline_lakehouse_medallion, task_id=silver_customers, run_id=manual__2026-08-12T22:32:34.194502+00:00, execution_date=20260812T223234, start_date=20260812T223336, end_date=20260812T223419
[2026-08-12T22:34:19.647+0000] {local_task_job_runner.py:261} INFO - Task exited with return code 0
[2026-08-12T22:34:19.857+0000] {taskinstance.py:3891} INFO - 0 downstream tasks scheduled from follow-on schedule check
[2026-08-12T22:34:19.881+0000] {local_task_job_runner.py:240} INFO - ::endgroup::
