[2026-08-12T22:44:39.518+0000] {local_task_job_runner.py:123} INFO - ::group::Pre task execution logs
[2026-08-12T22:44:39.542+0000] {taskinstance.py:2603} INFO - Dependencies all met for dep_context=non-requeueable deps ti=<TaskInstance: pipeline_lakehouse_medallion.gold_sales_summary manual_retry_1786574548 [queued]>
[2026-08-12T22:44:39.552+0000] {taskinstance.py:2603} INFO - Dependencies all met for dep_context=requeueable deps ti=<TaskInstance: pipeline_lakehouse_medallion.gold_sales_summary manual_retry_1786574548 [queued]>
[2026-08-12T22:44:39.554+0000] {taskinstance.py:2856} INFO - Starting attempt 1 of 1
[2026-08-12T22:44:39.571+0000] {taskinstance.py:2879} INFO - Executing <Task(BashOperator): gold_sales_summary> on 2026-08-12 22:42:35+00:00
[2026-08-12T22:44:39.577+0000] {warnings.py:112} WARNING - /home/***/.local/lib/python3.12/site-packages/***/task/task_runner/standard_task_runner.py:70: DeprecationWarning: This process (pid=5017) is multi-threaded, use of fork() may lead to deadlocks in the child.
  pid = os.fork()

[2026-08-12T22:44:39.579+0000] {standard_task_runner.py:72} INFO - Started process 5019 to run task
[2026-08-12T22:44:39.579+0000] {standard_task_runner.py:104} INFO - Running: ['***', 'tasks', 'run', 'pipeline_lakehouse_medallion', 'gold_sales_summary', 'manual_retry_1786574548', '--job-id', '24', '--raw', '--subdir', 'DAGS_FOLDER/dag_lakehouse_pipeline.py', '--cfg-path', '/tmp/tmpo29til6m']
[2026-08-12T22:44:39.581+0000] {standard_task_runner.py:105} INFO - Job 24: Subtask gold_sales_summary
[2026-08-12T22:44:39.670+0000] {task_command.py:467} INFO - Running <TaskInstance: pipeline_lakehouse_medallion.gold_sales_summary manual_retry_1786574548 [running]> on host 9a4e9c967140
[2026-08-12T22:44:39.787+0000] {taskinstance.py:3122} INFO - Exporting env vars: AIRFLOW_CTX_DAG_OWNER='engenharia_dados' AIRFLOW_CTX_DAG_ID='pipeline_lakehouse_medallion' AIRFLOW_CTX_TASK_ID='gold_sales_summary' AIRFLOW_CTX_EXECUTION_DATE='2026-08-12T22:42:35+00:00' AIRFLOW_CTX_TRY_NUMBER='1' AIRFLOW_CTX_DAG_RUN_ID='manual_retry_1786574548'
[2026-08-12T22:44:39.789+0000] {taskinstance.py:731} INFO - ::endgroup::
[2026-08-12T22:44:39.809+0000] {subprocess.py:63} INFO - Tmp dir root location: /tmp
[2026-08-12T22:44:39.813+0000] {subprocess.py:75} INFO - Running command: ['/usr/bin/bash', '-c', 'python3 /opt/***/dags/scripts/gold_sales_summary.py']
[2026-08-12T22:44:39.840+0000] {subprocess.py:86} INFO - Output:
[2026-08-12T22:44:41.125+0000] {subprocess.py:93} INFO - /home/***/.local/lib/python3.12/site-packages/pyspark/bin/load-spark-env.sh: line 68: ps: command not found
[2026-08-12T22:44:45.853+0000] {subprocess.py:93} INFO - Setting default log level to "WARN".
[2026-08-12T22:44:45.856+0000] {subprocess.py:93} INFO - To adjust logging level use sc.setLogLevel(newLevel). For SparkR, use setLogLevel(newLevel).
[2026-08-12T22:44:46.352+0000] {subprocess.py:93} INFO - 26/08/12 22:44:46 WARN NativeCodeLoader: Unable to load native-hadoop library for your platform... using builtin-java classes where applicable
[2026-08-12T22:45:12.560+0000] {subprocess.py:93} INFO - [Stage 0:>                                                          (0 + 1) / 1]                                                                                [Stage 3:>                  (0 + 7) / 7][Stage 4:>                  (0 + 1) / 1]                                                                                [Stage 5:>                                                          (0 + 2) / 2][Stage 5:=============================>                             (1 + 1) / 2][Stage 7:>                                                          (0 + 1) / 1][Stage 10:>                                                         (0 + 1) / 1]
[2026-08-12T22:45:12.562+0000] {subprocess.py:97} INFO - Command exited with return code 0
[2026-08-12T22:45:12.629+0000] {taskinstance.py:340} INFO - ::group::Post task execution logs
[2026-08-12T22:45:12.631+0000] {taskinstance.py:352} INFO - Marking task as SUCCESS. dag_id=pipeline_lakehouse_medallion, task_id=gold_sales_summary, run_id=manual_retry_1786574548, execution_date=20260812T224235, start_date=20260812T224439, end_date=20260812T224512
[2026-08-12T22:45:12.688+0000] {local_task_job_runner.py:261} INFO - Task exited with return code 0
[2026-08-12T22:45:12.719+0000] {taskinstance.py:3891} INFO - 0 downstream tasks scheduled from follow-on schedule check
[2026-08-12T22:45:12.725+0000] {local_task_job_runner.py:240} INFO - ::endgroup::
