[2026-08-12T22:29:31.309+0000] {local_task_job_runner.py:123} INFO - ::group::Pre task execution logs
[2026-08-12T22:29:31.385+0000] {taskinstance.py:2603} INFO - Dependencies all met for dep_context=non-requeueable deps ti=<TaskInstance: pipeline_lakehouse_medallion.bronze_customers manual__restore_1786573763 [queued]>
[2026-08-12T22:29:31.414+0000] {taskinstance.py:2603} INFO - Dependencies all met for dep_context=requeueable deps ti=<TaskInstance: pipeline_lakehouse_medallion.bronze_customers manual__restore_1786573763 [queued]>
[2026-08-12T22:29:31.416+0000] {taskinstance.py:2856} INFO - Starting attempt 1 of 1
[2026-08-12T22:29:31.463+0000] {taskinstance.py:2879} INFO - Executing <Task(BashOperator): bronze_customers> on 2026-08-12 22:29:28+00:00
[2026-08-12T22:29:31.481+0000] {warnings.py:112} WARNING - /home/***/.local/lib/python3.12/site-packages/***/task/task_runner/standard_task_runner.py:70: DeprecationWarning: This process (pid=88) is multi-threaded, use of fork() may lead to deadlocks in the child.
  pid = os.fork()

[2026-08-12T22:29:31.492+0000] {standard_task_runner.py:72} INFO - Started process 91 to run task
[2026-08-12T22:29:31.496+0000] {standard_task_runner.py:104} INFO - Running: ['***', 'tasks', 'run', 'pipeline_lakehouse_medallion', 'bronze_customers', 'manual__restore_1786573763', '--job-id', '2', '--raw', '--subdir', 'DAGS_FOLDER/dag_lakehouse_pipeline.py', '--cfg-path', '/tmp/tmpgz1w6yci']
[2026-08-12T22:29:31.503+0000] {standard_task_runner.py:105} INFO - Job 2: Subtask bronze_customers
[2026-08-12T22:29:31.715+0000] {task_command.py:467} INFO - Running <TaskInstance: pipeline_lakehouse_medallion.bronze_customers manual__restore_1786573763 [running]> on host 9a4e9c967140
[2026-08-12T22:29:31.995+0000] {taskinstance.py:3122} INFO - Exporting env vars: AIRFLOW_CTX_DAG_OWNER='engenharia_dados' AIRFLOW_CTX_DAG_ID='pipeline_lakehouse_medallion' AIRFLOW_CTX_TASK_ID='bronze_customers' AIRFLOW_CTX_EXECUTION_DATE='2026-08-12T22:29:28+00:00' AIRFLOW_CTX_TRY_NUMBER='1' AIRFLOW_CTX_DAG_RUN_ID='manual__restore_1786573763'
[2026-08-12T22:29:32.000+0000] {taskinstance.py:731} INFO - ::endgroup::
[2026-08-12T22:29:32.115+0000] {subprocess.py:63} INFO - Tmp dir root location: /tmp
[2026-08-12T22:29:32.119+0000] {subprocess.py:75} INFO - Running command: ['/usr/bin/bash', '-c', 'python3 /opt/***/dags/scripts/bronze_customers.py']
[2026-08-12T22:29:32.143+0000] {subprocess.py:86} INFO - Output:
[2026-08-12T22:29:34.322+0000] {subprocess.py:93} INFO - /home/***/.local/lib/python3.12/site-packages/pyspark/bin/load-spark-env.sh: line 68: ps: command not found
[2026-08-12T22:29:47.512+0000] {subprocess.py:93} INFO - Setting default log level to "WARN".
[2026-08-12T22:29:47.519+0000] {subprocess.py:93} INFO - To adjust logging level use sc.setLogLevel(newLevel). For SparkR, use setLogLevel(newLevel).
[2026-08-12T22:29:49.455+0000] {subprocess.py:93} INFO - 26/08/12 22:29:49 WARN NativeCodeLoader: Unable to load native-hadoop library for your platform... using builtin-java classes where applicable
[2026-08-12T22:29:55.191+0000] {subprocess.py:93} INFO - 26/08/12 22:29:55 WARN Utils: Service 'SparkUI' could not bind on port 4040. Attempting port 4041.
[2026-08-12T22:30:46.024+0000] {subprocess.py:93} INFO - [Stage 0:>                                                          (0 + 0) / 1][Stage 0:>                                                          (0 + 1) / 1][Stage 0:===========================================================(1 + 0) / 1]                                                                                [Stage 1:>                                                          (0 + 1) / 1]
[2026-08-12T22:30:46.027+0000] {subprocess.py:97} INFO - Command exited with return code 0
[2026-08-12T22:30:46.139+0000] {taskinstance.py:340} INFO - ::group::Post task execution logs
[2026-08-12T22:30:46.142+0000] {taskinstance.py:352} INFO - Marking task as SUCCESS. dag_id=pipeline_lakehouse_medallion, task_id=bronze_customers, run_id=manual__restore_1786573763, execution_date=20260812T222928, start_date=20260812T222931, end_date=20260812T223046
[2026-08-12T22:30:46.230+0000] {local_task_job_runner.py:261} INFO - Task exited with return code 0
[2026-08-12T22:30:46.351+0000] {taskinstance.py:3891} INFO - 1 downstream tasks scheduled from follow-on schedule check
[2026-08-12T22:30:46.357+0000] {local_task_job_runner.py:240} INFO - ::endgroup::
