[2026-08-12T22:43:47.094+0000] {local_task_job_runner.py:123} INFO - ::group::Pre task execution logs
[2026-08-12T22:43:47.204+0000] {taskinstance.py:2603} INFO - Dependencies all met for dep_context=non-requeueable deps ti=<TaskInstance: pipeline_lakehouse_medallion.silver_order_items manual_retry_1786574548 [queued]>
[2026-08-12T22:43:47.261+0000] {taskinstance.py:2603} INFO - Dependencies all met for dep_context=requeueable deps ti=<TaskInstance: pipeline_lakehouse_medallion.silver_order_items manual_retry_1786574548 [queued]>
[2026-08-12T22:43:47.263+0000] {taskinstance.py:2856} INFO - Starting attempt 1 of 1
[2026-08-12T22:43:47.352+0000] {taskinstance.py:2879} INFO - Executing <Task(BashOperator): silver_order_items> on 2026-08-12 22:42:35+00:00
[2026-08-12T22:43:47.375+0000] {warnings.py:112} WARNING - /home/***/.local/lib/python3.12/site-packages/***/task/task_runner/standard_task_runner.py:70: DeprecationWarning: This process (pid=4288) is multi-threaded, use of fork() may lead to deadlocks in the child.
  pid = os.fork()

[2026-08-12T22:43:47.387+0000] {standard_task_runner.py:72} INFO - Started process 4350 to run task
[2026-08-12T22:43:47.389+0000] {standard_task_runner.py:104} INFO - Running: ['***', 'tasks', 'run', 'pipeline_lakehouse_medallion', 'silver_order_items', 'manual_retry_1786574548', '--job-id', '23', '--raw', '--subdir', 'DAGS_FOLDER/dag_lakehouse_pipeline.py', '--cfg-path', '/tmp/tmpm3bwh7yf']
[2026-08-12T22:43:47.396+0000] {standard_task_runner.py:105} INFO - Job 23: Subtask silver_order_items
[2026-08-12T22:43:47.784+0000] {task_command.py:467} INFO - Running <TaskInstance: pipeline_lakehouse_medallion.silver_order_items manual_retry_1786574548 [running]> on host 9a4e9c967140
[2026-08-12T22:43:48.815+0000] {taskinstance.py:3122} INFO - Exporting env vars: AIRFLOW_CTX_DAG_OWNER='engenharia_dados' AIRFLOW_CTX_DAG_ID='pipeline_lakehouse_medallion' AIRFLOW_CTX_TASK_ID='silver_order_items' AIRFLOW_CTX_EXECUTION_DATE='2026-08-12T22:42:35+00:00' AIRFLOW_CTX_TRY_NUMBER='1' AIRFLOW_CTX_DAG_RUN_ID='manual_retry_1786574548'
[2026-08-12T22:43:48.822+0000] {taskinstance.py:731} INFO - ::endgroup::
[2026-08-12T22:43:48.953+0000] {subprocess.py:63} INFO - Tmp dir root location: /tmp
[2026-08-12T22:43:48.962+0000] {subprocess.py:75} INFO - Running command: ['/usr/bin/bash', '-c', 'python3 /opt/***/dags/scripts/silver_order_items.py']
[2026-08-12T22:43:49.062+0000] {subprocess.py:86} INFO - Output:
[2026-08-12T22:43:54.242+0000] {subprocess.py:93} INFO - /home/***/.local/lib/python3.12/site-packages/pyspark/bin/load-spark-env.sh: line 68: ps: command not found
[2026-08-12T22:44:04.349+0000] {subprocess.py:93} INFO - Setting default log level to "WARN".
[2026-08-12T22:44:04.352+0000] {subprocess.py:93} INFO - To adjust logging level use sc.setLogLevel(newLevel). For SparkR, use setLogLevel(newLevel).
[2026-08-12T22:44:05.069+0000] {subprocess.py:93} INFO - 26/08/12 22:44:05 WARN NativeCodeLoader: Unable to load native-hadoop library for your platform... using builtin-java classes where applicable
[2026-08-12T22:44:10.228+0000] {subprocess.py:93} INFO - 26/08/12 22:44:10 WARN Utils: Service 'SparkUI' could not bind on port 4040. Attempting port 4041.
[2026-08-12T22:44:10.241+0000] {subprocess.py:93} INFO - 26/08/12 22:44:10 WARN Utils: Service 'SparkUI' could not bind on port 4041. Attempting port 4042.
[2026-08-12T22:44:38.595+0000] {subprocess.py:93} INFO - [Stage 0:>                                                          (0 + 0) / 1][Stage 0:>                                                          (0 + 1) / 1][Stage 0:===========================================================(1 + 0) / 1]                                                                                [Stage 1:>                                                          (0 + 7) / 7]
[2026-08-12T22:44:38.597+0000] {subprocess.py:97} INFO - Command exited with return code 0
[2026-08-12T22:44:38.651+0000] {taskinstance.py:340} INFO - ::group::Post task execution logs
[2026-08-12T22:44:38.652+0000] {taskinstance.py:352} INFO - Marking task as SUCCESS. dag_id=pipeline_lakehouse_medallion, task_id=silver_order_items, run_id=manual_retry_1786574548, execution_date=20260812T224235, start_date=20260812T224347, end_date=20260812T224438
[2026-08-12T22:44:38.711+0000] {local_task_job_runner.py:261} INFO - Task exited with return code 0
[2026-08-12T22:44:38.736+0000] {taskinstance.py:3891} INFO - 1 downstream tasks scheduled from follow-on schedule check
[2026-08-12T22:44:38.755+0000] {local_task_job_runner.py:240} INFO - ::endgroup::
