[2026-08-12T22:29:31.307+0000] {local_task_job_runner.py:123} INFO - ::group::Pre task execution logs
[2026-08-12T22:29:31.384+0000] {taskinstance.py:2603} INFO - Dependencies all met for dep_context=non-requeueable deps ti=<TaskInstance: pipeline_lakehouse_medallion.bronze_order_items manual__restore_1786573763 [queued]>
[2026-08-12T22:29:31.414+0000] {taskinstance.py:2603} INFO - Dependencies all met for dep_context=requeueable deps ti=<TaskInstance: pipeline_lakehouse_medallion.bronze_order_items manual__restore_1786573763 [queued]>
[2026-08-12T22:29:31.416+0000] {taskinstance.py:2856} INFO - Starting attempt 1 of 1
[2026-08-12T22:29:31.465+0000] {taskinstance.py:2879} INFO - Executing <Task(BashOperator): bronze_order_items> on 2026-08-12 22:29:28+00:00
[2026-08-12T22:29:31.492+0000] {warnings.py:112} WARNING - /home/***/.local/lib/python3.12/site-packages/***/task/task_runner/standard_task_runner.py:70: DeprecationWarning: This process (pid=89) is multi-threaded, use of fork() may lead to deadlocks in the child.
  pid = os.fork()

[2026-08-12T22:29:31.502+0000] {standard_task_runner.py:104} INFO - Running: ['***', 'tasks', 'run', 'pipeline_lakehouse_medallion', 'bronze_order_items', 'manual__restore_1786573763', '--job-id', '3', '--raw', '--subdir', 'DAGS_FOLDER/dag_lakehouse_pipeline.py', '--cfg-path', '/tmp/tmpmo785wt7']
[2026-08-12T22:29:31.506+0000] {standard_task_runner.py:72} INFO - Started process 92 to run task
[2026-08-12T22:29:31.508+0000] {standard_task_runner.py:105} INFO - Job 3: Subtask bronze_order_items
[2026-08-12T22:29:31.698+0000] {task_command.py:467} INFO - Running <TaskInstance: pipeline_lakehouse_medallion.bronze_order_items manual__restore_1786573763 [running]> on host 9a4e9c967140
[2026-08-12T22:29:31.984+0000] {taskinstance.py:3122} INFO - Exporting env vars: AIRFLOW_CTX_DAG_OWNER='engenharia_dados' AIRFLOW_CTX_DAG_ID='pipeline_lakehouse_medallion' AIRFLOW_CTX_TASK_ID='bronze_order_items' AIRFLOW_CTX_EXECUTION_DATE='2026-08-12T22:29:28+00:00' AIRFLOW_CTX_TRY_NUMBER='1' AIRFLOW_CTX_DAG_RUN_ID='manual__restore_1786573763'
[2026-08-12T22:29:31.988+0000] {taskinstance.py:731} INFO - ::endgroup::
[2026-08-12T22:29:32.114+0000] {subprocess.py:63} INFO - Tmp dir root location: /tmp
[2026-08-12T22:29:32.118+0000] {subprocess.py:75} INFO - Running command: ['/usr/bin/bash', '-c', 'python3 /opt/***/dags/scripts/bronze_order_items.py']
[2026-08-12T22:29:32.149+0000] {subprocess.py:86} INFO - Output:
[2026-08-12T22:29:34.359+0000] {subprocess.py:93} INFO - /home/***/.local/lib/python3.12/site-packages/pyspark/bin/load-spark-env.sh: line 68: ps: command not found
[2026-08-12T22:29:47.507+0000] {subprocess.py:93} INFO - Setting default log level to "WARN".
[2026-08-12T22:29:47.522+0000] {subprocess.py:93} INFO - To adjust logging level use sc.setLogLevel(newLevel). For SparkR, use setLogLevel(newLevel).
[2026-08-12T22:29:49.534+0000] {subprocess.py:93} INFO - 26/08/12 22:29:49 WARN NativeCodeLoader: Unable to load native-hadoop library for your platform... using builtin-java classes where applicable
[2026-08-12T22:29:55.202+0000] {subprocess.py:93} INFO - 26/08/12 22:29:55 WARN Utils: Service 'SparkUI' could not bind on port 4040. Attempting port 4041.
[2026-08-12T22:29:55.205+0000] {subprocess.py:93} INFO - 26/08/12 22:29:55 WARN Utils: Service 'SparkUI' could not bind on port 4041. Attempting port 4042.
[2026-08-12T22:30:48.505+0000] {subprocess.py:93} INFO - [Stage 0:>                                                          (0 + 0) / 7][Stage 0:>                                                          (0 + 7) / 7]                                                                                [Stage 1:>                                                          (0 + 7) / 7][Stage 1:=================================>                         (4 + 3) / 7]
[2026-08-12T22:30:48.509+0000] {subprocess.py:97} INFO - Command exited with return code 0
[2026-08-12T22:30:48.644+0000] {taskinstance.py:340} INFO - ::group::Post task execution logs
[2026-08-12T22:30:48.651+0000] {taskinstance.py:352} INFO - Marking task as SUCCESS. dag_id=pipeline_lakehouse_medallion, task_id=bronze_order_items, run_id=manual__restore_1786573763, execution_date=20260812T222928, start_date=20260812T222931, end_date=20260812T223048
[2026-08-12T22:30:48.780+0000] {local_task_job_runner.py:261} INFO - Task exited with return code 0
[2026-08-12T22:30:48.909+0000] {taskinstance.py:3891} INFO - 1 downstream tasks scheduled from follow-on schedule check
[2026-08-12T22:30:48.914+0000] {local_task_job_runner.py:240} INFO - ::endgroup::
