[2026-08-12T22:30:53.323+0000] {local_task_job_runner.py:123} INFO - ::group::Pre task execution logs
[2026-08-12T22:30:53.490+0000] {taskinstance.py:2603} INFO - Dependencies all met for dep_context=non-requeueable deps ti=<TaskInstance: pipeline_lakehouse_medallion.silver_order_items manual__restore_1786573763 [queued]>
[2026-08-12T22:30:53.577+0000] {taskinstance.py:2603} INFO - Dependencies all met for dep_context=requeueable deps ti=<TaskInstance: pipeline_lakehouse_medallion.silver_order_items manual__restore_1786573763 [queued]>
[2026-08-12T22:30:53.580+0000] {taskinstance.py:2856} INFO - Starting attempt 1 of 1
[2026-08-12T22:30:53.709+0000] {taskinstance.py:2879} INFO - Executing <Task(BashOperator): silver_order_items> on 2026-08-12 22:29:28+00:00
[2026-08-12T22:30:53.754+0000] {warnings.py:112} WARNING - /home/***/.local/lib/python3.12/site-packages/***/task/task_runner/standard_task_runner.py:70: DeprecationWarning: This process (pid=770) is multi-threaded, use of fork() may lead to deadlocks in the child.
  pid = os.fork()

[2026-08-12T22:30:53.774+0000] {standard_task_runner.py:104} INFO - Running: ['***', 'tasks', 'run', 'pipeline_lakehouse_medallion', 'silver_order_items', 'manual__restore_1786573763', '--job-id', '7', '--raw', '--subdir', 'DAGS_FOLDER/dag_lakehouse_pipeline.py', '--cfg-path', '/tmp/tmp1g_3wke3']
[2026-08-12T22:30:53.784+0000] {standard_task_runner.py:72} INFO - Started process 888 to run task
[2026-08-12T22:30:53.785+0000] {standard_task_runner.py:105} INFO - Job 7: Subtask silver_order_items
[2026-08-12T22:30:54.489+0000] {task_command.py:467} INFO - Running <TaskInstance: pipeline_lakehouse_medallion.silver_order_items manual__restore_1786573763 [running]> on host 9a4e9c967140
[2026-08-12T22:30:55.136+0000] {taskinstance.py:3122} INFO - Exporting env vars: AIRFLOW_CTX_DAG_OWNER='engenharia_dados' AIRFLOW_CTX_DAG_ID='pipeline_lakehouse_medallion' AIRFLOW_CTX_TASK_ID='silver_order_items' AIRFLOW_CTX_EXECUTION_DATE='2026-08-12T22:29:28+00:00' AIRFLOW_CTX_TRY_NUMBER='1' AIRFLOW_CTX_DAG_RUN_ID='manual__restore_1786573763'
[2026-08-12T22:30:55.143+0000] {taskinstance.py:731} INFO - ::endgroup::
[2026-08-12T22:30:55.309+0000] {subprocess.py:63} INFO - Tmp dir root location: /tmp
[2026-08-12T22:30:55.332+0000] {subprocess.py:75} INFO - Running command: ['/usr/bin/bash', '-c', 'python3 /opt/***/dags/scripts/silver_order_items.py']
[2026-08-12T22:30:55.432+0000] {subprocess.py:86} INFO - Output:
[2026-08-12T22:30:58.751+0000] {subprocess.py:93} INFO - /home/***/.local/lib/python3.12/site-packages/pyspark/bin/load-spark-env.sh: line 68: ps: command not found
[2026-08-12T22:31:07.687+0000] {subprocess.py:93} INFO - Setting default log level to "WARN".
[2026-08-12T22:31:07.696+0000] {subprocess.py:93} INFO - To adjust logging level use sc.setLogLevel(newLevel). For SparkR, use setLogLevel(newLevel).
[2026-08-12T22:31:08.853+0000] {subprocess.py:93} INFO - 26/08/12 22:31:08 WARN NativeCodeLoader: Unable to load native-hadoop library for your platform... using builtin-java classes where applicable
[2026-08-12T22:31:12.822+0000] {subprocess.py:93} INFO - 26/08/12 22:31:12 WARN Utils: Service 'SparkUI' could not bind on port 4040. Attempting port 4041.
[2026-08-12T22:31:12.830+0000] {subprocess.py:93} INFO - 26/08/12 22:31:12 WARN Utils: Service 'SparkUI' could not bind on port 4041. Attempting port 4042.
[2026-08-12T22:31:44.726+0000] {subprocess.py:93} INFO - [Stage 0:>                                                          (0 + 0) / 1][Stage 0:>                                                          (0 + 1) / 1][Stage 0:===========================================================(1 + 0) / 1]                                                                                [Stage 1:>                                                          (0 + 7) / 7]
[2026-08-12T22:31:44.729+0000] {subprocess.py:97} INFO - Command exited with return code 0
[2026-08-12T22:31:44.835+0000] {taskinstance.py:340} INFO - ::group::Post task execution logs
[2026-08-12T22:31:44.837+0000] {taskinstance.py:352} INFO - Marking task as SUCCESS. dag_id=pipeline_lakehouse_medallion, task_id=silver_order_items, run_id=manual__restore_1786573763, execution_date=20260812T222928, start_date=20260812T223053, end_date=20260812T223144
[2026-08-12T22:31:44.928+0000] {local_task_job_runner.py:261} INFO - Task exited with return code 0
[2026-08-12T22:31:44.999+0000] {taskinstance.py:3891} INFO - 1 downstream tasks scheduled from follow-on schedule check
[2026-08-12T22:31:45.005+0000] {local_task_job_runner.py:240} INFO - ::endgroup::
