[2026-08-12T20:21:19.207+0000] {local_task_job_runner.py:123} INFO - ::group::Pre task execution logs
[2026-08-12T20:21:19.444+0000] {taskinstance.py:2603} INFO - Dependencies all met for dep_context=non-requeueable deps ti=<TaskInstance: pipeline_lakehouse_medallion.bronze_order_items manual__2026-08-12T20:20:54.952834+00:00 [queued]>
[2026-08-12T20:21:19.563+0000] {taskinstance.py:2603} INFO - Dependencies all met for dep_context=requeueable deps ti=<TaskInstance: pipeline_lakehouse_medallion.bronze_order_items manual__2026-08-12T20:20:54.952834+00:00 [queued]>
[2026-08-12T20:21:19.572+0000] {taskinstance.py:2856} INFO - Starting attempt 1 of 1
[2026-08-12T20:21:19.831+0000] {taskinstance.py:2879} INFO - Executing <Task(BashOperator): bronze_order_items> on 2026-08-12 20:20:54.952834+00:00
[2026-08-12T20:21:19.945+0000] {standard_task_runner.py:104} INFO - Running: ['***', 'tasks', 'run', 'pipeline_lakehouse_medallion', 'bronze_order_items', 'manual__2026-08-12T20:20:54.952834+00:00', '--job-id', '20', '--raw', '--subdir', 'DAGS_FOLDER/dag_lakehouse_pipeline.py', '--cfg-path', '/tmp/tmp3409ylu3']
[2026-08-12T20:21:19.993+0000] {standard_task_runner.py:105} INFO - Job 20: Subtask bronze_order_items
[2026-08-12T20:21:19.972+0000] {warnings.py:112} WARNING - /home/***/.local/lib/python3.12/site-packages/***/task/task_runner/standard_task_runner.py:70: DeprecationWarning: This process (pid=3153) is multi-threaded, use of fork() may lead to deadlocks in the child.
  pid = os.fork()

[2026-08-12T20:21:20.129+0000] {standard_task_runner.py:72} INFO - Started process 3301 to run task
[2026-08-12T20:21:20.435+0000] {local_task_job_runner.py:123} INFO - ::group::Pre task execution logs
[2026-08-12T20:21:20.746+0000] {taskinstance.py:2593} INFO - Dependencies not met for <TaskInstance: pipeline_lakehouse_medallion.bronze_order_items manual__2026-08-12T20:20:54.952834+00:00 [running]>, dependency 'Task Instance Not Running' FAILED: Task is in the running state
[2026-08-12T20:21:20.779+0000] {taskinstance.py:2593} INFO - Dependencies not met for <TaskInstance: pipeline_lakehouse_medallion.bronze_order_items manual__2026-08-12T20:20:54.952834+00:00 [running]>, dependency 'Task Instance State' FAILED: Task is in the 'running' state.
[2026-08-12T20:21:20.942+0000] {local_task_job_runner.py:166} INFO - Task is not able to be run
[2026-08-12T20:21:21.200+0000] {task_command.py:467} INFO - Running <TaskInstance: pipeline_lakehouse_medallion.bronze_order_items manual__2026-08-12T20:20:54.952834+00:00 [running]> on host 4099a95615c9
[2026-08-12T20:21:22.238+0000] {taskinstance.py:3122} INFO - Exporting env vars: AIRFLOW_CTX_DAG_OWNER='engenharia_dados' AIRFLOW_CTX_DAG_ID='pipeline_lakehouse_medallion' AIRFLOW_CTX_TASK_ID='bronze_order_items' AIRFLOW_CTX_EXECUTION_DATE='2026-08-12T20:20:54.952834+00:00' AIRFLOW_CTX_TRY_NUMBER='1' AIRFLOW_CTX_DAG_RUN_ID='manual__2026-08-12T20:20:54.952834+00:00'
[2026-08-12T20:21:22.272+0000] {taskinstance.py:731} INFO - ::endgroup::
[2026-08-12T20:21:22.497+0000] {subprocess.py:63} INFO - Tmp dir root location: /tmp
[2026-08-12T20:21:22.534+0000] {subprocess.py:75} INFO - Running command: ['/usr/bin/bash', '-c', 'python3 /opt/***/dags/scripts/bronze_order_items.py']
[2026-08-12T20:21:22.597+0000] {subprocess.py:86} INFO - Output:
[2026-08-12T20:21:31.253+0000] {subprocess.py:93} INFO - /home/***/.local/lib/python3.12/site-packages/pyspark/bin/load-spark-env.sh: line 68: ps: command not found
[2026-08-12T20:21:55.289+0000] {subprocess.py:93} INFO - Setting default log level to "WARN".
[2026-08-12T20:21:55.298+0000] {subprocess.py:93} INFO - To adjust logging level use sc.setLogLevel(newLevel). For SparkR, use setLogLevel(newLevel).
[2026-08-12T20:21:57.387+0000] {subprocess.py:93} INFO - 26/08/12 20:21:57 WARN NativeCodeLoader: Unable to load native-hadoop library for your platform... using builtin-java classes where applicable
[2026-08-12T20:22:05.414+0000] {subprocess.py:93} INFO - 26/08/12 20:22:05 WARN Utils: Service 'SparkUI' could not bind on port 4040. Attempting port 4041.
[2026-08-12T20:22:05.422+0000] {subprocess.py:93} INFO - 26/08/12 20:22:05 WARN Utils: Service 'SparkUI' could not bind on port 4041. Attempting port 4042.
[2026-08-12T20:22:05.429+0000] {subprocess.py:93} INFO - 26/08/12 20:22:05 WARN Utils: Service 'SparkUI' could not bind on port 4042. Attempting port 4043.
[2026-08-12T20:22:05.437+0000] {subprocess.py:93} INFO - 26/08/12 20:22:05 WARN Utils: Service 'SparkUI' could not bind on port 4043. Attempting port 4044.
[2026-08-12T20:22:24.914+0000] {subprocess.py:93} INFO - Traceback (most recent call last):
[2026-08-12T20:22:24.932+0000] {subprocess.py:93} INFO -   File "/opt/***/dags/scripts/bronze_order_items.py", line 6, in <module>
[2026-08-12T20:22:24.954+0000] {subprocess.py:93} INFO -     df_order_items = spark.read.json("/opt/***/landing/order_items/*")
[2026-08-12T20:22:24.969+0000] {subprocess.py:93} INFO -                      ^^^^^^^^^^^^^^^^^^^^^^^^^^^^^^^^^^^^^^^^^^^^^^^^^^^^^
[2026-08-12T20:22:24.973+0000] {subprocess.py:93} INFO -   File "/home/***/.local/lib/python3.12/site-packages/pyspark/sql/readwriter.py", line 425, in json
[2026-08-12T20:22:24.978+0000] {subprocess.py:93} INFO -     return self._df(self._jreader.json(self._spark._sc._jvm.PythonUtils.toSeq(path)))
[2026-08-12T20:22:24.983+0000] {subprocess.py:93} INFO -                     ^^^^^^^^^^^^^^^^^^^^^^^^^^^^^^^^^^^^^^^^^^^^^^^^^^^^^^^^^^^^^^^^
[2026-08-12T20:22:24.987+0000] {subprocess.py:93} INFO -   File "/home/***/.local/lib/python3.12/site-packages/py4j/java_gateway.py", line 1322, in __call__
[2026-08-12T20:22:24.993+0000] {subprocess.py:93} INFO -     return_value = get_return_value(
[2026-08-12T20:22:24.997+0000] {subprocess.py:93} INFO -                    ^^^^^^^^^^^^^^^^^
[2026-08-12T20:22:25.006+0000] {subprocess.py:93} INFO -   File "/home/***/.local/lib/python3.12/site-packages/pyspark/errors/exceptions/captured.py", line 185, in deco
[2026-08-12T20:22:25.013+0000] {subprocess.py:93} INFO -     raise converted from None
[2026-08-12T20:22:25.035+0000] {subprocess.py:93} INFO - pyspark.errors.exceptions.captured.AnalysisException: [PATH_NOT_FOUND] Path does not exist: file:/opt/***/landing/order_items/*.
[2026-08-12T20:22:26.614+0000] {subprocess.py:97} INFO - Command exited with return code 1
[2026-08-12T20:22:26.729+0000] {taskinstance.py:3301} ERROR - Task failed with exception
Traceback (most recent call last):
  File "/home/airflow/.local/lib/python3.12/site-packages/airflow/models/taskinstance.py", line 767, in _execute_task
    result = _execute_callable(context=context, **execute_callable_kwargs)
             ^^^^^^^^^^^^^^^^^^^^^^^^^^^^^^^^^^^^^^^^^^^^^^^^^^^^^^^^^^^^^
  File "/home/airflow/.local/lib/python3.12/site-packages/airflow/models/taskinstance.py", line 733, in _execute_callable
    return ExecutionCallableRunner(
           ^^^^^^^^^^^^^^^^^^^^^^^^
  File "/home/airflow/.local/lib/python3.12/site-packages/airflow/utils/operator_helpers.py", line 252, in run
    return self.func(*args, **kwargs)
           ^^^^^^^^^^^^^^^^^^^^^^^^^^
  File "/home/airflow/.local/lib/python3.12/site-packages/airflow/models/baseoperator.py", line 406, in wrapper
    return func(self, *args, **kwargs)
           ^^^^^^^^^^^^^^^^^^^^^^^^^^^
  File "/home/airflow/.local/lib/python3.12/site-packages/airflow/operators/bash.py", line 249, in execute
    raise AirflowException(
airflow.exceptions.AirflowException: Bash command failed. The command returned a non-zero exit code 1.
[2026-08-12T20:22:26.763+0000] {taskinstance.py:1225} INFO - Marking task as FAILED. dag_id=pipeline_lakehouse_medallion, task_id=bronze_order_items, run_id=manual__2026-08-12T20:20:54.952834+00:00, execution_date=20260812T202054, start_date=20260812T202119, end_date=20260812T202226
[2026-08-12T20:22:26.856+0000] {taskinstance.py:340} INFO - ::group::Post task execution logs
[2026-08-12T20:22:26.863+0000] {standard_task_runner.py:124} ERROR - Failed to execute job 20 for task bronze_order_items (Bash command failed. The command returned a non-zero exit code 1.; 3301)
Traceback (most recent call last):
  File "/home/airflow/.local/lib/python3.12/site-packages/airflow/task/task_runner/standard_task_runner.py", line 117, in _start_by_fork
    ret = args.func(args, dag=self.dag)
          ^^^^^^^^^^^^^^^^^^^^^^^^^^^^^
  File "/home/airflow/.local/lib/python3.12/site-packages/airflow/cli/cli_config.py", line 49, in command
    return func(*args, **kwargs)
           ^^^^^^^^^^^^^^^^^^^^^
  File "/home/airflow/.local/lib/python3.12/site-packages/airflow/utils/cli.py", line 115, in wrapper
    return f(*args, **kwargs)
           ^^^^^^^^^^^^^^^^^^
  File "/home/airflow/.local/lib/python3.12/site-packages/airflow/cli/commands/task_command.py", line 483, in task_run
    task_return_code = _run_task_by_selected_method(args, _dag, ti)
                       ^^^^^^^^^^^^^^^^^^^^^^^^^^^^^^^^^^^^^^^^^^^^
  File "/home/airflow/.local/lib/python3.12/site-packages/airflow/cli/commands/task_command.py", line 256, in _run_task_by_selected_method
    return _run_raw_task(args, ti)
           ^^^^^^^^^^^^^^^^^^^^^^^
  File "/home/airflow/.local/lib/python3.12/site-packages/airflow/cli/commands/task_command.py", line 341, in _run_raw_task
    return ti._run_raw_task(
           ^^^^^^^^^^^^^^^^^
  File "/home/airflow/.local/lib/python3.12/site-packages/airflow/utils/session.py", line 97, in wrapper
    return func(*args, session=session, **kwargs)
           ^^^^^^^^^^^^^^^^^^^^^^^^^^^^^^^^^^^^^^
  File "/home/airflow/.local/lib/python3.12/site-packages/airflow/models/taskinstance.py", line 2995, in _run_raw_task
    return _run_raw_task(
           ^^^^^^^^^^^^^^
  File "/home/airflow/.local/lib/python3.12/site-packages/airflow/models/taskinstance.py", line 273, in _run_raw_task
    TaskInstance._execute_task_with_callbacks(
  File "/home/airflow/.local/lib/python3.12/site-packages/airflow/models/taskinstance.py", line 3149, in _execute_task_with_callbacks
    result = self._execute_task(context, task_orig)
             ^^^^^^^^^^^^^^^^^^^^^^^^^^^^^^^^^^^^^^
  File "/home/airflow/.local/lib/python3.12/site-packages/airflow/models/taskinstance.py", line 3173, in _execute_task
    return _execute_task(self, context, task_orig)
           ^^^^^^^^^^^^^^^^^^^^^^^^^^^^^^^^^^^^^^^
  File "/home/airflow/.local/lib/python3.12/site-packages/airflow/models/taskinstance.py", line 767, in _execute_task
    result = _execute_callable(context=context, **execute_callable_kwargs)
             ^^^^^^^^^^^^^^^^^^^^^^^^^^^^^^^^^^^^^^^^^^^^^^^^^^^^^^^^^^^^^
  File "/home/airflow/.local/lib/python3.12/site-packages/airflow/models/taskinstance.py", line 733, in _execute_callable
    return ExecutionCallableRunner(
           ^^^^^^^^^^^^^^^^^^^^^^^^
  File "/home/airflow/.local/lib/python3.12/site-packages/airflow/utils/operator_helpers.py", line 252, in run
    return self.func(*args, **kwargs)
           ^^^^^^^^^^^^^^^^^^^^^^^^^^
  File "/home/airflow/.local/lib/python3.12/site-packages/airflow/models/baseoperator.py", line 406, in wrapper
    return func(self, *args, **kwargs)
           ^^^^^^^^^^^^^^^^^^^^^^^^^^^
  File "/home/airflow/.local/lib/python3.12/site-packages/airflow/operators/bash.py", line 249, in execute
    raise AirflowException(
airflow.exceptions.AirflowException: Bash command failed. The command returned a non-zero exit code 1.
[2026-08-12T20:22:26.930+0000] {local_task_job_runner.py:261} INFO - Task exited with return code 1
[2026-08-12T20:22:26.999+0000] {taskinstance.py:3891} INFO - 0 downstream tasks scheduled from follow-on schedule check
[2026-08-12T20:22:27.011+0000] {local_task_job_runner.py:240} INFO - ::endgroup::
