[2026-08-12T22:32:35.559+0000] {local_task_job_runner.py:123} INFO - ::group::Pre task execution logs
[2026-08-12T22:32:35.610+0000] {taskinstance.py:2603} INFO - Dependencies all met for dep_context=non-requeueable deps ti=<TaskInstance: pipeline_lakehouse_medallion.bronze_customers manual__2026-08-12T22:32:34.194502+00:00 [queued]>
[2026-08-12T22:32:35.638+0000] {taskinstance.py:2603} INFO - Dependencies all met for dep_context=requeueable deps ti=<TaskInstance: pipeline_lakehouse_medallion.bronze_customers manual__2026-08-12T22:32:34.194502+00:00 [queued]>
[2026-08-12T22:32:35.639+0000] {taskinstance.py:2856} INFO - Starting attempt 1 of 1
[2026-08-12T22:32:35.681+0000] {taskinstance.py:2879} INFO - Executing <Task(BashOperator): bronze_customers> on 2026-08-12 22:32:34.194502+00:00
[2026-08-12T22:32:35.696+0000] {warnings.py:112} WARNING - /home/***/.local/lib/python3.12/site-packages/***/task/task_runner/standard_task_runner.py:70: DeprecationWarning: This process (pid=1705) is multi-threaded, use of fork() may lead to deadlocks in the child.
  pid = os.fork()

[2026-08-12T22:32:35.702+0000] {standard_task_runner.py:72} INFO - Started process 1707 to run task
[2026-08-12T22:32:35.704+0000] {standard_task_runner.py:104} INFO - Running: ['***', 'tasks', 'run', 'pipeline_lakehouse_medallion', 'bronze_customers', 'manual__2026-08-12T22:32:34.194502+00:00', '--job-id', '10', '--raw', '--subdir', 'DAGS_FOLDER/dag_lakehouse_pipeline.py', '--cfg-path', '/tmp/tmp_r2xr1o5']
[2026-08-12T22:32:35.710+0000] {standard_task_runner.py:105} INFO - Job 10: Subtask bronze_customers
[2026-08-12T22:32:35.864+0000] {task_command.py:467} INFO - Running <TaskInstance: pipeline_lakehouse_medallion.bronze_customers manual__2026-08-12T22:32:34.194502+00:00 [running]> on host 9a4e9c967140
[2026-08-12T22:32:36.080+0000] {taskinstance.py:3122} INFO - Exporting env vars: AIRFLOW_CTX_DAG_OWNER='engenharia_dados' AIRFLOW_CTX_DAG_ID='pipeline_lakehouse_medallion' AIRFLOW_CTX_TASK_ID='bronze_customers' AIRFLOW_CTX_EXECUTION_DATE='2026-08-12T22:32:34.194502+00:00' AIRFLOW_CTX_TRY_NUMBER='1' AIRFLOW_CTX_DAG_RUN_ID='manual__2026-08-12T22:32:34.194502+00:00'
[2026-08-12T22:32:36.083+0000] {taskinstance.py:731} INFO - ::endgroup::
[2026-08-12T22:32:36.120+0000] {subprocess.py:63} INFO - Tmp dir root location: /tmp
[2026-08-12T22:32:36.123+0000] {subprocess.py:75} INFO - Running command: ['/usr/bin/bash', '-c', 'python3 /opt/***/dags/scripts/bronze_customers.py']
[2026-08-12T22:32:36.153+0000] {subprocess.py:86} INFO - Output:
[2026-08-12T22:32:39.032+0000] {subprocess.py:93} INFO - /home/***/.local/lib/python3.12/site-packages/pyspark/bin/load-spark-env.sh: line 68: ps: command not found
[2026-08-12T22:32:45.744+0000] {subprocess.py:93} INFO - Setting default log level to "WARN".
[2026-08-12T22:32:45.747+0000] {subprocess.py:93} INFO - To adjust logging level use sc.setLogLevel(newLevel). For SparkR, use setLogLevel(newLevel).
[2026-08-12T22:32:46.545+0000] {subprocess.py:93} INFO - 26/08/12 22:32:46 WARN NativeCodeLoader: Unable to load native-hadoop library for your platform... using builtin-java classes where applicable
[2026-08-12T22:33:32.826+0000] {subprocess.py:93} INFO - [Stage 0:>                                                          (0 + 1) / 1][Stage 0:===========================================================(1 + 0) / 1]                                                                                [Stage 1:>                                                          (0 + 1) / 1]
[2026-08-12T22:33:32.836+0000] {subprocess.py:97} INFO - Command exited with return code 0
[2026-08-12T22:33:33.128+0000] {taskinstance.py:340} INFO - ::group::Post task execution logs
[2026-08-12T22:33:33.135+0000] {taskinstance.py:352} INFO - Marking task as SUCCESS. dag_id=pipeline_lakehouse_medallion, task_id=bronze_customers, run_id=manual__2026-08-12T22:32:34.194502+00:00, execution_date=20260812T223234, start_date=20260812T223235, end_date=20260812T223333
[2026-08-12T22:33:33.336+0000] {local_task_job_runner.py:261} INFO - Task exited with return code 0
[2026-08-12T22:33:33.550+0000] {taskinstance.py:3891} INFO - 1 downstream tasks scheduled from follow-on schedule check
[2026-08-12T22:33:33.572+0000] {local_task_job_runner.py:240} INFO - ::endgroup::
