[2026-08-12T22:42:37.691+0000] {local_task_job_runner.py:123} INFO - ::group::Pre task execution logs
[2026-08-12T22:42:37.902+0000] {taskinstance.py:2603} INFO - Dependencies all met for dep_context=non-requeueable deps ti=<TaskInstance: pipeline_lakehouse_medallion.bronze_customers manual_retry_1786574548 [queued]>
[2026-08-12T22:42:37.971+0000] {taskinstance.py:2603} INFO - Dependencies all met for dep_context=requeueable deps ti=<TaskInstance: pipeline_lakehouse_medallion.bronze_customers manual_retry_1786574548 [queued]>
[2026-08-12T22:42:37.976+0000] {taskinstance.py:2856} INFO - Starting attempt 1 of 1
[2026-08-12T22:42:38.117+0000] {taskinstance.py:2879} INFO - Executing <Task(BashOperator): bronze_customers> on 2026-08-12 22:42:35+00:00
[2026-08-12T22:42:38.169+0000] {warnings.py:112} WARNING - /home/***/.local/lib/python3.12/site-packages/***/task/task_runner/standard_task_runner.py:70: DeprecationWarning: This process (pid=3523) is multi-threaded, use of fork() may lead to deadlocks in the child.
  pid = os.fork()

[2026-08-12T22:42:38.194+0000] {standard_task_runner.py:72} INFO - Started process 3526 to run task
[2026-08-12T22:42:38.193+0000] {standard_task_runner.py:104} INFO - Running: ['***', 'tasks', 'run', 'pipeline_lakehouse_medallion', 'bronze_customers', 'manual_retry_1786574548', '--job-id', '20', '--raw', '--subdir', 'DAGS_FOLDER/dag_lakehouse_pipeline.py', '--cfg-path', '/tmp/tmp_l98zpfz']
[2026-08-12T22:42:38.211+0000] {standard_task_runner.py:105} INFO - Job 20: Subtask bronze_customers
[2026-08-12T22:42:38.781+0000] {task_command.py:467} INFO - Running <TaskInstance: pipeline_lakehouse_medallion.bronze_customers manual_retry_1786574548 [running]> on host 9a4e9c967140
[2026-08-12T22:42:39.209+0000] {taskinstance.py:3122} INFO - Exporting env vars: AIRFLOW_CTX_DAG_OWNER='engenharia_dados' AIRFLOW_CTX_DAG_ID='pipeline_lakehouse_medallion' AIRFLOW_CTX_TASK_ID='bronze_customers' AIRFLOW_CTX_EXECUTION_DATE='2026-08-12T22:42:35+00:00' AIRFLOW_CTX_TRY_NUMBER='1' AIRFLOW_CTX_DAG_RUN_ID='manual_retry_1786574548'
[2026-08-12T22:42:39.213+0000] {taskinstance.py:731} INFO - ::endgroup::
[2026-08-12T22:42:39.287+0000] {subprocess.py:63} INFO - Tmp dir root location: /tmp
[2026-08-12T22:42:39.293+0000] {subprocess.py:75} INFO - Running command: ['/usr/bin/bash', '-c', 'python3 /opt/***/dags/scripts/bronze_customers.py']
[2026-08-12T22:42:39.335+0000] {subprocess.py:86} INFO - Output:
[2026-08-12T22:42:41.867+0000] {subprocess.py:93} INFO - /home/***/.local/lib/python3.12/site-packages/pyspark/bin/load-spark-env.sh: line 68: ps: command not found
[2026-08-12T22:42:50.119+0000] {subprocess.py:93} INFO - Setting default log level to "WARN".
[2026-08-12T22:42:50.123+0000] {subprocess.py:93} INFO - To adjust logging level use sc.setLogLevel(newLevel). For SparkR, use setLogLevel(newLevel).
[2026-08-12T22:42:51.138+0000] {subprocess.py:93} INFO - 26/08/12 22:42:51 WARN NativeCodeLoader: Unable to load native-hadoop library for your platform... using builtin-java classes where applicable
[2026-08-12T22:43:38.247+0000] {subprocess.py:93} INFO - [Stage 0:>                                                          (0 + 0) / 1][Stage 0:>                                                          (0 + 1) / 1]                                                                                [Stage 1:>                                                          (0 + 1) / 1]
[2026-08-12T22:43:38.251+0000] {subprocess.py:97} INFO - Command exited with return code 0
[2026-08-12T22:43:38.553+0000] {taskinstance.py:340} INFO - ::group::Post task execution logs
[2026-08-12T22:43:38.556+0000] {taskinstance.py:352} INFO - Marking task as SUCCESS. dag_id=pipeline_lakehouse_medallion, task_id=bronze_customers, run_id=manual_retry_1786574548, execution_date=20260812T224235, start_date=20260812T224237, end_date=20260812T224338
[2026-08-12T22:43:38.720+0000] {local_task_job_runner.py:261} INFO - Task exited with return code 0
[2026-08-12T22:43:38.800+0000] {local_task_job_runner.py:240} INFO - ::endgroup::
