[2026-08-12T21:50:09.910+0000] {local_task_job_runner.py:123} INFO - ::group::Pre task execution logs
[2026-08-12T21:50:10.250+0000] {taskinstance.py:2603} INFO - Dependencies all met for dep_context=non-requeueable deps ti=<TaskInstance: pipeline_lakehouse_medallion.bronze_customers manual__2026-08-12T20:34:02.320315+00:00 [queued]>
[2026-08-12T21:50:10.359+0000] {taskinstance.py:2603} INFO - Dependencies all met for dep_context=requeueable deps ti=<TaskInstance: pipeline_lakehouse_medallion.bronze_customers manual__2026-08-12T20:34:02.320315+00:00 [queued]>
[2026-08-12T21:50:10.372+0000] {taskinstance.py:2856} INFO - Starting attempt 2 of 2
[2026-08-12T21:50:10.510+0000] {taskinstance.py:2879} INFO - Executing <Task(BashOperator): bronze_customers> on 2026-08-12 20:34:02.320315+00:00
[2026-08-12T21:50:10.608+0000] {warnings.py:112} WARNING - /home/***/.local/lib/python3.12/site-packages/***/task/task_runner/standard_task_runner.py:70: DeprecationWarning: This process (pid=80) is multi-threaded, use of fork() may lead to deadlocks in the child.
  pid = os.fork()

[2026-08-12T21:50:10.619+0000] {standard_task_runner.py:104} INFO - Running: ['***', 'tasks', 'run', 'pipeline_lakehouse_medallion', 'bronze_customers', 'manual__2026-08-12T20:34:02.320315+00:00', '--job-id', '56', '--raw', '--subdir', 'DAGS_FOLDER/dag_lakehouse_pipeline.py', '--cfg-path', '/tmp/tmpz3ed_o8m']
[2026-08-12T21:50:10.631+0000] {standard_task_runner.py:72} INFO - Started process 87 to run task
[2026-08-12T21:50:10.638+0000] {standard_task_runner.py:105} INFO - Job 56: Subtask bronze_customers
[2026-08-12T21:50:12.249+0000] {task_command.py:467} INFO - Running <TaskInstance: pipeline_lakehouse_medallion.bronze_customers manual__2026-08-12T20:34:02.320315+00:00 [running]> on host 0f1005efa1ab
[2026-08-12T21:50:13.853+0000] {taskinstance.py:3122} INFO - Exporting env vars: AIRFLOW_CTX_DAG_OWNER='engenharia_dados' AIRFLOW_CTX_DAG_ID='pipeline_lakehouse_medallion' AIRFLOW_CTX_TASK_ID='bronze_customers' AIRFLOW_CTX_EXECUTION_DATE='2026-08-12T20:34:02.320315+00:00' AIRFLOW_CTX_TRY_NUMBER='2' AIRFLOW_CTX_DAG_RUN_ID='manual__2026-08-12T20:34:02.320315+00:00'
[2026-08-12T21:50:13.941+0000] {taskinstance.py:731} INFO - ::endgroup::
[2026-08-12T21:50:15.411+0000] {subprocess.py:63} INFO - Tmp dir root location: /tmp
[2026-08-12T21:50:15.440+0000] {subprocess.py:75} INFO - Running command: ['/usr/bin/bash', '-c', 'python3 /opt/***/dags/scripts/bronze_customers.py']
[2026-08-12T21:50:15.554+0000] {subprocess.py:86} INFO - Output:
[2026-08-12T21:50:25.581+0000] {subprocess.py:93} INFO - /home/***/.local/lib/python3.12/site-packages/pyspark/bin/load-spark-env.sh: line 68: ps: command not found
[2026-08-12T21:51:25.534+0000] {subprocess.py:93} INFO - Setting default log level to "WARN".
[2026-08-12T21:51:25.562+0000] {subprocess.py:93} INFO - To adjust logging level use sc.setLogLevel(newLevel). For SparkR, use setLogLevel(newLevel).
[2026-08-12T21:51:31.463+0000] {subprocess.py:93} INFO - 26/08/12 21:51:31 WARN NativeCodeLoader: Unable to load native-hadoop library for your platform... using builtin-java classes where applicable
[2026-08-12T21:51:54.417+0000] {subprocess.py:93} INFO - 26/08/12 21:51:54 WARN Utils: Service 'SparkUI' could not bind on port 4040. Attempting port 4041.
[2026-08-12T21:51:54.441+0000] {subprocess.py:93} INFO - 26/08/12 21:51:54 WARN Utils: Service 'SparkUI' could not bind on port 4041. Attempting port 4042.
[2026-08-12T21:51:54.469+0000] {subprocess.py:93} INFO - 26/08/12 21:51:54 WARN Utils: Service 'SparkUI' could not bind on port 4042. Attempting port 4043.
[2026-08-12T21:51:54.514+0000] {subprocess.py:93} INFO - 26/08/12 21:51:54 WARN Utils: Service 'SparkUI' could not bind on port 4043. Attempting port 4044.
[2026-08-12T21:51:54.537+0000] {subprocess.py:93} INFO - 26/08/12 21:51:54 WARN Utils: Service 'SparkUI' could not bind on port 4044. Attempting port 4045.
[2026-08-12T21:51:54.574+0000] {subprocess.py:93} INFO - 26/08/12 21:51:54 WARN Utils: Service 'SparkUI' could not bind on port 4045. Attempting port 4046.
[2026-08-12T21:51:54.608+0000] {subprocess.py:93} INFO - 26/08/12 21:51:54 WARN Utils: Service 'SparkUI' could not bind on port 4046. Attempting port 4047.
[2026-08-12T21:54:39.702+0000] {job.py:229} INFO - Heartbeat recovered after 12.40 seconds
[2026-08-12T21:55:54.453+0000] {subprocess.py:93} INFO - [Stage 0:>                                                          (0 + 0) / 1][Stage 0:>                                                          (0 + 1) / 1][Stage 0:===========================================================(1 + 0) / 1]                                                                                [Stage 1:>                                                          (0 + 0) / 1][Stage 1:>                                                          (0 + 1) / 1][Stage 1:===========================================================(1 + 0) / 1]                                                                                26/08/12 21:55:54 WARN FileUtil: Failed to delete file or dir [/opt/***/data/2_bronze/customers/_temporary/0]: it still exists.
[2026-08-12T21:56:02.150+0000] {subprocess.py:97} INFO - Command exited with return code 0
[2026-08-12T21:56:04.209+0000] {taskinstance.py:340} INFO - ::group::Post task execution logs
[2026-08-12T21:56:04.242+0000] {taskinstance.py:352} INFO - Marking task as SUCCESS. dag_id=pipeline_lakehouse_medallion, task_id=bronze_customers, run_id=manual__2026-08-12T20:34:02.320315+00:00, execution_date=20260812T203402, start_date=20260812T215010, end_date=20260812T215604
[2026-08-12T21:56:05.363+0000] {local_task_job_runner.py:261} INFO - Task exited with return code 0
[2026-08-12T21:56:05.722+0000] {local_task_job_runner.py:240} INFO - ::endgroup::
