[2026-08-12T22:48:49.123+0000] {local_task_job_runner.py:123} INFO - ::group::Pre task execution logs
[2026-08-12T22:48:49.140+0000] {taskinstance.py:2603} INFO - Dependencies all met for dep_context=non-requeueable deps ti=<TaskInstance: pipeline_lakehouse_medallion.gold_sales_summary manual__restore_1786573763 [queued]>
[2026-08-12T22:48:49.150+0000] {taskinstance.py:2603} INFO - Dependencies all met for dep_context=requeueable deps ti=<TaskInstance: pipeline_lakehouse_medallion.gold_sales_summary manual__restore_1786573763 [queued]>
[2026-08-12T22:48:49.152+0000] {taskinstance.py:2856} INFO - Starting attempt 2 of 2
[2026-08-12T22:48:49.165+0000] {taskinstance.py:2879} INFO - Executing <Task(BashOperator): gold_sales_summary> on 2026-08-12 22:29:28+00:00
[2026-08-12T22:48:49.171+0000] {warnings.py:112} WARNING - /home/***/.local/lib/python3.12/site-packages/***/task/task_runner/standard_task_runner.py:70: DeprecationWarning: This process (pid=5345) is multi-threaded, use of fork() may lead to deadlocks in the child.
  pid = os.fork()

[2026-08-12T22:48:49.173+0000] {standard_task_runner.py:104} INFO - Running: ['***', 'tasks', 'run', 'pipeline_lakehouse_medallion', 'gold_sales_summary', 'manual__restore_1786573763', '--job-id', '25', '--raw', '--subdir', 'DAGS_FOLDER/dag_lakehouse_pipeline.py', '--cfg-path', '/tmp/tmpakgtr01r']
[2026-08-12T22:48:49.174+0000] {standard_task_runner.py:72} INFO - Started process 5346 to run task
[2026-08-12T22:48:49.174+0000] {standard_task_runner.py:105} INFO - Job 25: Subtask gold_sales_summary
[2026-08-12T22:48:49.257+0000] {task_command.py:467} INFO - Running <TaskInstance: pipeline_lakehouse_medallion.gold_sales_summary manual__restore_1786573763 [running]> on host 9a4e9c967140
[2026-08-12T22:48:49.347+0000] {taskinstance.py:3122} INFO - Exporting env vars: AIRFLOW_CTX_DAG_OWNER='engenharia_dados' AIRFLOW_CTX_DAG_ID='pipeline_lakehouse_medallion' AIRFLOW_CTX_TASK_ID='gold_sales_summary' AIRFLOW_CTX_EXECUTION_DATE='2026-08-12T22:29:28+00:00' AIRFLOW_CTX_TRY_NUMBER='2' AIRFLOW_CTX_DAG_RUN_ID='manual__restore_1786573763'
[2026-08-12T22:48:49.349+0000] {taskinstance.py:731} INFO - ::endgroup::
[2026-08-12T22:48:49.362+0000] {subprocess.py:63} INFO - Tmp dir root location: /tmp
[2026-08-12T22:48:49.364+0000] {subprocess.py:75} INFO - Running command: ['/usr/bin/bash', '-c', 'python3 /opt/***/dags/scripts/gold_sales_summary.py']
[2026-08-12T22:48:49.373+0000] {subprocess.py:86} INFO - Output:
[2026-08-12T22:48:50.316+0000] {subprocess.py:93} INFO - /home/***/.local/lib/python3.12/site-packages/pyspark/bin/load-spark-env.sh: line 68: ps: command not found
[2026-08-12T22:48:52.519+0000] {subprocess.py:93} INFO - Setting default log level to "WARN".
[2026-08-12T22:48:52.521+0000] {subprocess.py:93} INFO - To adjust logging level use sc.setLogLevel(newLevel). For SparkR, use setLogLevel(newLevel).
[2026-08-12T22:48:52.835+0000] {subprocess.py:93} INFO - 26/08/12 22:48:52 WARN NativeCodeLoader: Unable to load native-hadoop library for your platform... using builtin-java classes where applicable
[2026-08-12T22:49:29.615+0000] {subprocess.py:93} INFO - [Stage 0:>                                                          (0 + 0) / 1][Stage 0:>                                                          (0 + 1) / 1]                                                                                [Stage 3:>                  (0 + 7) / 7][Stage 4:>                  (0 + 1) / 1][Stage 3:>                  (0 + 7) / 7][Stage 4:===================(1 + 0) / 1]                                                                                [Stage 5:>                                                          (0 + 2) / 2][Stage 5:=============================>                             (1 + 1) / 2][Stage 7:>                                                          (0 + 1) / 1][Stage 10:>                                                         (0 + 1) / 1]
[2026-08-12T22:49:29.619+0000] {subprocess.py:97} INFO - Command exited with return code 0
[2026-08-12T22:49:29.753+0000] {taskinstance.py:340} INFO - ::group::Post task execution logs
[2026-08-12T22:49:29.756+0000] {taskinstance.py:352} INFO - Marking task as SUCCESS. dag_id=pipeline_lakehouse_medallion, task_id=gold_sales_summary, run_id=manual__restore_1786573763, execution_date=20260812T222928, start_date=20260812T224849, end_date=20260812T224929
[2026-08-12T22:49:29.904+0000] {local_task_job_runner.py:261} INFO - Task exited with return code 0
[2026-08-12T22:49:29.969+0000] {taskinstance.py:3891} INFO - 0 downstream tasks scheduled from follow-on schedule check
[2026-08-12T22:49:29.991+0000] {local_task_job_runner.py:240} INFO - ::endgroup::
