[2026-08-12T20:27:59.364+0000] {processor.py:186} INFO - Started process (PID=9629) to work on /opt/airflow/dags/scripts/bronze_customers.py
[2026-08-12T20:27:59.366+0000] {processor.py:914} INFO - Processing file /opt/airflow/dags/scripts/bronze_customers.py for tasks to queue
[2026-08-12T20:27:59.368+0000] {logging_mixin.py:190} INFO - [2026-08-12T20:27:59.368+0000] {dagbag.py:587} INFO - Filling up the DagBag from /opt/airflow/dags/scripts/bronze_customers.py
[2026-08-12T20:28:15.597+0000] {logging_mixin.py:190} INFO - [2026-08-12T20:28:15.533+0000] {dagbag.py:386} ERROR - Failed to import: /opt/airflow/dags/scripts/bronze_customers.py
Traceback (most recent call last):
  File "/home/airflow/.local/lib/python3.12/site-packages/airflow/models/dagbag.py", line 382, in parse
    loader.exec_module(new_module)
  File "<frozen importlib._bootstrap_external>", line 995, in exec_module
  File "<frozen importlib._bootstrap>", line 488, in _call_with_frames_removed
  File "/opt/airflow/dags/scripts/bronze_customers.py", line 6, in <module>
    df_customers = spark.read.json("/opt/airflow/dags/landing/customers/*")
                   ^^^^^^^^^^^^^^^^^^^^^^^^^^^^^^^^^^^^^^^^^^^^^^^^^^^^^^^^
  File "/home/airflow/.local/lib/python3.12/site-packages/pyspark/sql/readwriter.py", line 425, in json
    return self._df(self._jreader.json(self._spark._sc._jvm.PythonUtils.toSeq(path)))
                    ^^^^^^^^^^^^^^^^^^^^^^^^^^^^^^^^^^^^^^^^^^^^^^^^^^^^^^^^^^^^^^^^
  File "/home/airflow/.local/lib/python3.12/site-packages/py4j/java_gateway.py", line 1322, in __call__
    return_value = get_return_value(
                   ^^^^^^^^^^^^^^^^^
  File "/home/airflow/.local/lib/python3.12/site-packages/pyspark/errors/exceptions/captured.py", line 185, in deco
    raise converted from None
pyspark.errors.exceptions.captured.AnalysisException: [PATH_NOT_FOUND] Path does not exist: file:/opt/airflow/dags/landing/customers/*.
[2026-08-12T20:28:15.611+0000] {processor.py:927} WARNING - No viable dags retrieved from /opt/airflow/dags/scripts/bronze_customers.py
[2026-08-12T20:28:15.705+0000] {processor.py:208} INFO - Processing /opt/airflow/dags/scripts/bronze_customers.py took 16.354 seconds
[2026-08-12T20:28:47.016+0000] {processor.py:186} INFO - Started process (PID=10155) to work on /opt/airflow/dags/scripts/bronze_customers.py
[2026-08-12T20:28:47.022+0000] {processor.py:914} INFO - Processing file /opt/airflow/dags/scripts/bronze_customers.py for tasks to queue
[2026-08-12T20:28:47.033+0000] {logging_mixin.py:190} INFO - [2026-08-12T20:28:47.031+0000] {dagbag.py:587} INFO - Filling up the DagBag from /opt/airflow/dags/scripts/bronze_customers.py
[2026-08-12T20:29:17.144+0000] {logging_mixin.py:190} INFO - [2026-08-12T20:29:17.128+0000] {timeout.py:68} ERROR - Process timed out, PID: 10155
[2026-08-12T20:29:47.941+0000] {processor.py:186} INFO - Started process (PID=10669) to work on /opt/airflow/dags/scripts/bronze_customers.py
[2026-08-12T20:29:47.944+0000] {processor.py:914} INFO - Processing file /opt/airflow/dags/scripts/bronze_customers.py for tasks to queue
[2026-08-12T20:29:47.951+0000] {logging_mixin.py:190} INFO - [2026-08-12T20:29:47.948+0000] {dagbag.py:587} INFO - Filling up the DagBag from /opt/airflow/dags/scripts/bronze_customers.py
[2026-08-12T20:30:05.004+0000] {logging_mixin.py:190} INFO - [2026-08-12T20:30:04.965+0000] {dagbag.py:386} ERROR - Failed to import: /opt/airflow/dags/scripts/bronze_customers.py
Traceback (most recent call last):
  File "/home/airflow/.local/lib/python3.12/site-packages/airflow/models/dagbag.py", line 382, in parse
    loader.exec_module(new_module)
  File "<frozen importlib._bootstrap_external>", line 995, in exec_module
  File "<frozen importlib._bootstrap>", line 488, in _call_with_frames_removed
  File "/opt/airflow/dags/scripts/bronze_customers.py", line 6, in <module>
    df_customers = spark.read.json("/opt/airflow/dags/landing/customers/*")
                   ^^^^^^^^^^^^^^^^^^^^^^^^^^^^^^^^^^^^^^^^^^^^^^^^^^^^^^^^
  File "/home/airflow/.local/lib/python3.12/site-packages/pyspark/sql/readwriter.py", line 425, in json
    return self._df(self._jreader.json(self._spark._sc._jvm.PythonUtils.toSeq(path)))
                    ^^^^^^^^^^^^^^^^^^^^^^^^^^^^^^^^^^^^^^^^^^^^^^^^^^^^^^^^^^^^^^^^
  File "/home/airflow/.local/lib/python3.12/site-packages/py4j/java_gateway.py", line 1322, in __call__
    return_value = get_return_value(
                   ^^^^^^^^^^^^^^^^^
  File "/home/airflow/.local/lib/python3.12/site-packages/pyspark/errors/exceptions/captured.py", line 185, in deco
    raise converted from None
pyspark.errors.exceptions.captured.AnalysisException: [PATH_NOT_FOUND] Path does not exist: file:/opt/airflow/dags/landing/customers/*.
[2026-08-12T20:30:05.026+0000] {processor.py:927} WARNING - No viable dags retrieved from /opt/airflow/dags/scripts/bronze_customers.py
[2026-08-12T20:30:05.104+0000] {processor.py:208} INFO - Processing /opt/airflow/dags/scripts/bronze_customers.py took 17.176 seconds
[2026-08-12T20:30:35.269+0000] {processor.py:186} INFO - Started process (PID=11179) to work on /opt/airflow/dags/scripts/bronze_customers.py
[2026-08-12T20:30:35.271+0000] {processor.py:914} INFO - Processing file /opt/airflow/dags/scripts/bronze_customers.py for tasks to queue
[2026-08-12T20:30:35.274+0000] {logging_mixin.py:190} INFO - [2026-08-12T20:30:35.273+0000] {dagbag.py:587} INFO - Filling up the DagBag from /opt/airflow/dags/scripts/bronze_customers.py
[2026-08-12T20:30:49.045+0000] {logging_mixin.py:190} INFO - [2026-08-12T20:30:48.997+0000] {dagbag.py:386} ERROR - Failed to import: /opt/airflow/dags/scripts/bronze_customers.py
Traceback (most recent call last):
  File "/home/airflow/.local/lib/python3.12/site-packages/airflow/models/dagbag.py", line 382, in parse
    loader.exec_module(new_module)
  File "<frozen importlib._bootstrap_external>", line 995, in exec_module
  File "<frozen importlib._bootstrap>", line 488, in _call_with_frames_removed
  File "/opt/airflow/dags/scripts/bronze_customers.py", line 6, in <module>
    df_customers = spark.read.json("/opt/airflow/dags/landing/customers/*")
                   ^^^^^^^^^^^^^^^^^^^^^^^^^^^^^^^^^^^^^^^^^^^^^^^^^^^^^^^^
  File "/home/airflow/.local/lib/python3.12/site-packages/pyspark/sql/readwriter.py", line 425, in json
    return self._df(self._jreader.json(self._spark._sc._jvm.PythonUtils.toSeq(path)))
                    ^^^^^^^^^^^^^^^^^^^^^^^^^^^^^^^^^^^^^^^^^^^^^^^^^^^^^^^^^^^^^^^^
  File "/home/airflow/.local/lib/python3.12/site-packages/py4j/java_gateway.py", line 1322, in __call__
    return_value = get_return_value(
                   ^^^^^^^^^^^^^^^^^
  File "/home/airflow/.local/lib/python3.12/site-packages/pyspark/errors/exceptions/captured.py", line 185, in deco
    raise converted from None
pyspark.errors.exceptions.captured.AnalysisException: [PATH_NOT_FOUND] Path does not exist: file:/opt/airflow/dags/landing/customers/*.
[2026-08-12T20:30:49.059+0000] {processor.py:927} WARNING - No viable dags retrieved from /opt/airflow/dags/scripts/bronze_customers.py
[2026-08-12T20:30:49.132+0000] {processor.py:208} INFO - Processing /opt/airflow/dags/scripts/bronze_customers.py took 13.881 seconds
[2026-08-12T20:31:20.080+0000] {processor.py:186} INFO - Started process (PID=11734) to work on /opt/airflow/dags/scripts/bronze_customers.py
[2026-08-12T20:31:20.082+0000] {processor.py:914} INFO - Processing file /opt/airflow/dags/scripts/bronze_customers.py for tasks to queue
[2026-08-12T20:31:20.087+0000] {logging_mixin.py:190} INFO - [2026-08-12T20:31:20.086+0000] {dagbag.py:587} INFO - Filling up the DagBag from /opt/airflow/dags/scripts/bronze_customers.py
[2026-08-12T20:31:33.713+0000] {logging_mixin.py:190} INFO - [2026-08-12T20:31:33.659+0000] {dagbag.py:386} ERROR - Failed to import: /opt/airflow/dags/scripts/bronze_customers.py
Traceback (most recent call last):
  File "/home/airflow/.local/lib/python3.12/site-packages/airflow/models/dagbag.py", line 382, in parse
    loader.exec_module(new_module)
  File "<frozen importlib._bootstrap_external>", line 995, in exec_module
  File "<frozen importlib._bootstrap>", line 488, in _call_with_frames_removed
  File "/opt/airflow/dags/scripts/bronze_customers.py", line 6, in <module>
    df_customers = spark.read.json("/opt/airflow/dags/landing/customers/*")
                   ^^^^^^^^^^^^^^^^^^^^^^^^^^^^^^^^^^^^^^^^^^^^^^^^^^^^^^^^
  File "/home/airflow/.local/lib/python3.12/site-packages/pyspark/sql/readwriter.py", line 425, in json
    return self._df(self._jreader.json(self._spark._sc._jvm.PythonUtils.toSeq(path)))
                    ^^^^^^^^^^^^^^^^^^^^^^^^^^^^^^^^^^^^^^^^^^^^^^^^^^^^^^^^^^^^^^^^
  File "/home/airflow/.local/lib/python3.12/site-packages/py4j/java_gateway.py", line 1322, in __call__
    return_value = get_return_value(
                   ^^^^^^^^^^^^^^^^^
  File "/home/airflow/.local/lib/python3.12/site-packages/pyspark/errors/exceptions/captured.py", line 185, in deco
    raise converted from None
pyspark.errors.exceptions.captured.AnalysisException: [PATH_NOT_FOUND] Path does not exist: file:/opt/airflow/dags/landing/customers/*.
[2026-08-12T20:31:33.734+0000] {processor.py:927} WARNING - No viable dags retrieved from /opt/airflow/dags/scripts/bronze_customers.py
[2026-08-12T20:31:33.856+0000] {processor.py:208} INFO - Processing /opt/airflow/dags/scripts/bronze_customers.py took 13.792 seconds
[2026-08-12T20:32:04.606+0000] {processor.py:186} INFO - Started process (PID=12253) to work on /opt/airflow/dags/scripts/bronze_customers.py
[2026-08-12T20:32:04.614+0000] {processor.py:914} INFO - Processing file /opt/airflow/dags/scripts/bronze_customers.py for tasks to queue
[2026-08-12T20:32:04.619+0000] {logging_mixin.py:190} INFO - [2026-08-12T20:32:04.618+0000] {dagbag.py:587} INFO - Filling up the DagBag from /opt/airflow/dags/scripts/bronze_customers.py
[2026-08-12T20:32:19.040+0000] {logging_mixin.py:190} INFO - [2026-08-12T20:32:18.988+0000] {dagbag.py:386} ERROR - Failed to import: /opt/airflow/dags/scripts/bronze_customers.py
Traceback (most recent call last):
  File "/home/airflow/.local/lib/python3.12/site-packages/airflow/models/dagbag.py", line 382, in parse
    loader.exec_module(new_module)
  File "<frozen importlib._bootstrap_external>", line 995, in exec_module
  File "<frozen importlib._bootstrap>", line 488, in _call_with_frames_removed
  File "/opt/airflow/dags/scripts/bronze_customers.py", line 6, in <module>
    df_customers = spark.read.json("/opt/airflow/dags/landing/customers/*")
                   ^^^^^^^^^^^^^^^^^^^^^^^^^^^^^^^^^^^^^^^^^^^^^^^^^^^^^^^^
  File "/home/airflow/.local/lib/python3.12/site-packages/pyspark/sql/readwriter.py", line 425, in json
    return self._df(self._jreader.json(self._spark._sc._jvm.PythonUtils.toSeq(path)))
                    ^^^^^^^^^^^^^^^^^^^^^^^^^^^^^^^^^^^^^^^^^^^^^^^^^^^^^^^^^^^^^^^^
  File "/home/airflow/.local/lib/python3.12/site-packages/py4j/java_gateway.py", line 1322, in __call__
    return_value = get_return_value(
                   ^^^^^^^^^^^^^^^^^
  File "/home/airflow/.local/lib/python3.12/site-packages/pyspark/errors/exceptions/captured.py", line 185, in deco
    raise converted from None
pyspark.errors.exceptions.captured.AnalysisException: [PATH_NOT_FOUND] Path does not exist: file:/opt/airflow/dags/landing/customers/*.
[2026-08-12T20:32:19.058+0000] {processor.py:927} WARNING - No viable dags retrieved from /opt/airflow/dags/scripts/bronze_customers.py
[2026-08-12T20:32:19.138+0000] {processor.py:208} INFO - Processing /opt/airflow/dags/scripts/bronze_customers.py took 14.576 seconds
[2026-08-12T20:32:49.484+0000] {processor.py:186} INFO - Started process (PID=12769) to work on /opt/airflow/dags/scripts/bronze_customers.py
[2026-08-12T20:32:49.489+0000] {processor.py:914} INFO - Processing file /opt/airflow/dags/scripts/bronze_customers.py for tasks to queue
[2026-08-12T20:32:49.496+0000] {logging_mixin.py:190} INFO - [2026-08-12T20:32:49.495+0000] {dagbag.py:587} INFO - Filling up the DagBag from /opt/airflow/dags/scripts/bronze_customers.py
[2026-08-12T20:33:07.719+0000] {logging_mixin.py:190} INFO - [2026-08-12T20:33:07.672+0000] {dagbag.py:386} ERROR - Failed to import: /opt/airflow/dags/scripts/bronze_customers.py
Traceback (most recent call last):
  File "/home/airflow/.local/lib/python3.12/site-packages/airflow/models/dagbag.py", line 382, in parse
    loader.exec_module(new_module)
  File "<frozen importlib._bootstrap_external>", line 995, in exec_module
  File "<frozen importlib._bootstrap>", line 488, in _call_with_frames_removed
  File "/opt/airflow/dags/scripts/bronze_customers.py", line 6, in <module>
    df_customers = spark.read.json("/opt/airflow/dags/landing/customers/*")
                   ^^^^^^^^^^^^^^^^^^^^^^^^^^^^^^^^^^^^^^^^^^^^^^^^^^^^^^^^
  File "/home/airflow/.local/lib/python3.12/site-packages/pyspark/sql/readwriter.py", line 425, in json
    return self._df(self._jreader.json(self._spark._sc._jvm.PythonUtils.toSeq(path)))
                    ^^^^^^^^^^^^^^^^^^^^^^^^^^^^^^^^^^^^^^^^^^^^^^^^^^^^^^^^^^^^^^^^
  File "/home/airflow/.local/lib/python3.12/site-packages/py4j/java_gateway.py", line 1322, in __call__
    return_value = get_return_value(
                   ^^^^^^^^^^^^^^^^^
  File "/home/airflow/.local/lib/python3.12/site-packages/pyspark/errors/exceptions/captured.py", line 185, in deco
    raise converted from None
pyspark.errors.exceptions.captured.AnalysisException: [PATH_NOT_FOUND] Path does not exist: file:/opt/airflow/dags/landing/customers/*.
[2026-08-12T20:33:07.739+0000] {processor.py:927} WARNING - No viable dags retrieved from /opt/airflow/dags/scripts/bronze_customers.py
[2026-08-12T20:33:07.839+0000] {processor.py:208} INFO - Processing /opt/airflow/dags/scripts/bronze_customers.py took 18.379 seconds
[2026-08-12T20:33:38.099+0000] {processor.py:186} INFO - Started process (PID=13313) to work on /opt/airflow/dags/scripts/bronze_customers.py
[2026-08-12T20:33:38.103+0000] {processor.py:914} INFO - Processing file /opt/airflow/dags/scripts/bronze_customers.py for tasks to queue
[2026-08-12T20:33:38.111+0000] {logging_mixin.py:190} INFO - [2026-08-12T20:33:38.110+0000] {dagbag.py:587} INFO - Filling up the DagBag from /opt/airflow/dags/scripts/bronze_customers.py
[2026-08-12T20:33:54.874+0000] {logging_mixin.py:190} INFO - [2026-08-12T20:33:54.829+0000] {dagbag.py:386} ERROR - Failed to import: /opt/airflow/dags/scripts/bronze_customers.py
Traceback (most recent call last):
  File "/home/airflow/.local/lib/python3.12/site-packages/airflow/models/dagbag.py", line 382, in parse
    loader.exec_module(new_module)
  File "<frozen importlib._bootstrap_external>", line 995, in exec_module
  File "<frozen importlib._bootstrap>", line 488, in _call_with_frames_removed
  File "/opt/airflow/dags/scripts/bronze_customers.py", line 6, in <module>
    df_customers = spark.read.json("/opt/airflow/dags/landing/customers/*")
                   ^^^^^^^^^^^^^^^^^^^^^^^^^^^^^^^^^^^^^^^^^^^^^^^^^^^^^^^^
  File "/home/airflow/.local/lib/python3.12/site-packages/pyspark/sql/readwriter.py", line 425, in json
    return self._df(self._jreader.json(self._spark._sc._jvm.PythonUtils.toSeq(path)))
                    ^^^^^^^^^^^^^^^^^^^^^^^^^^^^^^^^^^^^^^^^^^^^^^^^^^^^^^^^^^^^^^^^
  File "/home/airflow/.local/lib/python3.12/site-packages/py4j/java_gateway.py", line 1322, in __call__
    return_value = get_return_value(
                   ^^^^^^^^^^^^^^^^^
  File "/home/airflow/.local/lib/python3.12/site-packages/pyspark/errors/exceptions/captured.py", line 185, in deco
    raise converted from None
pyspark.errors.exceptions.captured.AnalysisException: [PATH_NOT_FOUND] Path does not exist: file:/opt/airflow/dags/landing/customers/*.
[2026-08-12T20:33:54.889+0000] {processor.py:927} WARNING - No viable dags retrieved from /opt/airflow/dags/scripts/bronze_customers.py
[2026-08-12T20:33:54.986+0000] {processor.py:208} INFO - Processing /opt/airflow/dags/scripts/bronze_customers.py took 16.915 seconds
[2026-08-12T20:34:26.162+0000] {processor.py:186} INFO - Started process (PID=13815) to work on /opt/airflow/dags/scripts/bronze_customers.py
[2026-08-12T20:34:26.215+0000] {processor.py:914} INFO - Processing file /opt/airflow/dags/scripts/bronze_customers.py for tasks to queue
[2026-08-12T20:34:26.291+0000] {logging_mixin.py:190} INFO - [2026-08-12T20:34:26.274+0000] {dagbag.py:587} INFO - Filling up the DagBag from /opt/airflow/dags/scripts/bronze_customers.py
[2026-08-12T20:34:56.617+0000] {logging_mixin.py:190} INFO - [2026-08-12T20:34:56.601+0000] {timeout.py:68} ERROR - Process timed out, PID: 13815
[2026-08-12T20:35:28.064+0000] {processor.py:186} INFO - Started process (PID=14023) to work on /opt/airflow/dags/scripts/bronze_customers.py
[2026-08-12T20:35:28.075+0000] {processor.py:914} INFO - Processing file /opt/airflow/dags/scripts/bronze_customers.py for tasks to queue
[2026-08-12T20:35:28.091+0000] {logging_mixin.py:190} INFO - [2026-08-12T20:35:28.085+0000] {dagbag.py:587} INFO - Filling up the DagBag from /opt/airflow/dags/scripts/bronze_customers.py
[2026-08-12T20:35:58.212+0000] {logging_mixin.py:190} INFO - [2026-08-12T20:35:58.208+0000] {timeout.py:68} ERROR - Process timed out, PID: 14023
[2026-08-12T20:36:30.199+0000] {processor.py:186} INFO - Started process (PID=14244) to work on /opt/airflow/dags/scripts/bronze_customers.py
[2026-08-12T20:36:30.209+0000] {processor.py:914} INFO - Processing file /opt/airflow/dags/scripts/bronze_customers.py for tasks to queue
[2026-08-12T20:36:30.236+0000] {logging_mixin.py:190} INFO - [2026-08-12T20:36:30.234+0000] {dagbag.py:587} INFO - Filling up the DagBag from /opt/airflow/dags/scripts/bronze_customers.py
[2026-08-12T20:36:57.172+0000] {logging_mixin.py:190} INFO - [2026-08-12T20:36:57.133+0000] {dagbag.py:386} ERROR - Failed to import: /opt/airflow/dags/scripts/bronze_customers.py
Traceback (most recent call last):
  File "/home/airflow/.local/lib/python3.12/site-packages/airflow/models/dagbag.py", line 382, in parse
    loader.exec_module(new_module)
  File "<frozen importlib._bootstrap_external>", line 995, in exec_module
  File "<frozen importlib._bootstrap>", line 488, in _call_with_frames_removed
  File "/opt/airflow/dags/scripts/bronze_customers.py", line 6, in <module>
    df_customers = spark.read.json("/opt/airflow/dags/landing/customers/*")
                   ^^^^^^^^^^^^^^^^^^^^^^^^^^^^^^^^^^^^^^^^^^^^^^^^^^^^^^^^
  File "/home/airflow/.local/lib/python3.12/site-packages/pyspark/sql/readwriter.py", line 425, in json
    return self._df(self._jreader.json(self._spark._sc._jvm.PythonUtils.toSeq(path)))
                    ^^^^^^^^^^^^^^^^^^^^^^^^^^^^^^^^^^^^^^^^^^^^^^^^^^^^^^^^^^^^^^^^
  File "/home/airflow/.local/lib/python3.12/site-packages/py4j/java_gateway.py", line 1322, in __call__
    return_value = get_return_value(
                   ^^^^^^^^^^^^^^^^^
  File "/home/airflow/.local/lib/python3.12/site-packages/pyspark/errors/exceptions/captured.py", line 185, in deco
    raise converted from None
pyspark.errors.exceptions.captured.AnalysisException: [PATH_NOT_FOUND] Path does not exist: file:/opt/airflow/dags/landing/customers/*.
[2026-08-12T20:36:57.183+0000] {processor.py:927} WARNING - No viable dags retrieved from /opt/airflow/dags/scripts/bronze_customers.py
[2026-08-12T20:36:57.250+0000] {processor.py:208} INFO - Processing /opt/airflow/dags/scripts/bronze_customers.py took 27.149 seconds
[2026-08-12T20:37:27.461+0000] {processor.py:186} INFO - Started process (PID=14772) to work on /opt/airflow/dags/scripts/bronze_customers.py
[2026-08-12T20:37:27.464+0000] {processor.py:914} INFO - Processing file /opt/airflow/dags/scripts/bronze_customers.py for tasks to queue
[2026-08-12T20:37:27.470+0000] {logging_mixin.py:190} INFO - [2026-08-12T20:37:27.469+0000] {dagbag.py:587} INFO - Filling up the DagBag from /opt/airflow/dags/scripts/bronze_customers.py
[2026-08-12T20:37:42.530+0000] {logging_mixin.py:190} INFO - [2026-08-12T20:37:42.488+0000] {dagbag.py:386} ERROR - Failed to import: /opt/airflow/dags/scripts/bronze_customers.py
Traceback (most recent call last):
  File "/home/airflow/.local/lib/python3.12/site-packages/airflow/models/dagbag.py", line 382, in parse
    loader.exec_module(new_module)
  File "<frozen importlib._bootstrap_external>", line 995, in exec_module
  File "<frozen importlib._bootstrap>", line 488, in _call_with_frames_removed
  File "/opt/airflow/dags/scripts/bronze_customers.py", line 6, in <module>
    df_customers = spark.read.json("/opt/airflow/dags/landing/customers/*")
                   ^^^^^^^^^^^^^^^^^^^^^^^^^^^^^^^^^^^^^^^^^^^^^^^^^^^^^^^^
  File "/home/airflow/.local/lib/python3.12/site-packages/pyspark/sql/readwriter.py", line 425, in json
    return self._df(self._jreader.json(self._spark._sc._jvm.PythonUtils.toSeq(path)))
                    ^^^^^^^^^^^^^^^^^^^^^^^^^^^^^^^^^^^^^^^^^^^^^^^^^^^^^^^^^^^^^^^^
  File "/home/airflow/.local/lib/python3.12/site-packages/py4j/java_gateway.py", line 1322, in __call__
    return_value = get_return_value(
                   ^^^^^^^^^^^^^^^^^
  File "/home/airflow/.local/lib/python3.12/site-packages/pyspark/errors/exceptions/captured.py", line 185, in deco
    raise converted from None
pyspark.errors.exceptions.captured.AnalysisException: [PATH_NOT_FOUND] Path does not exist: file:/opt/airflow/dags/landing/customers/*.
[2026-08-12T20:37:42.545+0000] {processor.py:927} WARNING - No viable dags retrieved from /opt/airflow/dags/scripts/bronze_customers.py
[2026-08-12T20:37:42.617+0000] {processor.py:208} INFO - Processing /opt/airflow/dags/scripts/bronze_customers.py took 15.182 seconds
[2026-08-12T20:38:13.690+0000] {processor.py:186} INFO - Started process (PID=15283) to work on /opt/airflow/dags/scripts/bronze_customers.py
[2026-08-12T20:38:13.695+0000] {processor.py:914} INFO - Processing file /opt/airflow/dags/scripts/bronze_customers.py for tasks to queue
[2026-08-12T20:38:13.708+0000] {logging_mixin.py:190} INFO - [2026-08-12T20:38:13.706+0000] {dagbag.py:587} INFO - Filling up the DagBag from /opt/airflow/dags/scripts/bronze_customers.py
[2026-08-12T20:38:29.951+0000] {logging_mixin.py:190} INFO - [2026-08-12T20:38:29.904+0000] {dagbag.py:386} ERROR - Failed to import: /opt/airflow/dags/scripts/bronze_customers.py
Traceback (most recent call last):
  File "/home/airflow/.local/lib/python3.12/site-packages/airflow/models/dagbag.py", line 382, in parse
    loader.exec_module(new_module)
  File "<frozen importlib._bootstrap_external>", line 995, in exec_module
  File "<frozen importlib._bootstrap>", line 488, in _call_with_frames_removed
  File "/opt/airflow/dags/scripts/bronze_customers.py", line 6, in <module>
    df_customers = spark.read.json("/opt/airflow/dags/landing/customers/*")
                   ^^^^^^^^^^^^^^^^^^^^^^^^^^^^^^^^^^^^^^^^^^^^^^^^^^^^^^^^
  File "/home/airflow/.local/lib/python3.12/site-packages/pyspark/sql/readwriter.py", line 425, in json
    return self._df(self._jreader.json(self._spark._sc._jvm.PythonUtils.toSeq(path)))
                    ^^^^^^^^^^^^^^^^^^^^^^^^^^^^^^^^^^^^^^^^^^^^^^^^^^^^^^^^^^^^^^^^
  File "/home/airflow/.local/lib/python3.12/site-packages/py4j/java_gateway.py", line 1322, in __call__
    return_value = get_return_value(
                   ^^^^^^^^^^^^^^^^^
  File "/home/airflow/.local/lib/python3.12/site-packages/pyspark/errors/exceptions/captured.py", line 185, in deco
    raise converted from None
pyspark.errors.exceptions.captured.AnalysisException: [PATH_NOT_FOUND] Path does not exist: file:/opt/airflow/dags/landing/customers/*.
[2026-08-12T20:38:29.965+0000] {processor.py:927} WARNING - No viable dags retrieved from /opt/airflow/dags/scripts/bronze_customers.py
[2026-08-12T20:38:30.056+0000] {processor.py:208} INFO - Processing /opt/airflow/dags/scripts/bronze_customers.py took 16.437 seconds
[2026-08-12T20:39:00.898+0000] {processor.py:186} INFO - Started process (PID=15816) to work on /opt/airflow/dags/scripts/bronze_customers.py
[2026-08-12T20:39:00.903+0000] {processor.py:914} INFO - Processing file /opt/airflow/dags/scripts/bronze_customers.py for tasks to queue
[2026-08-12T20:39:00.914+0000] {logging_mixin.py:190} INFO - [2026-08-12T20:39:00.913+0000] {dagbag.py:587} INFO - Filling up the DagBag from /opt/airflow/dags/scripts/bronze_customers.py
[2026-08-12T20:39:18.052+0000] {logging_mixin.py:190} INFO - [2026-08-12T20:39:17.990+0000] {dagbag.py:386} ERROR - Failed to import: /opt/airflow/dags/scripts/bronze_customers.py
Traceback (most recent call last):
  File "/home/airflow/.local/lib/python3.12/site-packages/airflow/models/dagbag.py", line 382, in parse
    loader.exec_module(new_module)
  File "<frozen importlib._bootstrap_external>", line 995, in exec_module
  File "<frozen importlib._bootstrap>", line 488, in _call_with_frames_removed
  File "/opt/airflow/dags/scripts/bronze_customers.py", line 6, in <module>
    df_customers = spark.read.json("/opt/airflow/dags/landing/customers/*")
                   ^^^^^^^^^^^^^^^^^^^^^^^^^^^^^^^^^^^^^^^^^^^^^^^^^^^^^^^^
  File "/home/airflow/.local/lib/python3.12/site-packages/pyspark/sql/readwriter.py", line 425, in json
    return self._df(self._jreader.json(self._spark._sc._jvm.PythonUtils.toSeq(path)))
                    ^^^^^^^^^^^^^^^^^^^^^^^^^^^^^^^^^^^^^^^^^^^^^^^^^^^^^^^^^^^^^^^^
  File "/home/airflow/.local/lib/python3.12/site-packages/py4j/java_gateway.py", line 1322, in __call__
    return_value = get_return_value(
                   ^^^^^^^^^^^^^^^^^
  File "/home/airflow/.local/lib/python3.12/site-packages/pyspark/errors/exceptions/captured.py", line 185, in deco
    raise converted from None
pyspark.errors.exceptions.captured.AnalysisException: [PATH_NOT_FOUND] Path does not exist: file:/opt/airflow/dags/landing/customers/*.
[2026-08-12T20:39:18.087+0000] {processor.py:927} WARNING - No viable dags retrieved from /opt/airflow/dags/scripts/bronze_customers.py
[2026-08-12T20:39:18.186+0000] {processor.py:208} INFO - Processing /opt/airflow/dags/scripts/bronze_customers.py took 17.328 seconds
[2026-08-12T20:39:48.333+0000] {processor.py:186} INFO - Started process (PID=16355) to work on /opt/airflow/dags/scripts/bronze_customers.py
[2026-08-12T20:39:48.335+0000] {processor.py:914} INFO - Processing file /opt/airflow/dags/scripts/bronze_customers.py for tasks to queue
[2026-08-12T20:39:48.338+0000] {logging_mixin.py:190} INFO - [2026-08-12T20:39:48.338+0000] {dagbag.py:587} INFO - Filling up the DagBag from /opt/airflow/dags/scripts/bronze_customers.py
[2026-08-12T20:39:59.645+0000] {logging_mixin.py:190} INFO - [2026-08-12T20:39:59.575+0000] {dagbag.py:386} ERROR - Failed to import: /opt/airflow/dags/scripts/bronze_customers.py
Traceback (most recent call last):
  File "/home/airflow/.local/lib/python3.12/site-packages/airflow/models/dagbag.py", line 382, in parse
    loader.exec_module(new_module)
  File "<frozen importlib._bootstrap_external>", line 995, in exec_module
  File "<frozen importlib._bootstrap>", line 488, in _call_with_frames_removed
  File "/opt/airflow/dags/scripts/bronze_customers.py", line 6, in <module>
    df_customers = spark.read.json("/opt/airflow/dags/landing/customers/*")
                   ^^^^^^^^^^^^^^^^^^^^^^^^^^^^^^^^^^^^^^^^^^^^^^^^^^^^^^^^
  File "/home/airflow/.local/lib/python3.12/site-packages/pyspark/sql/readwriter.py", line 425, in json
    return self._df(self._jreader.json(self._spark._sc._jvm.PythonUtils.toSeq(path)))
                    ^^^^^^^^^^^^^^^^^^^^^^^^^^^^^^^^^^^^^^^^^^^^^^^^^^^^^^^^^^^^^^^^
  File "/home/airflow/.local/lib/python3.12/site-packages/py4j/java_gateway.py", line 1322, in __call__
    return_value = get_return_value(
                   ^^^^^^^^^^^^^^^^^
  File "/home/airflow/.local/lib/python3.12/site-packages/pyspark/errors/exceptions/captured.py", line 185, in deco
    raise converted from None
pyspark.errors.exceptions.captured.AnalysisException: [PATH_NOT_FOUND] Path does not exist: file:/opt/airflow/dags/landing/customers/*.
[2026-08-12T20:39:59.670+0000] {processor.py:927} WARNING - No viable dags retrieved from /opt/airflow/dags/scripts/bronze_customers.py
[2026-08-12T20:39:59.768+0000] {processor.py:208} INFO - Processing /opt/airflow/dags/scripts/bronze_customers.py took 11.449 seconds
[2026-08-12T20:40:30.122+0000] {processor.py:186} INFO - Started process (PID=16892) to work on /opt/airflow/dags/scripts/bronze_customers.py
[2026-08-12T20:40:30.126+0000] {processor.py:914} INFO - Processing file /opt/airflow/dags/scripts/bronze_customers.py for tasks to queue
[2026-08-12T20:40:30.130+0000] {logging_mixin.py:190} INFO - [2026-08-12T20:40:30.129+0000] {dagbag.py:587} INFO - Filling up the DagBag from /opt/airflow/dags/scripts/bronze_customers.py
[2026-08-12T20:40:39.838+0000] {logging_mixin.py:190} INFO - [2026-08-12T20:40:39.806+0000] {dagbag.py:386} ERROR - Failed to import: /opt/airflow/dags/scripts/bronze_customers.py
Traceback (most recent call last):
  File "/home/airflow/.local/lib/python3.12/site-packages/airflow/models/dagbag.py", line 382, in parse
    loader.exec_module(new_module)
  File "<frozen importlib._bootstrap_external>", line 995, in exec_module
  File "<frozen importlib._bootstrap>", line 488, in _call_with_frames_removed
  File "/opt/airflow/dags/scripts/bronze_customers.py", line 6, in <module>
    df_customers = spark.read.json("/opt/airflow/dags/landing/customers/*")
                   ^^^^^^^^^^^^^^^^^^^^^^^^^^^^^^^^^^^^^^^^^^^^^^^^^^^^^^^^
  File "/home/airflow/.local/lib/python3.12/site-packages/pyspark/sql/readwriter.py", line 425, in json
    return self._df(self._jreader.json(self._spark._sc._jvm.PythonUtils.toSeq(path)))
                    ^^^^^^^^^^^^^^^^^^^^^^^^^^^^^^^^^^^^^^^^^^^^^^^^^^^^^^^^^^^^^^^^
  File "/home/airflow/.local/lib/python3.12/site-packages/py4j/java_gateway.py", line 1322, in __call__
    return_value = get_return_value(
                   ^^^^^^^^^^^^^^^^^
  File "/home/airflow/.local/lib/python3.12/site-packages/pyspark/errors/exceptions/captured.py", line 185, in deco
    raise converted from None
pyspark.errors.exceptions.captured.AnalysisException: [PATH_NOT_FOUND] Path does not exist: file:/opt/airflow/dags/landing/customers/*.
[2026-08-12T20:40:39.854+0000] {processor.py:927} WARNING - No viable dags retrieved from /opt/airflow/dags/scripts/bronze_customers.py
[2026-08-12T20:40:39.939+0000] {processor.py:208} INFO - Processing /opt/airflow/dags/scripts/bronze_customers.py took 9.842 seconds
[2026-08-12T20:41:10.229+0000] {processor.py:186} INFO - Started process (PID=17396) to work on /opt/airflow/dags/scripts/bronze_customers.py
[2026-08-12T20:41:10.235+0000] {processor.py:914} INFO - Processing file /opt/airflow/dags/scripts/bronze_customers.py for tasks to queue
[2026-08-12T20:41:10.245+0000] {logging_mixin.py:190} INFO - [2026-08-12T20:41:10.242+0000] {dagbag.py:587} INFO - Filling up the DagBag from /opt/airflow/dags/scripts/bronze_customers.py
[2026-08-12T20:41:29.250+0000] {logging_mixin.py:190} INFO - [2026-08-12T20:41:29.196+0000] {dagbag.py:386} ERROR - Failed to import: /opt/airflow/dags/scripts/bronze_customers.py
Traceback (most recent call last):
  File "/home/airflow/.local/lib/python3.12/site-packages/airflow/models/dagbag.py", line 382, in parse
    loader.exec_module(new_module)
  File "<frozen importlib._bootstrap_external>", line 995, in exec_module
  File "<frozen importlib._bootstrap>", line 488, in _call_with_frames_removed
  File "/opt/airflow/dags/scripts/bronze_customers.py", line 6, in <module>
    df_customers = spark.read.json("/opt/airflow/dags/landing/customers/*")
                   ^^^^^^^^^^^^^^^^^^^^^^^^^^^^^^^^^^^^^^^^^^^^^^^^^^^^^^^^
  File "/home/airflow/.local/lib/python3.12/site-packages/pyspark/sql/readwriter.py", line 425, in json
    return self._df(self._jreader.json(self._spark._sc._jvm.PythonUtils.toSeq(path)))
                    ^^^^^^^^^^^^^^^^^^^^^^^^^^^^^^^^^^^^^^^^^^^^^^^^^^^^^^^^^^^^^^^^
  File "/home/airflow/.local/lib/python3.12/site-packages/py4j/java_gateway.py", line 1322, in __call__
    return_value = get_return_value(
                   ^^^^^^^^^^^^^^^^^
  File "/home/airflow/.local/lib/python3.12/site-packages/pyspark/errors/exceptions/captured.py", line 185, in deco
    raise converted from None
pyspark.errors.exceptions.captured.AnalysisException: [PATH_NOT_FOUND] Path does not exist: file:/opt/airflow/dags/landing/customers/*.
[2026-08-12T20:41:29.269+0000] {processor.py:927} WARNING - No viable dags retrieved from /opt/airflow/dags/scripts/bronze_customers.py
[2026-08-12T20:41:29.387+0000] {processor.py:208} INFO - Processing /opt/airflow/dags/scripts/bronze_customers.py took 19.194 seconds
[2026-08-12T20:41:59.561+0000] {processor.py:186} INFO - Started process (PID=17962) to work on /opt/airflow/dags/scripts/bronze_customers.py
[2026-08-12T20:41:59.563+0000] {processor.py:914} INFO - Processing file /opt/airflow/dags/scripts/bronze_customers.py for tasks to queue
[2026-08-12T20:41:59.565+0000] {logging_mixin.py:190} INFO - [2026-08-12T20:41:59.565+0000] {dagbag.py:587} INFO - Filling up the DagBag from /opt/airflow/dags/scripts/bronze_customers.py
[2026-08-12T20:42:12.919+0000] {logging_mixin.py:190} INFO - [2026-08-12T20:42:12.864+0000] {dagbag.py:386} ERROR - Failed to import: /opt/airflow/dags/scripts/bronze_customers.py
Traceback (most recent call last):
  File "/home/airflow/.local/lib/python3.12/site-packages/airflow/models/dagbag.py", line 382, in parse
    loader.exec_module(new_module)
  File "<frozen importlib._bootstrap_external>", line 995, in exec_module
  File "<frozen importlib._bootstrap>", line 488, in _call_with_frames_removed
  File "/opt/airflow/dags/scripts/bronze_customers.py", line 6, in <module>
    df_customers = spark.read.json("/opt/airflow/dags/landing/customers/*")
                   ^^^^^^^^^^^^^^^^^^^^^^^^^^^^^^^^^^^^^^^^^^^^^^^^^^^^^^^^
  File "/home/airflow/.local/lib/python3.12/site-packages/pyspark/sql/readwriter.py", line 425, in json
    return self._df(self._jreader.json(self._spark._sc._jvm.PythonUtils.toSeq(path)))
                    ^^^^^^^^^^^^^^^^^^^^^^^^^^^^^^^^^^^^^^^^^^^^^^^^^^^^^^^^^^^^^^^^
  File "/home/airflow/.local/lib/python3.12/site-packages/py4j/java_gateway.py", line 1322, in __call__
    return_value = get_return_value(
                   ^^^^^^^^^^^^^^^^^
  File "/home/airflow/.local/lib/python3.12/site-packages/pyspark/errors/exceptions/captured.py", line 185, in deco
    raise converted from None
pyspark.errors.exceptions.captured.AnalysisException: [PATH_NOT_FOUND] Path does not exist: file:/opt/airflow/dags/landing/customers/*.
[2026-08-12T20:42:12.939+0000] {processor.py:927} WARNING - No viable dags retrieved from /opt/airflow/dags/scripts/bronze_customers.py
[2026-08-12T20:42:13.056+0000] {processor.py:208} INFO - Processing /opt/airflow/dags/scripts/bronze_customers.py took 13.513 seconds
[2026-08-12T20:42:43.838+0000] {processor.py:186} INFO - Started process (PID=18475) to work on /opt/airflow/dags/scripts/bronze_customers.py
[2026-08-12T20:42:43.842+0000] {processor.py:914} INFO - Processing file /opt/airflow/dags/scripts/bronze_customers.py for tasks to queue
[2026-08-12T20:42:43.848+0000] {logging_mixin.py:190} INFO - [2026-08-12T20:42:43.847+0000] {dagbag.py:587} INFO - Filling up the DagBag from /opt/airflow/dags/scripts/bronze_customers.py
[2026-08-12T20:43:02.729+0000] {logging_mixin.py:190} INFO - [2026-08-12T20:43:02.668+0000] {dagbag.py:386} ERROR - Failed to import: /opt/airflow/dags/scripts/bronze_customers.py
Traceback (most recent call last):
  File "/home/airflow/.local/lib/python3.12/site-packages/airflow/models/dagbag.py", line 382, in parse
    loader.exec_module(new_module)
  File "<frozen importlib._bootstrap_external>", line 995, in exec_module
  File "<frozen importlib._bootstrap>", line 488, in _call_with_frames_removed
  File "/opt/airflow/dags/scripts/bronze_customers.py", line 6, in <module>
    df_customers = spark.read.json("/opt/airflow/dags/landing/customers/*")
                   ^^^^^^^^^^^^^^^^^^^^^^^^^^^^^^^^^^^^^^^^^^^^^^^^^^^^^^^^
  File "/home/airflow/.local/lib/python3.12/site-packages/pyspark/sql/readwriter.py", line 425, in json
    return self._df(self._jreader.json(self._spark._sc._jvm.PythonUtils.toSeq(path)))
                    ^^^^^^^^^^^^^^^^^^^^^^^^^^^^^^^^^^^^^^^^^^^^^^^^^^^^^^^^^^^^^^^^
  File "/home/airflow/.local/lib/python3.12/site-packages/py4j/java_gateway.py", line 1322, in __call__
    return_value = get_return_value(
                   ^^^^^^^^^^^^^^^^^
  File "/home/airflow/.local/lib/python3.12/site-packages/pyspark/errors/exceptions/captured.py", line 185, in deco
    raise converted from None
pyspark.errors.exceptions.captured.AnalysisException: [PATH_NOT_FOUND] Path does not exist: file:/opt/airflow/dags/landing/customers/*.
[2026-08-12T20:43:02.752+0000] {processor.py:927} WARNING - No viable dags retrieved from /opt/airflow/dags/scripts/bronze_customers.py
[2026-08-12T20:43:02.837+0000] {processor.py:208} INFO - Processing /opt/airflow/dags/scripts/bronze_customers.py took 19.028 seconds
[2026-08-12T20:43:33.058+0000] {processor.py:186} INFO - Started process (PID=18988) to work on /opt/airflow/dags/scripts/bronze_customers.py
[2026-08-12T20:43:33.060+0000] {processor.py:914} INFO - Processing file /opt/airflow/dags/scripts/bronze_customers.py for tasks to queue
[2026-08-12T20:43:33.062+0000] {logging_mixin.py:190} INFO - [2026-08-12T20:43:33.062+0000] {dagbag.py:587} INFO - Filling up the DagBag from /opt/airflow/dags/scripts/bronze_customers.py
[2026-08-12T20:43:40.946+0000] {logging_mixin.py:190} INFO - [2026-08-12T20:43:40.877+0000] {dagbag.py:386} ERROR - Failed to import: /opt/airflow/dags/scripts/bronze_customers.py
Traceback (most recent call last):
  File "/home/airflow/.local/lib/python3.12/site-packages/airflow/models/dagbag.py", line 382, in parse
    loader.exec_module(new_module)
  File "<frozen importlib._bootstrap_external>", line 995, in exec_module
  File "<frozen importlib._bootstrap>", line 488, in _call_with_frames_removed
  File "/opt/airflow/dags/scripts/bronze_customers.py", line 6, in <module>
    df_customers = spark.read.json("/opt/airflow/dags/landing/customers/*")
                   ^^^^^^^^^^^^^^^^^^^^^^^^^^^^^^^^^^^^^^^^^^^^^^^^^^^^^^^^
  File "/home/airflow/.local/lib/python3.12/site-packages/pyspark/sql/readwriter.py", line 425, in json
    return self._df(self._jreader.json(self._spark._sc._jvm.PythonUtils.toSeq(path)))
                    ^^^^^^^^^^^^^^^^^^^^^^^^^^^^^^^^^^^^^^^^^^^^^^^^^^^^^^^^^^^^^^^^
  File "/home/airflow/.local/lib/python3.12/site-packages/py4j/java_gateway.py", line 1322, in __call__
    return_value = get_return_value(
                   ^^^^^^^^^^^^^^^^^
  File "/home/airflow/.local/lib/python3.12/site-packages/pyspark/errors/exceptions/captured.py", line 185, in deco
    raise converted from None
pyspark.errors.exceptions.captured.AnalysisException: [PATH_NOT_FOUND] Path does not exist: file:/opt/airflow/dags/landing/customers/*.
[2026-08-12T20:43:40.973+0000] {processor.py:927} WARNING - No viable dags retrieved from /opt/airflow/dags/scripts/bronze_customers.py
[2026-08-12T20:43:41.093+0000] {processor.py:208} INFO - Processing /opt/airflow/dags/scripts/bronze_customers.py took 8.044 seconds
[2026-08-12T20:44:11.506+0000] {processor.py:186} INFO - Started process (PID=19493) to work on /opt/airflow/dags/scripts/bronze_customers.py
[2026-08-12T20:44:11.508+0000] {processor.py:914} INFO - Processing file /opt/airflow/dags/scripts/bronze_customers.py for tasks to queue
[2026-08-12T20:44:11.510+0000] {logging_mixin.py:190} INFO - [2026-08-12T20:44:11.510+0000] {dagbag.py:587} INFO - Filling up the DagBag from /opt/airflow/dags/scripts/bronze_customers.py
[2026-08-12T20:44:29.233+0000] {logging_mixin.py:190} INFO - [2026-08-12T20:44:29.144+0000] {dagbag.py:386} ERROR - Failed to import: /opt/airflow/dags/scripts/bronze_customers.py
Traceback (most recent call last):
  File "/home/airflow/.local/lib/python3.12/site-packages/airflow/models/dagbag.py", line 382, in parse
    loader.exec_module(new_module)
  File "<frozen importlib._bootstrap_external>", line 995, in exec_module
  File "<frozen importlib._bootstrap>", line 488, in _call_with_frames_removed
  File "/opt/airflow/dags/scripts/bronze_customers.py", line 6, in <module>
    df_customers = spark.read.json("/opt/airflow/dags/landing/customers/*")
                   ^^^^^^^^^^^^^^^^^^^^^^^^^^^^^^^^^^^^^^^^^^^^^^^^^^^^^^^^
  File "/home/airflow/.local/lib/python3.12/site-packages/pyspark/sql/readwriter.py", line 425, in json
    return self._df(self._jreader.json(self._spark._sc._jvm.PythonUtils.toSeq(path)))
                    ^^^^^^^^^^^^^^^^^^^^^^^^^^^^^^^^^^^^^^^^^^^^^^^^^^^^^^^^^^^^^^^^
  File "/home/airflow/.local/lib/python3.12/site-packages/py4j/java_gateway.py", line 1322, in __call__
    return_value = get_return_value(
                   ^^^^^^^^^^^^^^^^^
  File "/home/airflow/.local/lib/python3.12/site-packages/pyspark/errors/exceptions/captured.py", line 185, in deco
    raise converted from None
pyspark.errors.exceptions.captured.AnalysisException: [PATH_NOT_FOUND] Path does not exist: file:/opt/airflow/dags/landing/customers/*.
[2026-08-12T20:44:29.270+0000] {processor.py:927} WARNING - No viable dags retrieved from /opt/airflow/dags/scripts/bronze_customers.py
[2026-08-12T20:44:29.421+0000] {processor.py:208} INFO - Processing /opt/airflow/dags/scripts/bronze_customers.py took 17.920 seconds
[2026-08-12T20:44:59.678+0000] {processor.py:186} INFO - Started process (PID=20007) to work on /opt/airflow/dags/scripts/bronze_customers.py
[2026-08-12T20:44:59.679+0000] {processor.py:914} INFO - Processing file /opt/airflow/dags/scripts/bronze_customers.py for tasks to queue
[2026-08-12T20:44:59.682+0000] {logging_mixin.py:190} INFO - [2026-08-12T20:44:59.682+0000] {dagbag.py:587} INFO - Filling up the DagBag from /opt/airflow/dags/scripts/bronze_customers.py
[2026-08-12T20:45:11.603+0000] {logging_mixin.py:190} INFO - [2026-08-12T20:45:11.569+0000] {dagbag.py:386} ERROR - Failed to import: /opt/airflow/dags/scripts/bronze_customers.py
Traceback (most recent call last):
  File "/home/airflow/.local/lib/python3.12/site-packages/airflow/models/dagbag.py", line 382, in parse
    loader.exec_module(new_module)
  File "<frozen importlib._bootstrap_external>", line 995, in exec_module
  File "<frozen importlib._bootstrap>", line 488, in _call_with_frames_removed
  File "/opt/airflow/dags/scripts/bronze_customers.py", line 6, in <module>
    df_customers = spark.read.json("/opt/airflow/dags/landing/customers/*")
                   ^^^^^^^^^^^^^^^^^^^^^^^^^^^^^^^^^^^^^^^^^^^^^^^^^^^^^^^^
  File "/home/airflow/.local/lib/python3.12/site-packages/pyspark/sql/readwriter.py", line 425, in json
    return self._df(self._jreader.json(self._spark._sc._jvm.PythonUtils.toSeq(path)))
                    ^^^^^^^^^^^^^^^^^^^^^^^^^^^^^^^^^^^^^^^^^^^^^^^^^^^^^^^^^^^^^^^^
  File "/home/airflow/.local/lib/python3.12/site-packages/py4j/java_gateway.py", line 1322, in __call__
    return_value = get_return_value(
                   ^^^^^^^^^^^^^^^^^
  File "/home/airflow/.local/lib/python3.12/site-packages/pyspark/errors/exceptions/captured.py", line 185, in deco
    raise converted from None
pyspark.errors.exceptions.captured.AnalysisException: [PATH_NOT_FOUND] Path does not exist: file:/opt/airflow/dags/landing/customers/*.
[2026-08-12T20:45:11.616+0000] {processor.py:927} WARNING - No viable dags retrieved from /opt/airflow/dags/scripts/bronze_customers.py
[2026-08-12T20:45:11.694+0000] {processor.py:208} INFO - Processing /opt/airflow/dags/scripts/bronze_customers.py took 12.029 seconds
[2026-08-12T20:45:43.106+0000] {processor.py:186} INFO - Started process (PID=20545) to work on /opt/airflow/dags/scripts/bronze_customers.py
[2026-08-12T20:45:43.110+0000] {processor.py:914} INFO - Processing file /opt/airflow/dags/scripts/bronze_customers.py for tasks to queue
[2026-08-12T20:45:43.115+0000] {logging_mixin.py:190} INFO - [2026-08-12T20:45:43.114+0000] {dagbag.py:587} INFO - Filling up the DagBag from /opt/airflow/dags/scripts/bronze_customers.py
[2026-08-12T20:46:07.546+0000] {logging_mixin.py:190} INFO - [2026-08-12T20:46:07.460+0000] {dagbag.py:386} ERROR - Failed to import: /opt/airflow/dags/scripts/bronze_customers.py
Traceback (most recent call last):
  File "/home/airflow/.local/lib/python3.12/site-packages/airflow/models/dagbag.py", line 382, in parse
    loader.exec_module(new_module)
  File "<frozen importlib._bootstrap_external>", line 995, in exec_module
  File "<frozen importlib._bootstrap>", line 488, in _call_with_frames_removed
  File "/opt/airflow/dags/scripts/bronze_customers.py", line 6, in <module>
    df_customers = spark.read.json("/opt/airflow/dags/landing/customers/*")
                   ^^^^^^^^^^^^^^^^^^^^^^^^^^^^^^^^^^^^^^^^^^^^^^^^^^^^^^^^
  File "/home/airflow/.local/lib/python3.12/site-packages/pyspark/sql/readwriter.py", line 425, in json
    return self._df(self._jreader.json(self._spark._sc._jvm.PythonUtils.toSeq(path)))
                    ^^^^^^^^^^^^^^^^^^^^^^^^^^^^^^^^^^^^^^^^^^^^^^^^^^^^^^^^^^^^^^^^
  File "/home/airflow/.local/lib/python3.12/site-packages/py4j/java_gateway.py", line 1322, in __call__
    return_value = get_return_value(
                   ^^^^^^^^^^^^^^^^^
  File "/home/airflow/.local/lib/python3.12/site-packages/pyspark/errors/exceptions/captured.py", line 179, in deco
    return f(*a, **kw)
           ^^^^^^^^^^^
  File "/home/airflow/.local/lib/python3.12/site-packages/py4j/protocol.py", line 326, in get_return_value
    raise Py4JJavaError(
py4j.protocol.Py4JJavaError: An error occurred while calling o25.json.
: org.apache.spark.SparkException: Job aborted due to stage failure: Task 0 in stage 0.0 failed 1 times, most recent failure: Lost task 0.0 in stage 0.0 (TID 0) (d97931a36b4d executor driver): org.apache.spark.SparkFileNotFoundException: File file:/opt/airflow/dags/landing/customers/customers.json does not exist
It is possible the underlying files have been updated. You can explicitly invalidate the cache in Spark by running 'REFRESH TABLE tableName' command in SQL or by recreating the Dataset/DataFrame involved.
	at org.apache.spark.sql.errors.QueryExecutionErrors$.readCurrentFileNotFoundError(QueryExecutionErrors.scala:780)
	at org.apache.spark.sql.execution.datasources.FileScanRDD$$anon$1.org$apache$spark$sql$execution$datasources$FileScanRDD$$anon$$readCurrentFile(FileScanRDD.scala:220)
	at org.apache.spark.sql.execution.datasources.FileScanRDD$$anon$1.nextIterator(FileScanRDD.scala:279)
	at org.apache.spark.sql.execution.datasources.FileScanRDD$$anon$1.hasNext(FileScanRDD.scala:129)
	at scala.collection.Iterator$$anon$10.hasNext(Iterator.scala:460)
	at scala.collection.Iterator$$anon$11.hasNext(Iterator.scala:491)
	at scala.collection.Iterator.isEmpty(Iterator.scala:387)
	at scala.collection.Iterator.isEmpty$(Iterator.scala:387)
	at scala.collection.AbstractIterator.isEmpty(Iterator.scala:1431)
	at scala.collection.TraversableOnce.reduceLeftOption(TraversableOnce.scala:249)
	at scala.collection.TraversableOnce.reduceLeftOption$(TraversableOnce.scala:248)
	at scala.collection.AbstractIterator.reduceLeftOption(Iterator.scala:1431)
	at scala.collection.TraversableOnce.reduceOption(TraversableOnce.scala:256)
	at scala.collection.TraversableOnce.reduceOption$(TraversableOnce.scala:256)
	at scala.collection.AbstractIterator.reduceOption(Iterator.scala:1431)
	at org.apache.spark.sql.catalyst.json.JsonInferSchema.$anonfun$infer$1(JsonInferSchema.scala:107)
	at org.apache.spark.rdd.RDD.$anonfun$mapPartitions$2(RDD.scala:858)
	at org.apache.spark.rdd.RDD.$anonfun$mapPartitions$2$adapted(RDD.scala:858)
	at org.apache.spark.rdd.MapPartitionsRDD.compute(MapPartitionsRDD.scala:52)
	at org.apache.spark.rdd.RDD.computeOrReadCheckpoint(RDD.scala:367)
	at org.apache.spark.rdd.RDD.iterator(RDD.scala:331)
	at org.apache.spark.scheduler.ResultTask.runTask(ResultTask.scala:93)
	at org.apache.spark.TaskContext.runTaskWithListeners(TaskContext.scala:166)
	at org.apache.spark.scheduler.Task.run(Task.scala:141)
	at org.apache.spark.executor.Executor$TaskRunner.$anonfun$run$4(Executor.scala:620)
	at org.apache.spark.util.SparkErrorUtils.tryWithSafeFinally(SparkErrorUtils.scala:64)
	at org.apache.spark.util.SparkErrorUtils.tryWithSafeFinally$(SparkErrorUtils.scala:61)
	at org.apache.spark.util.Utils$.tryWithSafeFinally(Utils.scala:94)
	at org.apache.spark.executor.Executor$TaskRunner.run(Executor.scala:623)
	at java.base/java.util.concurrent.ThreadPoolExecutor.runWorker(ThreadPoolExecutor.java:1136)
	at java.base/java.util.concurrent.ThreadPoolExecutor$Worker.run(ThreadPoolExecutor.java:635)
	at java.base/java.lang.Thread.run(Thread.java:840)

Driver stacktrace:
	at org.apache.spark.scheduler.DAGScheduler.failJobAndIndependentStages(DAGScheduler.scala:2856)
	at org.apache.spark.scheduler.DAGScheduler.$anonfun$abortStage$2(DAGScheduler.scala:2792)
	at org.apache.spark.scheduler.DAGScheduler.$anonfun$abortStage$2$adapted(DAGScheduler.scala:2791)
	at scala.collection.mutable.ResizableArray.foreach(ResizableArray.scala:62)
	at scala.collection.mutable.ResizableArray.foreach$(ResizableArray.scala:55)
	at scala.collection.mutable.ArrayBuffer.foreach(ArrayBuffer.scala:49)
	at org.apache.spark.scheduler.DAGScheduler.abortStage(DAGScheduler.scala:2791)
	at org.apache.spark.scheduler.DAGScheduler.$anonfun$handleTaskSetFailed$1(DAGScheduler.scala:1247)
	at org.apache.spark.scheduler.DAGScheduler.$anonfun$handleTaskSetFailed$1$adapted(DAGScheduler.scala:1247)
	at scala.Option.foreach(Option.scala:407)
	at org.apache.spark.scheduler.DAGScheduler.handleTaskSetFailed(DAGScheduler.scala:1247)
	at org.apache.spark.scheduler.DAGSchedulerEventProcessLoop.doOnReceive(DAGScheduler.scala:3060)
	at org.apache.spark.scheduler.DAGSchedulerEventProcessLoop.onReceive(DAGScheduler.scala:2994)
	at org.apache.spark.scheduler.DAGSchedulerEventProcessLoop.onReceive(DAGScheduler.scala:2983)
	at org.apache.spark.util.EventLoop$$anon$1.run(EventLoop.scala:49)
	at org.apache.spark.scheduler.DAGScheduler.runJob(DAGScheduler.scala:989)
	at org.apache.spark.SparkContext.runJob(SparkContext.scala:2398)
	at org.apache.spark.SparkContext.runJob(SparkContext.scala:2493)
	at org.apache.spark.sql.catalyst.json.JsonInferSchema.infer(JsonInferSchema.scala:120)
	at org.apache.spark.sql.execution.datasources.json.TextInputJsonDataSource$.$anonfun$inferFromDataset$5(JsonDataSource.scala:109)
	at org.apache.spark.sql.execution.SQLExecution$.withSQLConfPropagated(SQLExecution.scala:201)
	at org.apache.spark.sql.execution.datasources.json.TextInputJsonDataSource$.inferFromDataset(JsonDataSource.scala:109)
	at org.apache.spark.sql.execution.datasources.json.TextInputJsonDataSource$.infer(JsonDataSource.scala:98)
	at org.apache.spark.sql.execution.datasources.json.JsonDataSource.inferSchema(JsonDataSource.scala:64)
	at org.apache.spark.sql.execution.datasources.json.JsonFileFormat.inferSchema(JsonFileFormat.scala:59)
	at org.apache.spark.sql.execution.datasources.DataSource.$anonfun$getOrInferFileFormatSchema$11(DataSource.scala:208)
	at scala.Option.orElse(Option.scala:447)
	at org.apache.spark.sql.execution.datasources.DataSource.getOrInferFileFormatSchema(DataSource.scala:205)
	at org.apache.spark.sql.execution.datasources.DataSource.resolveRelation(DataSource.scala:407)
	at org.apache.spark.sql.DataFrameReader.loadV1Source(DataFrameReader.scala:229)
	at org.apache.spark.sql.DataFrameReader.$anonfun$load$2(DataFrameReader.scala:211)
	at scala.Option.getOrElse(Option.scala:189)
	at org.apache.spark.sql.DataFrameReader.load(DataFrameReader.scala:211)
	at org.apache.spark.sql.DataFrameReader.json(DataFrameReader.scala:362)
	at java.base/jdk.internal.reflect.NativeMethodAccessorImpl.invoke0(Native Method)
	at java.base/jdk.internal.reflect.NativeMethodAccessorImpl.invoke(NativeMethodAccessorImpl.java:77)
	at java.base/jdk.internal.reflect.DelegatingMethodAccessorImpl.invoke(DelegatingMethodAccessorImpl.java:43)
	at java.base/java.lang.reflect.Method.invoke(Method.java:569)
	at py4j.reflection.MethodInvoker.invoke(MethodInvoker.java:244)
	at py4j.reflection.ReflectionEngine.invoke(ReflectionEngine.java:374)
	at py4j.Gateway.invoke(Gateway.java:282)
	at py4j.commands.AbstractCommand.invokeMethod(AbstractCommand.java:132)
	at py4j.commands.CallCommand.execute(CallCommand.java:79)
	at py4j.ClientServerConnection.waitForCommands(ClientServerConnection.java:182)
	at py4j.ClientServerConnection.run(ClientServerConnection.java:106)
	at java.base/java.lang.Thread.run(Thread.java:840)
Caused by: org.apache.spark.SparkFileNotFoundException: File file:/opt/airflow/dags/landing/customers/customers.json does not exist
It is possible the underlying files have been updated. You can explicitly invalidate the cache in Spark by running 'REFRESH TABLE tableName' command in SQL or by recreating the Dataset/DataFrame involved.
	at org.apache.spark.sql.errors.QueryExecutionErrors$.readCurrentFileNotFoundError(QueryExecutionErrors.scala:780)
	at org.apache.spark.sql.execution.datasources.FileScanRDD$$anon$1.org$apache$spark$sql$execution$datasources$FileScanRDD$$anon$$readCurrentFile(FileScanRDD.scala:220)
	at org.apache.spark.sql.execution.datasources.FileScanRDD$$anon$1.nextIterator(FileScanRDD.scala:279)
	at org.apache.spark.sql.execution.datasources.FileScanRDD$$anon$1.hasNext(FileScanRDD.scala:129)
	at scala.collection.Iterator$$anon$10.hasNext(Iterator.scala:460)
	at scala.collection.Iterator$$anon$11.hasNext(Iterator.scala:491)
	at scala.collection.Iterator.isEmpty(Iterator.scala:387)
	at scala.collection.Iterator.isEmpty$(Iterator.scala:387)
	at scala.collection.AbstractIterator.isEmpty(Iterator.scala:1431)
	at scala.collection.TraversableOnce.reduceLeftOption(TraversableOnce.scala:249)
	at scala.collection.TraversableOnce.reduceLeftOption$(TraversableOnce.scala:248)
	at scala.collection.AbstractIterator.reduceLeftOption(Iterator.scala:1431)
	at scala.collection.TraversableOnce.reduceOption(TraversableOnce.scala:256)
	at scala.collection.TraversableOnce.reduceOption$(TraversableOnce.scala:256)
	at scala.collection.AbstractIterator.reduceOption(Iterator.scala:1431)
	at org.apache.spark.sql.catalyst.json.JsonInferSchema.$anonfun$infer$1(JsonInferSchema.scala:107)
	at org.apache.spark.rdd.RDD.$anonfun$mapPartitions$2(RDD.scala:858)
	at org.apache.spark.rdd.RDD.$anonfun$mapPartitions$2$adapted(RDD.scala:858)
	at org.apache.spark.rdd.MapPartitionsRDD.compute(MapPartitionsRDD.scala:52)
	at org.apache.spark.rdd.RDD.computeOrReadCheckpoint(RDD.scala:367)
	at org.apache.spark.rdd.RDD.iterator(RDD.scala:331)
	at org.apache.spark.scheduler.ResultTask.runTask(ResultTask.scala:93)
	at org.apache.spark.TaskContext.runTaskWithListeners(TaskContext.scala:166)
	at org.apache.spark.scheduler.Task.run(Task.scala:141)
	at org.apache.spark.executor.Executor$TaskRunner.$anonfun$run$4(Executor.scala:620)
	at org.apache.spark.util.SparkErrorUtils.tryWithSafeFinally(SparkErrorUtils.scala:64)
	at org.apache.spark.util.SparkErrorUtils.tryWithSafeFinally$(SparkErrorUtils.scala:61)
	at org.apache.spark.util.Utils$.tryWithSafeFinally(Utils.scala:94)
	at org.apache.spark.executor.Executor$TaskRunner.run(Executor.scala:623)
	at java.base/java.util.concurrent.ThreadPoolExecutor.runWorker(ThreadPoolExecutor.java:1136)
	at java.base/java.util.concurrent.ThreadPoolExecutor$Worker.run(ThreadPoolExecutor.java:635)
	... 1 more
[2026-08-12T20:46:07.594+0000] {processor.py:927} WARNING - No viable dags retrieved from /opt/airflow/dags/scripts/bronze_customers.py
[2026-08-12T20:46:07.659+0000] {processor.py:208} INFO - Processing /opt/airflow/dags/scripts/bronze_customers.py took 24.571 seconds
[2026-08-12T20:46:28.573+0000] {processor.py:186} INFO - Started process (PID=21081) to work on /opt/airflow/dags/scripts/bronze_customers.py
[2026-08-12T20:46:28.578+0000] {processor.py:914} INFO - Processing file /opt/airflow/dags/scripts/bronze_customers.py for tasks to queue
[2026-08-12T20:46:28.587+0000] {logging_mixin.py:190} INFO - [2026-08-12T20:46:28.584+0000] {dagbag.py:587} INFO - Filling up the DagBag from /opt/airflow/dags/scripts/bronze_customers.py
[2026-08-12T20:46:58.646+0000] {logging_mixin.py:190} INFO - [2026-08-12T20:46:58.644+0000] {timeout.py:68} ERROR - Process timed out, PID: 21081
[2026-08-12T20:47:29.251+0000] {processor.py:186} INFO - Started process (PID=21752) to work on /opt/airflow/dags/scripts/bronze_customers.py
[2026-08-12T20:47:29.254+0000] {processor.py:914} INFO - Processing file /opt/airflow/dags/scripts/bronze_customers.py for tasks to queue
[2026-08-12T20:47:29.257+0000] {logging_mixin.py:190} INFO - [2026-08-12T20:47:29.257+0000] {dagbag.py:587} INFO - Filling up the DagBag from /opt/airflow/dags/scripts/bronze_customers.py
[2026-08-12T20:47:59.295+0000] {logging_mixin.py:190} INFO - [2026-08-12T20:47:59.294+0000] {timeout.py:68} ERROR - Process timed out, PID: 21752
[2026-08-12T20:48:30.372+0000] {processor.py:186} INFO - Started process (PID=22417) to work on /opt/airflow/dags/scripts/bronze_customers.py
[2026-08-12T20:48:30.376+0000] {processor.py:914} INFO - Processing file /opt/airflow/dags/scripts/bronze_customers.py for tasks to queue
[2026-08-12T20:48:30.385+0000] {logging_mixin.py:190} INFO - [2026-08-12T20:48:30.383+0000] {dagbag.py:587} INFO - Filling up the DagBag from /opt/airflow/dags/scripts/bronze_customers.py
[2026-08-12T20:49:00.441+0000] {logging_mixin.py:190} INFO - [2026-08-12T20:49:00.438+0000] {timeout.py:68} ERROR - Process timed out, PID: 22417
[2026-08-12T20:49:30.837+0000] {processor.py:186} INFO - Started process (PID=22947) to work on /opt/airflow/dags/scripts/bronze_customers.py
[2026-08-12T20:49:30.841+0000] {processor.py:914} INFO - Processing file /opt/airflow/dags/scripts/bronze_customers.py for tasks to queue
[2026-08-12T20:49:30.846+0000] {logging_mixin.py:190} INFO - [2026-08-12T20:49:30.845+0000] {dagbag.py:587} INFO - Filling up the DagBag from /opt/airflow/dags/scripts/bronze_customers.py
[2026-08-12T20:50:00.895+0000] {logging_mixin.py:190} INFO - [2026-08-12T20:50:00.893+0000] {timeout.py:68} ERROR - Process timed out, PID: 22947
[2026-08-12T20:50:31.346+0000] {processor.py:186} INFO - Started process (PID=23519) to work on /opt/airflow/dags/scripts/bronze_customers.py
[2026-08-12T20:50:31.353+0000] {processor.py:914} INFO - Processing file /opt/airflow/dags/scripts/bronze_customers.py for tasks to queue
[2026-08-12T20:50:31.362+0000] {logging_mixin.py:190} INFO - [2026-08-12T20:50:31.360+0000] {dagbag.py:587} INFO - Filling up the DagBag from /opt/airflow/dags/scripts/bronze_customers.py
[2026-08-12T20:51:01.541+0000] {logging_mixin.py:190} INFO - [2026-08-12T20:51:01.515+0000] {timeout.py:68} ERROR - Process timed out, PID: 23519
[2026-08-12T20:51:32.947+0000] {processor.py:186} INFO - Started process (PID=24014) to work on /opt/airflow/dags/scripts/bronze_customers.py
[2026-08-12T20:51:32.964+0000] {processor.py:914} INFO - Processing file /opt/airflow/dags/scripts/bronze_customers.py for tasks to queue
[2026-08-12T20:51:32.980+0000] {logging_mixin.py:190} INFO - [2026-08-12T20:51:32.969+0000] {dagbag.py:587} INFO - Filling up the DagBag from /opt/airflow/dags/scripts/bronze_customers.py
[2026-08-12T20:52:03.115+0000] {logging_mixin.py:190} INFO - [2026-08-12T20:52:03.111+0000] {timeout.py:68} ERROR - Process timed out, PID: 24014
[2026-08-12T20:52:34.724+0000] {processor.py:186} INFO - Started process (PID=24551) to work on /opt/airflow/dags/scripts/bronze_customers.py
[2026-08-12T20:52:34.738+0000] {processor.py:914} INFO - Processing file /opt/airflow/dags/scripts/bronze_customers.py for tasks to queue
[2026-08-12T20:52:34.760+0000] {logging_mixin.py:190} INFO - [2026-08-12T20:52:34.758+0000] {dagbag.py:587} INFO - Filling up the DagBag from /opt/airflow/dags/scripts/bronze_customers.py
[2026-08-12T20:53:04.866+0000] {logging_mixin.py:190} INFO - [2026-08-12T20:53:04.864+0000] {timeout.py:68} ERROR - Process timed out, PID: 24551
[2026-08-12T20:53:36.851+0000] {processor.py:186} INFO - Started process (PID=25070) to work on /opt/airflow/dags/scripts/bronze_customers.py
[2026-08-12T20:53:36.866+0000] {processor.py:914} INFO - Processing file /opt/airflow/dags/scripts/bronze_customers.py for tasks to queue
[2026-08-12T20:53:36.878+0000] {logging_mixin.py:190} INFO - [2026-08-12T20:53:36.874+0000] {dagbag.py:587} INFO - Filling up the DagBag from /opt/airflow/dags/scripts/bronze_customers.py
[2026-08-12T20:54:07.036+0000] {logging_mixin.py:190} INFO - [2026-08-12T20:54:07.028+0000] {timeout.py:68} ERROR - Process timed out, PID: 25070
[2026-08-12T20:54:37.904+0000] {processor.py:186} INFO - Started process (PID=25539) to work on /opt/airflow/dags/scripts/bronze_customers.py
[2026-08-12T20:54:37.929+0000] {processor.py:914} INFO - Processing file /opt/airflow/dags/scripts/bronze_customers.py for tasks to queue
[2026-08-12T20:54:37.949+0000] {logging_mixin.py:190} INFO - [2026-08-12T20:54:37.937+0000] {dagbag.py:587} INFO - Filling up the DagBag from /opt/airflow/dags/scripts/bronze_customers.py
[2026-08-12T20:55:08.065+0000] {logging_mixin.py:190} INFO - [2026-08-12T20:55:08.061+0000] {timeout.py:68} ERROR - Process timed out, PID: 25539
[2026-08-12T20:55:40.728+0000] {processor.py:186} INFO - Started process (PID=26022) to work on /opt/airflow/dags/scripts/bronze_customers.py
[2026-08-12T20:55:40.734+0000] {processor.py:914} INFO - Processing file /opt/airflow/dags/scripts/bronze_customers.py for tasks to queue
[2026-08-12T20:55:40.742+0000] {logging_mixin.py:190} INFO - [2026-08-12T20:55:40.740+0000] {dagbag.py:587} INFO - Filling up the DagBag from /opt/airflow/dags/scripts/bronze_customers.py
[2026-08-12T20:56:10.826+0000] {logging_mixin.py:190} INFO - [2026-08-12T20:56:10.822+0000] {timeout.py:68} ERROR - Process timed out, PID: 26022
[2026-08-12T20:56:41.723+0000] {processor.py:186} INFO - Started process (PID=26552) to work on /opt/airflow/dags/scripts/bronze_customers.py
[2026-08-12T20:56:41.729+0000] {processor.py:914} INFO - Processing file /opt/airflow/dags/scripts/bronze_customers.py for tasks to queue
[2026-08-12T20:56:41.738+0000] {logging_mixin.py:190} INFO - [2026-08-12T20:56:41.735+0000] {dagbag.py:587} INFO - Filling up the DagBag from /opt/airflow/dags/scripts/bronze_customers.py
[2026-08-12T20:57:11.837+0000] {logging_mixin.py:190} INFO - [2026-08-12T20:57:11.834+0000] {timeout.py:68} ERROR - Process timed out, PID: 26552
[2026-08-12T20:57:43.199+0000] {processor.py:186} INFO - Started process (PID=27099) to work on /opt/airflow/dags/scripts/bronze_customers.py
[2026-08-12T20:57:43.209+0000] {processor.py:914} INFO - Processing file /opt/airflow/dags/scripts/bronze_customers.py for tasks to queue
[2026-08-12T20:57:43.229+0000] {logging_mixin.py:190} INFO - [2026-08-12T20:57:43.226+0000] {dagbag.py:587} INFO - Filling up the DagBag from /opt/airflow/dags/scripts/bronze_customers.py
[2026-08-12T20:58:13.412+0000] {logging_mixin.py:190} INFO - [2026-08-12T20:58:13.400+0000] {timeout.py:68} ERROR - Process timed out, PID: 27099
[2026-08-12T20:59:37.083+0000] {processor.py:186} INFO - Started process (PID=27513) to work on /opt/airflow/dags/scripts/bronze_customers.py
[2026-08-12T20:59:37.099+0000] {processor.py:914} INFO - Processing file /opt/airflow/dags/scripts/bronze_customers.py for tasks to queue
[2026-08-12T20:59:37.113+0000] {logging_mixin.py:190} INFO - [2026-08-12T20:59:37.112+0000] {dagbag.py:587} INFO - Filling up the DagBag from /opt/airflow/dags/scripts/bronze_customers.py
[2026-08-12T21:04:56.841+0000] {processor.py:186} INFO - Started process (PID=28058) to work on /opt/airflow/dags/scripts/bronze_customers.py
[2026-08-12T21:04:56.845+0000] {processor.py:914} INFO - Processing file /opt/airflow/dags/scripts/bronze_customers.py for tasks to queue
[2026-08-12T21:04:56.849+0000] {logging_mixin.py:190} INFO - [2026-08-12T21:04:56.847+0000] {dagbag.py:587} INFO - Filling up the DagBag from /opt/airflow/dags/scripts/bronze_customers.py
[2026-08-12T21:05:26.894+0000] {logging_mixin.py:190} INFO - [2026-08-12T21:05:26.885+0000] {timeout.py:68} ERROR - Process timed out, PID: 28058
[2026-08-12T21:05:57.545+0000] {processor.py:186} INFO - Started process (PID=28629) to work on /opt/airflow/dags/scripts/bronze_customers.py
[2026-08-12T21:05:57.551+0000] {processor.py:914} INFO - Processing file /opt/airflow/dags/scripts/bronze_customers.py for tasks to queue
[2026-08-12T21:05:57.567+0000] {logging_mixin.py:190} INFO - [2026-08-12T21:05:57.566+0000] {dagbag.py:587} INFO - Filling up the DagBag from /opt/airflow/dags/scripts/bronze_customers.py
[2026-08-12T21:06:19.603+0000] {processor.py:927} WARNING - No viable dags retrieved from /opt/airflow/dags/scripts/bronze_customers.py
[2026-08-12T21:06:19.627+0000] {processor.py:208} INFO - Processing /opt/airflow/dags/scripts/bronze_customers.py took 22.106 seconds
[2026-08-12T21:06:56.267+0000] {processor.py:186} INFO - Started process (PID=29290) to work on /opt/airflow/dags/scripts/bronze_customers.py
[2026-08-12T21:06:56.269+0000] {processor.py:914} INFO - Processing file /opt/airflow/dags/scripts/bronze_customers.py for tasks to queue
[2026-08-12T21:06:56.275+0000] {logging_mixin.py:190} INFO - [2026-08-12T21:06:56.274+0000] {dagbag.py:587} INFO - Filling up the DagBag from /opt/airflow/dags/scripts/bronze_customers.py
[2026-08-12T21:06:56.500+0000] {processor.py:927} WARNING - No viable dags retrieved from /opt/airflow/dags/scripts/bronze_customers.py
[2026-08-12T21:06:56.533+0000] {processor.py:208} INFO - Processing /opt/airflow/dags/scripts/bronze_customers.py took 0.277 seconds
[2026-08-12T21:07:27.366+0000] {processor.py:186} INFO - Started process (PID=29341) to work on /opt/airflow/dags/scripts/bronze_customers.py
[2026-08-12T21:07:27.367+0000] {processor.py:914} INFO - Processing file /opt/airflow/dags/scripts/bronze_customers.py for tasks to queue
[2026-08-12T21:07:27.369+0000] {logging_mixin.py:190} INFO - [2026-08-12T21:07:27.369+0000] {dagbag.py:587} INFO - Filling up the DagBag from /opt/airflow/dags/scripts/bronze_customers.py
[2026-08-12T21:07:27.536+0000] {processor.py:927} WARNING - No viable dags retrieved from /opt/airflow/dags/scripts/bronze_customers.py
[2026-08-12T21:07:27.582+0000] {processor.py:208} INFO - Processing /opt/airflow/dags/scripts/bronze_customers.py took 0.227 seconds
[2026-08-12T21:07:57.900+0000] {processor.py:186} INFO - Started process (PID=29354) to work on /opt/airflow/dags/scripts/bronze_customers.py
[2026-08-12T21:07:57.902+0000] {processor.py:914} INFO - Processing file /opt/airflow/dags/scripts/bronze_customers.py for tasks to queue
[2026-08-12T21:07:57.905+0000] {logging_mixin.py:190} INFO - [2026-08-12T21:07:57.904+0000] {dagbag.py:587} INFO - Filling up the DagBag from /opt/airflow/dags/scripts/bronze_customers.py
[2026-08-12T21:07:58.030+0000] {processor.py:927} WARNING - No viable dags retrieved from /opt/airflow/dags/scripts/bronze_customers.py
[2026-08-12T21:07:58.047+0000] {processor.py:208} INFO - Processing /opt/airflow/dags/scripts/bronze_customers.py took 0.157 seconds
[2026-08-12T21:08:28.291+0000] {processor.py:186} INFO - Started process (PID=29367) to work on /opt/airflow/dags/scripts/bronze_customers.py
[2026-08-12T21:08:28.293+0000] {processor.py:914} INFO - Processing file /opt/airflow/dags/scripts/bronze_customers.py for tasks to queue
[2026-08-12T21:08:28.298+0000] {logging_mixin.py:190} INFO - [2026-08-12T21:08:28.297+0000] {dagbag.py:587} INFO - Filling up the DagBag from /opt/airflow/dags/scripts/bronze_customers.py
[2026-08-12T21:08:28.531+0000] {processor.py:927} WARNING - No viable dags retrieved from /opt/airflow/dags/scripts/bronze_customers.py
[2026-08-12T21:08:28.569+0000] {processor.py:208} INFO - Processing /opt/airflow/dags/scripts/bronze_customers.py took 0.298 seconds
[2026-08-12T21:08:58.755+0000] {processor.py:186} INFO - Started process (PID=29380) to work on /opt/airflow/dags/scripts/bronze_customers.py
[2026-08-12T21:08:58.756+0000] {processor.py:914} INFO - Processing file /opt/airflow/dags/scripts/bronze_customers.py for tasks to queue
[2026-08-12T21:08:58.759+0000] {logging_mixin.py:190} INFO - [2026-08-12T21:08:58.758+0000] {dagbag.py:587} INFO - Filling up the DagBag from /opt/airflow/dags/scripts/bronze_customers.py
[2026-08-12T21:08:58.880+0000] {processor.py:927} WARNING - No viable dags retrieved from /opt/airflow/dags/scripts/bronze_customers.py
[2026-08-12T21:08:58.902+0000] {processor.py:208} INFO - Processing /opt/airflow/dags/scripts/bronze_customers.py took 0.154 seconds
