[2026-08-12T20:28:15.929+0000] {processor.py:186} INFO - Started process (PID=9925) to work on /opt/airflow/dags/scripts/bronze_orders.py
[2026-08-12T20:28:15.934+0000] {processor.py:914} INFO - Processing file /opt/airflow/dags/scripts/bronze_orders.py for tasks to queue
[2026-08-12T20:28:15.945+0000] {logging_mixin.py:190} INFO - [2026-08-12T20:28:15.943+0000] {dagbag.py:587} INFO - Filling up the DagBag from /opt/airflow/dags/scripts/bronze_orders.py
[2026-08-12T20:28:44.421+0000] {logging_mixin.py:190} INFO - [2026-08-12T20:28:44.347+0000] {dagbag.py:386} ERROR - Failed to import: /opt/airflow/dags/scripts/bronze_orders.py
Traceback (most recent call last):
  File "/home/airflow/.local/lib/python3.12/site-packages/airflow/models/dagbag.py", line 382, in parse
    loader.exec_module(new_module)
  File "<frozen importlib._bootstrap_external>", line 995, in exec_module
  File "<frozen importlib._bootstrap>", line 488, in _call_with_frames_removed
  File "/opt/airflow/dags/scripts/bronze_orders.py", line 6, in <module>
    df_orders = spark.read.json("/opt/airflow/dags/landing/orders/*")
                ^^^^^^^^^^^^^^^^^^^^^^^^^^^^^^^^^^^^^^^^^^^^^^^^^^^^^
  File "/home/airflow/.local/lib/python3.12/site-packages/pyspark/sql/readwriter.py", line 425, in json
    return self._df(self._jreader.json(self._spark._sc._jvm.PythonUtils.toSeq(path)))
                    ^^^^^^^^^^^^^^^^^^^^^^^^^^^^^^^^^^^^^^^^^^^^^^^^^^^^^^^^^^^^^^^^
  File "/home/airflow/.local/lib/python3.12/site-packages/py4j/java_gateway.py", line 1322, in __call__
    return_value = get_return_value(
                   ^^^^^^^^^^^^^^^^^
  File "/home/airflow/.local/lib/python3.12/site-packages/pyspark/errors/exceptions/captured.py", line 185, in deco
    raise converted from None
pyspark.errors.exceptions.captured.AnalysisException: [PATH_NOT_FOUND] Path does not exist: file:/opt/airflow/dags/landing/orders/*.
[2026-08-12T20:28:44.468+0000] {processor.py:927} WARNING - No viable dags retrieved from /opt/airflow/dags/scripts/bronze_orders.py
[2026-08-12T20:28:44.596+0000] {processor.py:208} INFO - Processing /opt/airflow/dags/scripts/bronze_orders.py took 28.718 seconds
[2026-08-12T20:29:18.323+0000] {processor.py:186} INFO - Started process (PID=10439) to work on /opt/airflow/dags/scripts/bronze_orders.py
[2026-08-12T20:29:18.339+0000] {processor.py:914} INFO - Processing file /opt/airflow/dags/scripts/bronze_orders.py for tasks to queue
[2026-08-12T20:29:18.380+0000] {logging_mixin.py:190} INFO - [2026-08-12T20:29:18.373+0000] {dagbag.py:587} INFO - Filling up the DagBag from /opt/airflow/dags/scripts/bronze_orders.py
[2026-08-12T20:29:36.586+0000] {logging_mixin.py:190} INFO - [2026-08-12T20:29:36.484+0000] {dagbag.py:386} ERROR - Failed to import: /opt/airflow/dags/scripts/bronze_orders.py
Traceback (most recent call last):
  File "/home/airflow/.local/lib/python3.12/site-packages/airflow/models/dagbag.py", line 382, in parse
    loader.exec_module(new_module)
  File "<frozen importlib._bootstrap_external>", line 995, in exec_module
  File "<frozen importlib._bootstrap>", line 488, in _call_with_frames_removed
  File "/opt/airflow/dags/scripts/bronze_orders.py", line 6, in <module>
    df_orders = spark.read.json("/opt/airflow/dags/landing/orders/*")
                ^^^^^^^^^^^^^^^^^^^^^^^^^^^^^^^^^^^^^^^^^^^^^^^^^^^^^
  File "/home/airflow/.local/lib/python3.12/site-packages/pyspark/sql/readwriter.py", line 425, in json
    return self._df(self._jreader.json(self._spark._sc._jvm.PythonUtils.toSeq(path)))
                    ^^^^^^^^^^^^^^^^^^^^^^^^^^^^^^^^^^^^^^^^^^^^^^^^^^^^^^^^^^^^^^^^
  File "/home/airflow/.local/lib/python3.12/site-packages/py4j/java_gateway.py", line 1322, in __call__
    return_value = get_return_value(
                   ^^^^^^^^^^^^^^^^^
  File "/home/airflow/.local/lib/python3.12/site-packages/pyspark/errors/exceptions/captured.py", line 185, in deco
    raise converted from None
pyspark.errors.exceptions.captured.AnalysisException: [PATH_NOT_FOUND] Path does not exist: file:/opt/airflow/dags/landing/orders/*.
[2026-08-12T20:29:36.619+0000] {processor.py:927} WARNING - No viable dags retrieved from /opt/airflow/dags/scripts/bronze_orders.py
[2026-08-12T20:29:36.783+0000] {processor.py:208} INFO - Processing /opt/airflow/dags/scripts/bronze_orders.py took 18.622 seconds
[2026-08-12T20:30:07.134+0000] {processor.py:186} INFO - Started process (PID=11010) to work on /opt/airflow/dags/scripts/bronze_orders.py
[2026-08-12T20:30:07.135+0000] {processor.py:914} INFO - Processing file /opt/airflow/dags/scripts/bronze_orders.py for tasks to queue
[2026-08-12T20:30:07.137+0000] {logging_mixin.py:190} INFO - [2026-08-12T20:30:07.137+0000] {dagbag.py:587} INFO - Filling up the DagBag from /opt/airflow/dags/scripts/bronze_orders.py
[2026-08-12T20:30:13.896+0000] {logging_mixin.py:190} INFO - [2026-08-12T20:30:13.867+0000] {dagbag.py:386} ERROR - Failed to import: /opt/airflow/dags/scripts/bronze_orders.py
Traceback (most recent call last):
  File "/home/airflow/.local/lib/python3.12/site-packages/airflow/models/dagbag.py", line 382, in parse
    loader.exec_module(new_module)
  File "<frozen importlib._bootstrap_external>", line 995, in exec_module
  File "<frozen importlib._bootstrap>", line 488, in _call_with_frames_removed
  File "/opt/airflow/dags/scripts/bronze_orders.py", line 6, in <module>
    df_orders = spark.read.json("/opt/airflow/dags/landing/orders/*")
                ^^^^^^^^^^^^^^^^^^^^^^^^^^^^^^^^^^^^^^^^^^^^^^^^^^^^^
  File "/home/airflow/.local/lib/python3.12/site-packages/pyspark/sql/readwriter.py", line 425, in json
    return self._df(self._jreader.json(self._spark._sc._jvm.PythonUtils.toSeq(path)))
                    ^^^^^^^^^^^^^^^^^^^^^^^^^^^^^^^^^^^^^^^^^^^^^^^^^^^^^^^^^^^^^^^^
  File "/home/airflow/.local/lib/python3.12/site-packages/py4j/java_gateway.py", line 1322, in __call__
    return_value = get_return_value(
                   ^^^^^^^^^^^^^^^^^
  File "/home/airflow/.local/lib/python3.12/site-packages/pyspark/errors/exceptions/captured.py", line 185, in deco
    raise converted from None
pyspark.errors.exceptions.captured.AnalysisException: [PATH_NOT_FOUND] Path does not exist: file:/opt/airflow/dags/landing/orders/*.
[2026-08-12T20:30:13.907+0000] {processor.py:927} WARNING - No viable dags retrieved from /opt/airflow/dags/scripts/bronze_orders.py
[2026-08-12T20:30:13.975+0000] {processor.py:208} INFO - Processing /opt/airflow/dags/scripts/bronze_orders.py took 6.853 seconds
[2026-08-12T20:30:49.769+0000] {processor.py:186} INFO - Started process (PID=11515) to work on /opt/airflow/dags/scripts/bronze_orders.py
[2026-08-12T20:30:49.774+0000] {processor.py:914} INFO - Processing file /opt/airflow/dags/scripts/bronze_orders.py for tasks to queue
[2026-08-12T20:30:49.777+0000] {logging_mixin.py:190} INFO - [2026-08-12T20:30:49.777+0000] {dagbag.py:587} INFO - Filling up the DagBag from /opt/airflow/dags/scripts/bronze_orders.py
[2026-08-12T20:30:56.638+0000] {logging_mixin.py:190} INFO - [2026-08-12T20:30:56.615+0000] {dagbag.py:386} ERROR - Failed to import: /opt/airflow/dags/scripts/bronze_orders.py
Traceback (most recent call last):
  File "/home/airflow/.local/lib/python3.12/site-packages/airflow/models/dagbag.py", line 382, in parse
    loader.exec_module(new_module)
  File "<frozen importlib._bootstrap_external>", line 995, in exec_module
  File "<frozen importlib._bootstrap>", line 488, in _call_with_frames_removed
  File "/opt/airflow/dags/scripts/bronze_orders.py", line 6, in <module>
    df_orders = spark.read.json("/opt/airflow/dags/landing/orders/*")
                ^^^^^^^^^^^^^^^^^^^^^^^^^^^^^^^^^^^^^^^^^^^^^^^^^^^^^
  File "/home/airflow/.local/lib/python3.12/site-packages/pyspark/sql/readwriter.py", line 425, in json
    return self._df(self._jreader.json(self._spark._sc._jvm.PythonUtils.toSeq(path)))
                    ^^^^^^^^^^^^^^^^^^^^^^^^^^^^^^^^^^^^^^^^^^^^^^^^^^^^^^^^^^^^^^^^
  File "/home/airflow/.local/lib/python3.12/site-packages/py4j/java_gateway.py", line 1322, in __call__
    return_value = get_return_value(
                   ^^^^^^^^^^^^^^^^^
  File "/home/airflow/.local/lib/python3.12/site-packages/pyspark/errors/exceptions/captured.py", line 185, in deco
    raise converted from None
pyspark.errors.exceptions.captured.AnalysisException: [PATH_NOT_FOUND] Path does not exist: file:/opt/airflow/dags/landing/orders/*.
[2026-08-12T20:30:56.645+0000] {processor.py:927} WARNING - No viable dags retrieved from /opt/airflow/dags/scripts/bronze_orders.py
[2026-08-12T20:30:56.693+0000] {processor.py:208} INFO - Processing /opt/airflow/dags/scripts/bronze_orders.py took 6.940 seconds
[2026-08-12T20:31:32.801+0000] {processor.py:186} INFO - Started process (PID=11982) to work on /opt/airflow/dags/scripts/bronze_orders.py
[2026-08-12T20:31:32.805+0000] {processor.py:914} INFO - Processing file /opt/airflow/dags/scripts/bronze_orders.py for tasks to queue
[2026-08-12T20:31:32.814+0000] {logging_mixin.py:190} INFO - [2026-08-12T20:31:32.812+0000] {dagbag.py:587} INFO - Filling up the DagBag from /opt/airflow/dags/scripts/bronze_orders.py
[2026-08-12T20:31:51.097+0000] {logging_mixin.py:190} INFO - [2026-08-12T20:31:51.066+0000] {dagbag.py:386} ERROR - Failed to import: /opt/airflow/dags/scripts/bronze_orders.py
Traceback (most recent call last):
  File "/home/airflow/.local/lib/python3.12/site-packages/airflow/models/dagbag.py", line 382, in parse
    loader.exec_module(new_module)
  File "<frozen importlib._bootstrap_external>", line 995, in exec_module
  File "<frozen importlib._bootstrap>", line 488, in _call_with_frames_removed
  File "/opt/airflow/dags/scripts/bronze_orders.py", line 6, in <module>
    df_orders = spark.read.json("/opt/airflow/dags/landing/orders/*")
                ^^^^^^^^^^^^^^^^^^^^^^^^^^^^^^^^^^^^^^^^^^^^^^^^^^^^^
  File "/home/airflow/.local/lib/python3.12/site-packages/pyspark/sql/readwriter.py", line 425, in json
    return self._df(self._jreader.json(self._spark._sc._jvm.PythonUtils.toSeq(path)))
                    ^^^^^^^^^^^^^^^^^^^^^^^^^^^^^^^^^^^^^^^^^^^^^^^^^^^^^^^^^^^^^^^^
  File "/home/airflow/.local/lib/python3.12/site-packages/py4j/java_gateway.py", line 1322, in __call__
    return_value = get_return_value(
                   ^^^^^^^^^^^^^^^^^
  File "/home/airflow/.local/lib/python3.12/site-packages/pyspark/errors/exceptions/captured.py", line 185, in deco
    raise converted from None
pyspark.errors.exceptions.captured.AnalysisException: [PATH_NOT_FOUND] Path does not exist: file:/opt/airflow/dags/landing/orders/*.
[2026-08-12T20:31:51.106+0000] {processor.py:927} WARNING - No viable dags retrieved from /opt/airflow/dags/scripts/bronze_orders.py
[2026-08-12T20:31:51.160+0000] {processor.py:208} INFO - Processing /opt/airflow/dags/scripts/bronze_orders.py took 18.415 seconds
[2026-08-12T20:32:21.425+0000] {processor.py:186} INFO - Started process (PID=12548) to work on /opt/airflow/dags/scripts/bronze_orders.py
[2026-08-12T20:32:21.430+0000] {processor.py:914} INFO - Processing file /opt/airflow/dags/scripts/bronze_orders.py for tasks to queue
[2026-08-12T20:32:21.437+0000] {logging_mixin.py:190} INFO - [2026-08-12T20:32:21.435+0000] {dagbag.py:587} INFO - Filling up the DagBag from /opt/airflow/dags/scripts/bronze_orders.py
[2026-08-12T20:32:31.689+0000] {logging_mixin.py:190} INFO - [2026-08-12T20:32:31.661+0000] {dagbag.py:386} ERROR - Failed to import: /opt/airflow/dags/scripts/bronze_orders.py
Traceback (most recent call last):
  File "/home/airflow/.local/lib/python3.12/site-packages/airflow/models/dagbag.py", line 382, in parse
    loader.exec_module(new_module)
  File "<frozen importlib._bootstrap_external>", line 995, in exec_module
  File "<frozen importlib._bootstrap>", line 488, in _call_with_frames_removed
  File "/opt/airflow/dags/scripts/bronze_orders.py", line 6, in <module>
    df_orders = spark.read.json("/opt/airflow/dags/landing/orders/*")
                ^^^^^^^^^^^^^^^^^^^^^^^^^^^^^^^^^^^^^^^^^^^^^^^^^^^^^
  File "/home/airflow/.local/lib/python3.12/site-packages/pyspark/sql/readwriter.py", line 425, in json
    return self._df(self._jreader.json(self._spark._sc._jvm.PythonUtils.toSeq(path)))
                    ^^^^^^^^^^^^^^^^^^^^^^^^^^^^^^^^^^^^^^^^^^^^^^^^^^^^^^^^^^^^^^^^
  File "/home/airflow/.local/lib/python3.12/site-packages/py4j/java_gateway.py", line 1322, in __call__
    return_value = get_return_value(
                   ^^^^^^^^^^^^^^^^^
  File "/home/airflow/.local/lib/python3.12/site-packages/pyspark/errors/exceptions/captured.py", line 185, in deco
    raise converted from None
pyspark.errors.exceptions.captured.AnalysisException: [PATH_NOT_FOUND] Path does not exist: file:/opt/airflow/dags/landing/orders/*.
[2026-08-12T20:32:31.702+0000] {processor.py:927} WARNING - No viable dags retrieved from /opt/airflow/dags/scripts/bronze_orders.py
[2026-08-12T20:32:31.762+0000] {processor.py:208} INFO - Processing /opt/airflow/dags/scripts/bronze_orders.py took 10.368 seconds
[2026-08-12T20:33:02.490+0000] {processor.py:186} INFO - Started process (PID=12979) to work on /opt/airflow/dags/scripts/bronze_orders.py
[2026-08-12T20:33:02.495+0000] {processor.py:914} INFO - Processing file /opt/airflow/dags/scripts/bronze_orders.py for tasks to queue
[2026-08-12T20:33:02.502+0000] {logging_mixin.py:190} INFO - [2026-08-12T20:33:02.501+0000] {dagbag.py:587} INFO - Filling up the DagBag from /opt/airflow/dags/scripts/bronze_orders.py
[2026-08-12T20:33:17.171+0000] {logging_mixin.py:190} INFO - [2026-08-12T20:33:17.142+0000] {dagbag.py:386} ERROR - Failed to import: /opt/airflow/dags/scripts/bronze_orders.py
Traceback (most recent call last):
  File "/home/airflow/.local/lib/python3.12/site-packages/airflow/models/dagbag.py", line 382, in parse
    loader.exec_module(new_module)
  File "<frozen importlib._bootstrap_external>", line 995, in exec_module
  File "<frozen importlib._bootstrap>", line 488, in _call_with_frames_removed
  File "/opt/airflow/dags/scripts/bronze_orders.py", line 6, in <module>
    df_orders = spark.read.json("/opt/airflow/dags/landing/orders/*")
                ^^^^^^^^^^^^^^^^^^^^^^^^^^^^^^^^^^^^^^^^^^^^^^^^^^^^^
  File "/home/airflow/.local/lib/python3.12/site-packages/pyspark/sql/readwriter.py", line 425, in json
    return self._df(self._jreader.json(self._spark._sc._jvm.PythonUtils.toSeq(path)))
                    ^^^^^^^^^^^^^^^^^^^^^^^^^^^^^^^^^^^^^^^^^^^^^^^^^^^^^^^^^^^^^^^^
  File "/home/airflow/.local/lib/python3.12/site-packages/py4j/java_gateway.py", line 1322, in __call__
    return_value = get_return_value(
                   ^^^^^^^^^^^^^^^^^
  File "/home/airflow/.local/lib/python3.12/site-packages/pyspark/errors/exceptions/captured.py", line 185, in deco
    raise converted from None
pyspark.errors.exceptions.captured.AnalysisException: [PATH_NOT_FOUND] Path does not exist: file:/opt/airflow/dags/landing/orders/*.
[2026-08-12T20:33:17.181+0000] {processor.py:927} WARNING - No viable dags retrieved from /opt/airflow/dags/scripts/bronze_orders.py
[2026-08-12T20:33:17.238+0000] {processor.py:208} INFO - Processing /opt/airflow/dags/scripts/bronze_orders.py took 14.786 seconds
[2026-08-12T20:33:49.799+0000] {processor.py:186} INFO - Started process (PID=13512) to work on /opt/airflow/dags/scripts/bronze_orders.py
[2026-08-12T20:33:49.802+0000] {processor.py:914} INFO - Processing file /opt/airflow/dags/scripts/bronze_orders.py for tasks to queue
[2026-08-12T20:33:49.810+0000] {logging_mixin.py:190} INFO - [2026-08-12T20:33:49.808+0000] {dagbag.py:587} INFO - Filling up the DagBag from /opt/airflow/dags/scripts/bronze_orders.py
[2026-08-12T20:34:00.398+0000] {logging_mixin.py:190} INFO - [2026-08-12T20:34:00.368+0000] {dagbag.py:386} ERROR - Failed to import: /opt/airflow/dags/scripts/bronze_orders.py
Traceback (most recent call last):
  File "/home/airflow/.local/lib/python3.12/site-packages/airflow/models/dagbag.py", line 382, in parse
    loader.exec_module(new_module)
  File "<frozen importlib._bootstrap_external>", line 995, in exec_module
  File "<frozen importlib._bootstrap>", line 488, in _call_with_frames_removed
  File "/opt/airflow/dags/scripts/bronze_orders.py", line 6, in <module>
    df_orders = spark.read.json("/opt/airflow/dags/landing/orders/*")
                ^^^^^^^^^^^^^^^^^^^^^^^^^^^^^^^^^^^^^^^^^^^^^^^^^^^^^
  File "/home/airflow/.local/lib/python3.12/site-packages/pyspark/sql/readwriter.py", line 425, in json
    return self._df(self._jreader.json(self._spark._sc._jvm.PythonUtils.toSeq(path)))
                    ^^^^^^^^^^^^^^^^^^^^^^^^^^^^^^^^^^^^^^^^^^^^^^^^^^^^^^^^^^^^^^^^
  File "/home/airflow/.local/lib/python3.12/site-packages/py4j/java_gateway.py", line 1322, in __call__
    return_value = get_return_value(
                   ^^^^^^^^^^^^^^^^^
  File "/home/airflow/.local/lib/python3.12/site-packages/pyspark/errors/exceptions/captured.py", line 185, in deco
    raise converted from None
pyspark.errors.exceptions.captured.AnalysisException: [PATH_NOT_FOUND] Path does not exist: file:/opt/airflow/dags/landing/orders/*.
[2026-08-12T20:34:00.408+0000] {processor.py:927} WARNING - No viable dags retrieved from /opt/airflow/dags/scripts/bronze_orders.py
[2026-08-12T20:34:00.465+0000] {processor.py:208} INFO - Processing /opt/airflow/dags/scripts/bronze_orders.py took 10.682 seconds
[2026-08-12T20:34:54.303+0000] {processor.py:186} INFO - Started process (PID=13892) to work on /opt/airflow/dags/scripts/bronze_orders.py
[2026-08-12T20:34:54.322+0000] {processor.py:914} INFO - Processing file /opt/airflow/dags/scripts/bronze_orders.py for tasks to queue
[2026-08-12T20:34:54.353+0000] {logging_mixin.py:190} INFO - [2026-08-12T20:34:54.339+0000] {dagbag.py:587} INFO - Filling up the DagBag from /opt/airflow/dags/scripts/bronze_orders.py
[2026-08-12T20:35:24.506+0000] {logging_mixin.py:190} INFO - [2026-08-12T20:35:24.502+0000] {timeout.py:68} ERROR - Process timed out, PID: 13892
[2026-08-12T20:35:59.212+0000] {processor.py:186} INFO - Started process (PID=14096) to work on /opt/airflow/dags/scripts/bronze_orders.py
[2026-08-12T20:35:59.217+0000] {processor.py:914} INFO - Processing file /opt/airflow/dags/scripts/bronze_orders.py for tasks to queue
[2026-08-12T20:35:59.230+0000] {logging_mixin.py:190} INFO - [2026-08-12T20:35:59.229+0000] {dagbag.py:587} INFO - Filling up the DagBag from /opt/airflow/dags/scripts/bronze_orders.py
[2026-08-12T20:36:29.363+0000] {logging_mixin.py:190} INFO - [2026-08-12T20:36:29.360+0000] {timeout.py:68} ERROR - Process timed out, PID: 14096
[2026-08-12T20:37:00.373+0000] {processor.py:186} INFO - Started process (PID=14549) to work on /opt/airflow/dags/scripts/bronze_orders.py
[2026-08-12T20:37:00.380+0000] {processor.py:914} INFO - Processing file /opt/airflow/dags/scripts/bronze_orders.py for tasks to queue
[2026-08-12T20:37:00.389+0000] {logging_mixin.py:190} INFO - [2026-08-12T20:37:00.387+0000] {dagbag.py:587} INFO - Filling up the DagBag from /opt/airflow/dags/scripts/bronze_orders.py
[2026-08-12T20:37:20.275+0000] {logging_mixin.py:190} INFO - [2026-08-12T20:37:20.223+0000] {dagbag.py:386} ERROR - Failed to import: /opt/airflow/dags/scripts/bronze_orders.py
Traceback (most recent call last):
  File "/home/airflow/.local/lib/python3.12/site-packages/airflow/models/dagbag.py", line 382, in parse
    loader.exec_module(new_module)
  File "<frozen importlib._bootstrap_external>", line 995, in exec_module
  File "<frozen importlib._bootstrap>", line 488, in _call_with_frames_removed
  File "/opt/airflow/dags/scripts/bronze_orders.py", line 6, in <module>
    df_orders = spark.read.json("/opt/airflow/dags/landing/orders/*")
                ^^^^^^^^^^^^^^^^^^^^^^^^^^^^^^^^^^^^^^^^^^^^^^^^^^^^^
  File "/home/airflow/.local/lib/python3.12/site-packages/pyspark/sql/readwriter.py", line 425, in json
    return self._df(self._jreader.json(self._spark._sc._jvm.PythonUtils.toSeq(path)))
                    ^^^^^^^^^^^^^^^^^^^^^^^^^^^^^^^^^^^^^^^^^^^^^^^^^^^^^^^^^^^^^^^^
  File "/home/airflow/.local/lib/python3.12/site-packages/py4j/java_gateway.py", line 1322, in __call__
    return_value = get_return_value(
                   ^^^^^^^^^^^^^^^^^
  File "/home/airflow/.local/lib/python3.12/site-packages/pyspark/errors/exceptions/captured.py", line 185, in deco
    raise converted from None
pyspark.errors.exceptions.captured.AnalysisException: [PATH_NOT_FOUND] Path does not exist: file:/opt/airflow/dags/landing/orders/*.
[2026-08-12T20:37:20.305+0000] {processor.py:927} WARNING - No viable dags retrieved from /opt/airflow/dags/scripts/bronze_orders.py
[2026-08-12T20:37:20.386+0000] {processor.py:208} INFO - Processing /opt/airflow/dags/scripts/bronze_orders.py took 20.052 seconds
[2026-08-12T20:37:50.922+0000] {processor.py:186} INFO - Started process (PID=15063) to work on /opt/airflow/dags/scripts/bronze_orders.py
[2026-08-12T20:37:50.923+0000] {processor.py:914} INFO - Processing file /opt/airflow/dags/scripts/bronze_orders.py for tasks to queue
[2026-08-12T20:37:50.926+0000] {logging_mixin.py:190} INFO - [2026-08-12T20:37:50.926+0000] {dagbag.py:587} INFO - Filling up the DagBag from /opt/airflow/dags/scripts/bronze_orders.py
[2026-08-12T20:37:59.507+0000] {logging_mixin.py:190} INFO - [2026-08-12T20:37:59.468+0000] {dagbag.py:386} ERROR - Failed to import: /opt/airflow/dags/scripts/bronze_orders.py
Traceback (most recent call last):
  File "/home/airflow/.local/lib/python3.12/site-packages/airflow/models/dagbag.py", line 382, in parse
    loader.exec_module(new_module)
  File "<frozen importlib._bootstrap_external>", line 995, in exec_module
  File "<frozen importlib._bootstrap>", line 488, in _call_with_frames_removed
  File "/opt/airflow/dags/scripts/bronze_orders.py", line 6, in <module>
    df_orders = spark.read.json("/opt/airflow/dags/landing/orders/*")
                ^^^^^^^^^^^^^^^^^^^^^^^^^^^^^^^^^^^^^^^^^^^^^^^^^^^^^
  File "/home/airflow/.local/lib/python3.12/site-packages/pyspark/sql/readwriter.py", line 425, in json
    return self._df(self._jreader.json(self._spark._sc._jvm.PythonUtils.toSeq(path)))
                    ^^^^^^^^^^^^^^^^^^^^^^^^^^^^^^^^^^^^^^^^^^^^^^^^^^^^^^^^^^^^^^^^
  File "/home/airflow/.local/lib/python3.12/site-packages/py4j/java_gateway.py", line 1322, in __call__
    return_value = get_return_value(
                   ^^^^^^^^^^^^^^^^^
  File "/home/airflow/.local/lib/python3.12/site-packages/pyspark/errors/exceptions/captured.py", line 185, in deco
    raise converted from None
pyspark.errors.exceptions.captured.AnalysisException: [PATH_NOT_FOUND] Path does not exist: file:/opt/airflow/dags/landing/orders/*.
[2026-08-12T20:37:59.521+0000] {processor.py:927} WARNING - No viable dags retrieved from /opt/airflow/dags/scripts/bronze_orders.py
[2026-08-12T20:37:59.595+0000] {processor.py:208} INFO - Processing /opt/airflow/dags/scripts/bronze_orders.py took 8.681 seconds
[2026-08-12T20:38:30.282+0000] {processor.py:186} INFO - Started process (PID=15539) to work on /opt/airflow/dags/scripts/bronze_orders.py
[2026-08-12T20:38:30.286+0000] {processor.py:914} INFO - Processing file /opt/airflow/dags/scripts/bronze_orders.py for tasks to queue
[2026-08-12T20:38:30.292+0000] {logging_mixin.py:190} INFO - [2026-08-12T20:38:30.291+0000] {dagbag.py:587} INFO - Filling up the DagBag from /opt/airflow/dags/scripts/bronze_orders.py
[2026-08-12T20:38:38.787+0000] {logging_mixin.py:190} INFO - [2026-08-12T20:38:38.765+0000] {dagbag.py:386} ERROR - Failed to import: /opt/airflow/dags/scripts/bronze_orders.py
Traceback (most recent call last):
  File "/home/airflow/.local/lib/python3.12/site-packages/airflow/models/dagbag.py", line 382, in parse
    loader.exec_module(new_module)
  File "<frozen importlib._bootstrap_external>", line 995, in exec_module
  File "<frozen importlib._bootstrap>", line 488, in _call_with_frames_removed
  File "/opt/airflow/dags/scripts/bronze_orders.py", line 6, in <module>
    df_orders = spark.read.json("/opt/airflow/dags/landing/orders/*")
                ^^^^^^^^^^^^^^^^^^^^^^^^^^^^^^^^^^^^^^^^^^^^^^^^^^^^^
  File "/home/airflow/.local/lib/python3.12/site-packages/pyspark/sql/readwriter.py", line 425, in json
    return self._df(self._jreader.json(self._spark._sc._jvm.PythonUtils.toSeq(path)))
                    ^^^^^^^^^^^^^^^^^^^^^^^^^^^^^^^^^^^^^^^^^^^^^^^^^^^^^^^^^^^^^^^^
  File "/home/airflow/.local/lib/python3.12/site-packages/py4j/java_gateway.py", line 1322, in __call__
    return_value = get_return_value(
                   ^^^^^^^^^^^^^^^^^
  File "/home/airflow/.local/lib/python3.12/site-packages/pyspark/errors/exceptions/captured.py", line 185, in deco
    raise converted from None
pyspark.errors.exceptions.captured.AnalysisException: [PATH_NOT_FOUND] Path does not exist: file:/opt/airflow/dags/landing/orders/*.
[2026-08-12T20:38:38.798+0000] {processor.py:927} WARNING - No viable dags retrieved from /opt/airflow/dags/scripts/bronze_orders.py
[2026-08-12T20:38:38.844+0000] {processor.py:208} INFO - Processing /opt/airflow/dags/scripts/bronze_orders.py took 8.590 seconds
[2026-08-12T20:39:13.108+0000] {processor.py:186} INFO - Started process (PID=15980) to work on /opt/airflow/dags/scripts/bronze_orders.py
[2026-08-12T20:39:13.117+0000] {processor.py:914} INFO - Processing file /opt/airflow/dags/scripts/bronze_orders.py for tasks to queue
[2026-08-12T20:39:13.132+0000] {logging_mixin.py:190} INFO - [2026-08-12T20:39:13.130+0000] {dagbag.py:587} INFO - Filling up the DagBag from /opt/airflow/dags/scripts/bronze_orders.py
[2026-08-12T20:39:24.042+0000] {logging_mixin.py:190} INFO - [2026-08-12T20:39:24.002+0000] {dagbag.py:386} ERROR - Failed to import: /opt/airflow/dags/scripts/bronze_orders.py
Traceback (most recent call last):
  File "/home/airflow/.local/lib/python3.12/site-packages/airflow/models/dagbag.py", line 382, in parse
    loader.exec_module(new_module)
  File "<frozen importlib._bootstrap_external>", line 995, in exec_module
  File "<frozen importlib._bootstrap>", line 488, in _call_with_frames_removed
  File "/opt/airflow/dags/scripts/bronze_orders.py", line 6, in <module>
    df_orders = spark.read.json("/opt/airflow/dags/landing/orders/*")
                ^^^^^^^^^^^^^^^^^^^^^^^^^^^^^^^^^^^^^^^^^^^^^^^^^^^^^
  File "/home/airflow/.local/lib/python3.12/site-packages/pyspark/sql/readwriter.py", line 425, in json
    return self._df(self._jreader.json(self._spark._sc._jvm.PythonUtils.toSeq(path)))
                    ^^^^^^^^^^^^^^^^^^^^^^^^^^^^^^^^^^^^^^^^^^^^^^^^^^^^^^^^^^^^^^^^
  File "/home/airflow/.local/lib/python3.12/site-packages/py4j/java_gateway.py", line 1322, in __call__
    return_value = get_return_value(
                   ^^^^^^^^^^^^^^^^^
  File "/home/airflow/.local/lib/python3.12/site-packages/pyspark/errors/exceptions/captured.py", line 185, in deco
    raise converted from None
pyspark.errors.exceptions.captured.AnalysisException: [PATH_NOT_FOUND] Path does not exist: file:/opt/airflow/dags/landing/orders/*.
[2026-08-12T20:39:24.060+0000] {processor.py:927} WARNING - No viable dags retrieved from /opt/airflow/dags/scripts/bronze_orders.py
[2026-08-12T20:39:24.125+0000] {processor.py:208} INFO - Processing /opt/airflow/dags/scripts/bronze_orders.py took 11.067 seconds
[2026-08-12T20:39:54.725+0000] {processor.py:186} INFO - Started process (PID=16522) to work on /opt/airflow/dags/scripts/bronze_orders.py
[2026-08-12T20:39:54.728+0000] {processor.py:914} INFO - Processing file /opt/airflow/dags/scripts/bronze_orders.py for tasks to queue
[2026-08-12T20:39:54.732+0000] {logging_mixin.py:190} INFO - [2026-08-12T20:39:54.731+0000] {dagbag.py:587} INFO - Filling up the DagBag from /opt/airflow/dags/scripts/bronze_orders.py
[2026-08-12T20:40:05.389+0000] {logging_mixin.py:190} INFO - [2026-08-12T20:40:05.350+0000] {dagbag.py:386} ERROR - Failed to import: /opt/airflow/dags/scripts/bronze_orders.py
Traceback (most recent call last):
  File "/home/airflow/.local/lib/python3.12/site-packages/airflow/models/dagbag.py", line 382, in parse
    loader.exec_module(new_module)
  File "<frozen importlib._bootstrap_external>", line 995, in exec_module
  File "<frozen importlib._bootstrap>", line 488, in _call_with_frames_removed
  File "/opt/airflow/dags/scripts/bronze_orders.py", line 6, in <module>
    df_orders = spark.read.json("/opt/airflow/dags/landing/orders/*")
                ^^^^^^^^^^^^^^^^^^^^^^^^^^^^^^^^^^^^^^^^^^^^^^^^^^^^^
  File "/home/airflow/.local/lib/python3.12/site-packages/pyspark/sql/readwriter.py", line 425, in json
    return self._df(self._jreader.json(self._spark._sc._jvm.PythonUtils.toSeq(path)))
                    ^^^^^^^^^^^^^^^^^^^^^^^^^^^^^^^^^^^^^^^^^^^^^^^^^^^^^^^^^^^^^^^^
  File "/home/airflow/.local/lib/python3.12/site-packages/py4j/java_gateway.py", line 1322, in __call__
    return_value = get_return_value(
                   ^^^^^^^^^^^^^^^^^
  File "/home/airflow/.local/lib/python3.12/site-packages/pyspark/errors/exceptions/captured.py", line 185, in deco
    raise converted from None
pyspark.errors.exceptions.captured.AnalysisException: [PATH_NOT_FOUND] Path does not exist: file:/opt/airflow/dags/landing/orders/*.
[2026-08-12T20:40:05.399+0000] {processor.py:927} WARNING - No viable dags retrieved from /opt/airflow/dags/scripts/bronze_orders.py
[2026-08-12T20:40:05.457+0000] {processor.py:208} INFO - Processing /opt/airflow/dags/scripts/bronze_orders.py took 10.752 seconds
[2026-08-12T20:40:35.636+0000] {processor.py:186} INFO - Started process (PID=17029) to work on /opt/airflow/dags/scripts/bronze_orders.py
[2026-08-12T20:40:35.640+0000] {processor.py:914} INFO - Processing file /opt/airflow/dags/scripts/bronze_orders.py for tasks to queue
[2026-08-12T20:40:35.645+0000] {logging_mixin.py:190} INFO - [2026-08-12T20:40:35.644+0000] {dagbag.py:587} INFO - Filling up the DagBag from /opt/airflow/dags/scripts/bronze_orders.py
[2026-08-12T20:40:45.085+0000] {logging_mixin.py:190} INFO - [2026-08-12T20:40:45.063+0000] {dagbag.py:386} ERROR - Failed to import: /opt/airflow/dags/scripts/bronze_orders.py
Traceback (most recent call last):
  File "/home/airflow/.local/lib/python3.12/site-packages/airflow/models/dagbag.py", line 382, in parse
    loader.exec_module(new_module)
  File "<frozen importlib._bootstrap_external>", line 995, in exec_module
  File "<frozen importlib._bootstrap>", line 488, in _call_with_frames_removed
  File "/opt/airflow/dags/scripts/bronze_orders.py", line 6, in <module>
    df_orders = spark.read.json("/opt/airflow/dags/landing/orders/*")
                ^^^^^^^^^^^^^^^^^^^^^^^^^^^^^^^^^^^^^^^^^^^^^^^^^^^^^
  File "/home/airflow/.local/lib/python3.12/site-packages/pyspark/sql/readwriter.py", line 425, in json
    return self._df(self._jreader.json(self._spark._sc._jvm.PythonUtils.toSeq(path)))
                    ^^^^^^^^^^^^^^^^^^^^^^^^^^^^^^^^^^^^^^^^^^^^^^^^^^^^^^^^^^^^^^^^
  File "/home/airflow/.local/lib/python3.12/site-packages/py4j/java_gateway.py", line 1322, in __call__
    return_value = get_return_value(
                   ^^^^^^^^^^^^^^^^^
  File "/home/airflow/.local/lib/python3.12/site-packages/pyspark/errors/exceptions/captured.py", line 185, in deco
    raise converted from None
pyspark.errors.exceptions.captured.AnalysisException: [PATH_NOT_FOUND] Path does not exist: file:/opt/airflow/dags/landing/orders/*.
[2026-08-12T20:40:45.092+0000] {processor.py:927} WARNING - No viable dags retrieved from /opt/airflow/dags/scripts/bronze_orders.py
[2026-08-12T20:40:45.141+0000] {processor.py:208} INFO - Processing /opt/airflow/dags/scripts/bronze_orders.py took 9.525 seconds
[2026-08-12T20:41:15.620+0000] {processor.py:186} INFO - Started process (PID=17493) to work on /opt/airflow/dags/scripts/bronze_orders.py
[2026-08-12T20:41:15.625+0000] {processor.py:914} INFO - Processing file /opt/airflow/dags/scripts/bronze_orders.py for tasks to queue
[2026-08-12T20:41:15.631+0000] {logging_mixin.py:190} INFO - [2026-08-12T20:41:15.630+0000] {dagbag.py:587} INFO - Filling up the DagBag from /opt/airflow/dags/scripts/bronze_orders.py
[2026-08-12T20:41:33.938+0000] {logging_mixin.py:190} INFO - [2026-08-12T20:41:33.892+0000] {dagbag.py:386} ERROR - Failed to import: /opt/airflow/dags/scripts/bronze_orders.py
Traceback (most recent call last):
  File "/home/airflow/.local/lib/python3.12/site-packages/airflow/models/dagbag.py", line 382, in parse
    loader.exec_module(new_module)
  File "<frozen importlib._bootstrap_external>", line 995, in exec_module
  File "<frozen importlib._bootstrap>", line 488, in _call_with_frames_removed
  File "/opt/airflow/dags/scripts/bronze_orders.py", line 6, in <module>
    df_orders = spark.read.json("/opt/airflow/dags/landing/orders/*")
                ^^^^^^^^^^^^^^^^^^^^^^^^^^^^^^^^^^^^^^^^^^^^^^^^^^^^^
  File "/home/airflow/.local/lib/python3.12/site-packages/pyspark/sql/readwriter.py", line 425, in json
    return self._df(self._jreader.json(self._spark._sc._jvm.PythonUtils.toSeq(path)))
                    ^^^^^^^^^^^^^^^^^^^^^^^^^^^^^^^^^^^^^^^^^^^^^^^^^^^^^^^^^^^^^^^^
  File "/home/airflow/.local/lib/python3.12/site-packages/py4j/java_gateway.py", line 1322, in __call__
    return_value = get_return_value(
                   ^^^^^^^^^^^^^^^^^
  File "/home/airflow/.local/lib/python3.12/site-packages/pyspark/errors/exceptions/captured.py", line 185, in deco
    raise converted from None
pyspark.errors.exceptions.captured.AnalysisException: [PATH_NOT_FOUND] Path does not exist: file:/opt/airflow/dags/landing/orders/*.
[2026-08-12T20:41:33.966+0000] {processor.py:927} WARNING - No viable dags retrieved from /opt/airflow/dags/scripts/bronze_orders.py
[2026-08-12T20:41:34.090+0000] {processor.py:208} INFO - Processing /opt/airflow/dags/scripts/bronze_orders.py took 18.492 seconds
[2026-08-12T20:42:04.382+0000] {processor.py:186} INFO - Started process (PID=18030) to work on /opt/airflow/dags/scripts/bronze_orders.py
[2026-08-12T20:42:04.386+0000] {processor.py:914} INFO - Processing file /opt/airflow/dags/scripts/bronze_orders.py for tasks to queue
[2026-08-12T20:42:04.392+0000] {logging_mixin.py:190} INFO - [2026-08-12T20:42:04.391+0000] {dagbag.py:587} INFO - Filling up the DagBag from /opt/airflow/dags/scripts/bronze_orders.py
[2026-08-12T20:42:17.201+0000] {logging_mixin.py:190} INFO - [2026-08-12T20:42:17.172+0000] {dagbag.py:386} ERROR - Failed to import: /opt/airflow/dags/scripts/bronze_orders.py
Traceback (most recent call last):
  File "/home/airflow/.local/lib/python3.12/site-packages/airflow/models/dagbag.py", line 382, in parse
    loader.exec_module(new_module)
  File "<frozen importlib._bootstrap_external>", line 995, in exec_module
  File "<frozen importlib._bootstrap>", line 488, in _call_with_frames_removed
  File "/opt/airflow/dags/scripts/bronze_orders.py", line 6, in <module>
    df_orders = spark.read.json("/opt/airflow/dags/landing/orders/*")
                ^^^^^^^^^^^^^^^^^^^^^^^^^^^^^^^^^^^^^^^^^^^^^^^^^^^^^
  File "/home/airflow/.local/lib/python3.12/site-packages/pyspark/sql/readwriter.py", line 425, in json
    return self._df(self._jreader.json(self._spark._sc._jvm.PythonUtils.toSeq(path)))
                    ^^^^^^^^^^^^^^^^^^^^^^^^^^^^^^^^^^^^^^^^^^^^^^^^^^^^^^^^^^^^^^^^
  File "/home/airflow/.local/lib/python3.12/site-packages/py4j/java_gateway.py", line 1322, in __call__
    return_value = get_return_value(
                   ^^^^^^^^^^^^^^^^^
  File "/home/airflow/.local/lib/python3.12/site-packages/pyspark/errors/exceptions/captured.py", line 185, in deco
    raise converted from None
pyspark.errors.exceptions.captured.AnalysisException: [PATH_NOT_FOUND] Path does not exist: file:/opt/airflow/dags/landing/orders/*.
[2026-08-12T20:42:17.211+0000] {processor.py:927} WARNING - No viable dags retrieved from /opt/airflow/dags/scripts/bronze_orders.py
[2026-08-12T20:42:17.263+0000] {processor.py:208} INFO - Processing /opt/airflow/dags/scripts/bronze_orders.py took 12.916 seconds
[2026-08-12T20:42:47.515+0000] {processor.py:186} INFO - Started process (PID=18526) to work on /opt/airflow/dags/scripts/bronze_orders.py
[2026-08-12T20:42:47.523+0000] {processor.py:914} INFO - Processing file /opt/airflow/dags/scripts/bronze_orders.py for tasks to queue
[2026-08-12T20:42:47.531+0000] {logging_mixin.py:190} INFO - [2026-08-12T20:42:47.529+0000] {dagbag.py:587} INFO - Filling up the DagBag from /opt/airflow/dags/scripts/bronze_orders.py
[2026-08-12T20:43:04.372+0000] {logging_mixin.py:190} INFO - [2026-08-12T20:43:04.341+0000] {dagbag.py:386} ERROR - Failed to import: /opt/airflow/dags/scripts/bronze_orders.py
Traceback (most recent call last):
  File "/home/airflow/.local/lib/python3.12/site-packages/airflow/models/dagbag.py", line 382, in parse
    loader.exec_module(new_module)
  File "<frozen importlib._bootstrap_external>", line 995, in exec_module
  File "<frozen importlib._bootstrap>", line 488, in _call_with_frames_removed
  File "/opt/airflow/dags/scripts/bronze_orders.py", line 6, in <module>
    df_orders = spark.read.json("/opt/airflow/dags/landing/orders/*")
                ^^^^^^^^^^^^^^^^^^^^^^^^^^^^^^^^^^^^^^^^^^^^^^^^^^^^^
  File "/home/airflow/.local/lib/python3.12/site-packages/pyspark/sql/readwriter.py", line 425, in json
    return self._df(self._jreader.json(self._spark._sc._jvm.PythonUtils.toSeq(path)))
                    ^^^^^^^^^^^^^^^^^^^^^^^^^^^^^^^^^^^^^^^^^^^^^^^^^^^^^^^^^^^^^^^^
  File "/home/airflow/.local/lib/python3.12/site-packages/py4j/java_gateway.py", line 1322, in __call__
    return_value = get_return_value(
                   ^^^^^^^^^^^^^^^^^
  File "/home/airflow/.local/lib/python3.12/site-packages/pyspark/errors/exceptions/captured.py", line 185, in deco
    raise converted from None
pyspark.errors.exceptions.captured.AnalysisException: [PATH_NOT_FOUND] Path does not exist: file:/opt/airflow/dags/landing/orders/*.
[2026-08-12T20:43:04.380+0000] {processor.py:927} WARNING - No viable dags retrieved from /opt/airflow/dags/scripts/bronze_orders.py
[2026-08-12T20:43:04.438+0000] {processor.py:208} INFO - Processing /opt/airflow/dags/scripts/bronze_orders.py took 16.965 seconds
[2026-08-12T20:43:35.156+0000] {processor.py:186} INFO - Started process (PID=19045) to work on /opt/airflow/dags/scripts/bronze_orders.py
[2026-08-12T20:43:35.159+0000] {processor.py:914} INFO - Processing file /opt/airflow/dags/scripts/bronze_orders.py for tasks to queue
[2026-08-12T20:43:35.165+0000] {logging_mixin.py:190} INFO - [2026-08-12T20:43:35.163+0000] {dagbag.py:587} INFO - Filling up the DagBag from /opt/airflow/dags/scripts/bronze_orders.py
[2026-08-12T20:43:44.833+0000] {logging_mixin.py:190} INFO - [2026-08-12T20:43:44.796+0000] {dagbag.py:386} ERROR - Failed to import: /opt/airflow/dags/scripts/bronze_orders.py
Traceback (most recent call last):
  File "/home/airflow/.local/lib/python3.12/site-packages/airflow/models/dagbag.py", line 382, in parse
    loader.exec_module(new_module)
  File "<frozen importlib._bootstrap_external>", line 995, in exec_module
  File "<frozen importlib._bootstrap>", line 488, in _call_with_frames_removed
  File "/opt/airflow/dags/scripts/bronze_orders.py", line 6, in <module>
    df_orders = spark.read.json("/opt/airflow/dags/landing/orders/*")
                ^^^^^^^^^^^^^^^^^^^^^^^^^^^^^^^^^^^^^^^^^^^^^^^^^^^^^
  File "/home/airflow/.local/lib/python3.12/site-packages/pyspark/sql/readwriter.py", line 425, in json
    return self._df(self._jreader.json(self._spark._sc._jvm.PythonUtils.toSeq(path)))
                    ^^^^^^^^^^^^^^^^^^^^^^^^^^^^^^^^^^^^^^^^^^^^^^^^^^^^^^^^^^^^^^^^
  File "/home/airflow/.local/lib/python3.12/site-packages/py4j/java_gateway.py", line 1322, in __call__
    return_value = get_return_value(
                   ^^^^^^^^^^^^^^^^^
  File "/home/airflow/.local/lib/python3.12/site-packages/pyspark/errors/exceptions/captured.py", line 185, in deco
    raise converted from None
pyspark.errors.exceptions.captured.AnalysisException: [PATH_NOT_FOUND] Path does not exist: file:/opt/airflow/dags/landing/orders/*.
[2026-08-12T20:43:44.855+0000] {processor.py:927} WARNING - No viable dags retrieved from /opt/airflow/dags/scripts/bronze_orders.py
[2026-08-12T20:43:44.939+0000] {processor.py:208} INFO - Processing /opt/airflow/dags/scripts/bronze_orders.py took 9.810 seconds
[2026-08-12T20:44:15.089+0000] {processor.py:186} INFO - Started process (PID=19561) to work on /opt/airflow/dags/scripts/bronze_orders.py
[2026-08-12T20:44:15.093+0000] {processor.py:914} INFO - Processing file /opt/airflow/dags/scripts/bronze_orders.py for tasks to queue
[2026-08-12T20:44:15.098+0000] {logging_mixin.py:190} INFO - [2026-08-12T20:44:15.097+0000] {dagbag.py:587} INFO - Filling up the DagBag from /opt/airflow/dags/scripts/bronze_orders.py
[2026-08-12T20:44:40.929+0000] {logging_mixin.py:190} INFO - [2026-08-12T20:44:40.765+0000] {dagbag.py:386} ERROR - Failed to import: /opt/airflow/dags/scripts/bronze_orders.py
Traceback (most recent call last):
  File "/home/airflow/.local/lib/python3.12/site-packages/airflow/models/dagbag.py", line 382, in parse
    loader.exec_module(new_module)
  File "<frozen importlib._bootstrap_external>", line 995, in exec_module
  File "<frozen importlib._bootstrap>", line 488, in _call_with_frames_removed
  File "/opt/airflow/dags/scripts/bronze_orders.py", line 6, in <module>
    df_orders = spark.read.json("/opt/airflow/dags/landing/orders/*")
                ^^^^^^^^^^^^^^^^^^^^^^^^^^^^^^^^^^^^^^^^^^^^^^^^^^^^^
  File "/home/airflow/.local/lib/python3.12/site-packages/pyspark/sql/readwriter.py", line 425, in json
    return self._df(self._jreader.json(self._spark._sc._jvm.PythonUtils.toSeq(path)))
                    ^^^^^^^^^^^^^^^^^^^^^^^^^^^^^^^^^^^^^^^^^^^^^^^^^^^^^^^^^^^^^^^^
  File "/home/airflow/.local/lib/python3.12/site-packages/py4j/java_gateway.py", line 1322, in __call__
    return_value = get_return_value(
                   ^^^^^^^^^^^^^^^^^
  File "/home/airflow/.local/lib/python3.12/site-packages/pyspark/errors/exceptions/captured.py", line 185, in deco
    raise converted from None
pyspark.errors.exceptions.captured.AnalysisException: [PATH_NOT_FOUND] Path does not exist: file:/opt/airflow/dags/landing/orders/*.
[2026-08-12T20:44:40.975+0000] {processor.py:927} WARNING - No viable dags retrieved from /opt/airflow/dags/scripts/bronze_orders.py
[2026-08-12T20:44:41.252+0000] {processor.py:208} INFO - Processing /opt/airflow/dags/scripts/bronze_orders.py took 26.190 seconds
[2026-08-12T20:45:11.520+0000] {processor.py:186} INFO - Started process (PID=20143) to work on /opt/airflow/dags/scripts/bronze_orders.py
[2026-08-12T20:45:11.525+0000] {processor.py:914} INFO - Processing file /opt/airflow/dags/scripts/bronze_orders.py for tasks to queue
[2026-08-12T20:45:11.532+0000] {logging_mixin.py:190} INFO - [2026-08-12T20:45:11.530+0000] {dagbag.py:587} INFO - Filling up the DagBag from /opt/airflow/dags/scripts/bronze_orders.py
[2026-08-12T20:45:41.577+0000] {logging_mixin.py:190} INFO - [2026-08-12T20:45:41.573+0000] {timeout.py:68} ERROR - Process timed out, PID: 20143
[2026-08-12T20:46:11.949+0000] {processor.py:186} INFO - Started process (PID=20849) to work on /opt/airflow/dags/scripts/bronze_orders.py
[2026-08-12T20:46:11.952+0000] {processor.py:914} INFO - Processing file /opt/airflow/dags/scripts/bronze_orders.py for tasks to queue
[2026-08-12T20:46:11.956+0000] {logging_mixin.py:190} INFO - [2026-08-12T20:46:11.955+0000] {dagbag.py:587} INFO - Filling up the DagBag from /opt/airflow/dags/scripts/bronze_orders.py
[2026-08-12T20:46:27.579+0000] {logging_mixin.py:190} INFO - [2026-08-12T20:46:27.541+0000] {dagbag.py:386} ERROR - Failed to import: /opt/airflow/dags/scripts/bronze_orders.py
Traceback (most recent call last):
  File "/home/airflow/.local/lib/python3.12/site-packages/airflow/models/dagbag.py", line 382, in parse
    loader.exec_module(new_module)
  File "<frozen importlib._bootstrap_external>", line 995, in exec_module
  File "<frozen importlib._bootstrap>", line 488, in _call_with_frames_removed
  File "/opt/airflow/dags/scripts/bronze_orders.py", line 6, in <module>
    df_orders = spark.read.json("/opt/airflow/dags/landing/orders/*")
                ^^^^^^^^^^^^^^^^^^^^^^^^^^^^^^^^^^^^^^^^^^^^^^^^^^^^^
  File "/home/airflow/.local/lib/python3.12/site-packages/pyspark/sql/readwriter.py", line 425, in json
    return self._df(self._jreader.json(self._spark._sc._jvm.PythonUtils.toSeq(path)))
                    ^^^^^^^^^^^^^^^^^^^^^^^^^^^^^^^^^^^^^^^^^^^^^^^^^^^^^^^^^^^^^^^^
  File "/home/airflow/.local/lib/python3.12/site-packages/py4j/java_gateway.py", line 1322, in __call__
    return_value = get_return_value(
                   ^^^^^^^^^^^^^^^^^
  File "/home/airflow/.local/lib/python3.12/site-packages/pyspark/errors/exceptions/captured.py", line 185, in deco
    raise converted from None
pyspark.errors.exceptions.captured.AnalysisException: [PATH_NOT_FOUND] Path does not exist: file:/opt/airflow/dags/landing/orders/*.
[2026-08-12T20:46:27.596+0000] {processor.py:927} WARNING - No viable dags retrieved from /opt/airflow/dags/scripts/bronze_orders.py
[2026-08-12T20:46:27.683+0000] {processor.py:208} INFO - Processing /opt/airflow/dags/scripts/bronze_orders.py took 15.775 seconds
[2026-08-12T20:46:57.255+0000] {processor.py:186} INFO - Started process (PID=21332) to work on /opt/airflow/dags/scripts/bronze_orders.py
[2026-08-12T20:46:57.260+0000] {processor.py:914} INFO - Processing file /opt/airflow/dags/scripts/bronze_orders.py for tasks to queue
[2026-08-12T20:46:57.265+0000] {logging_mixin.py:190} INFO - [2026-08-12T20:46:57.264+0000] {dagbag.py:587} INFO - Filling up the DagBag from /opt/airflow/dags/scripts/bronze_orders.py
[2026-08-12T20:47:27.308+0000] {logging_mixin.py:190} INFO - [2026-08-12T20:47:27.305+0000] {timeout.py:68} ERROR - Process timed out, PID: 21332
[2026-08-12T20:47:57.573+0000] {processor.py:186} INFO - Started process (PID=22023) to work on /opt/airflow/dags/scripts/bronze_orders.py
[2026-08-12T20:47:57.575+0000] {processor.py:914} INFO - Processing file /opt/airflow/dags/scripts/bronze_orders.py for tasks to queue
[2026-08-12T20:47:57.579+0000] {logging_mixin.py:190} INFO - [2026-08-12T20:47:57.578+0000] {dagbag.py:587} INFO - Filling up the DagBag from /opt/airflow/dags/scripts/bronze_orders.py
[2026-08-12T20:48:27.622+0000] {logging_mixin.py:190} INFO - [2026-08-12T20:48:27.620+0000] {timeout.py:68} ERROR - Process timed out, PID: 22023
[2026-08-12T20:48:57.998+0000] {processor.py:186} INFO - Started process (PID=22615) to work on /opt/airflow/dags/scripts/bronze_orders.py
[2026-08-12T20:48:58.001+0000] {processor.py:914} INFO - Processing file /opt/airflow/dags/scripts/bronze_orders.py for tasks to queue
[2026-08-12T20:48:58.004+0000] {logging_mixin.py:190} INFO - [2026-08-12T20:48:58.004+0000] {dagbag.py:587} INFO - Filling up the DagBag from /opt/airflow/dags/scripts/bronze_orders.py
[2026-08-12T20:49:28.051+0000] {logging_mixin.py:190} INFO - [2026-08-12T20:49:28.049+0000] {timeout.py:68} ERROR - Process timed out, PID: 22615
[2026-08-12T20:49:59.091+0000] {processor.py:186} INFO - Started process (PID=23165) to work on /opt/airflow/dags/scripts/bronze_orders.py
[2026-08-12T20:49:59.096+0000] {processor.py:914} INFO - Processing file /opt/airflow/dags/scripts/bronze_orders.py for tasks to queue
[2026-08-12T20:49:59.106+0000] {logging_mixin.py:190} INFO - [2026-08-12T20:49:59.103+0000] {dagbag.py:587} INFO - Filling up the DagBag from /opt/airflow/dags/scripts/bronze_orders.py
[2026-08-12T20:50:29.140+0000] {logging_mixin.py:190} INFO - [2026-08-12T20:50:29.136+0000] {timeout.py:68} ERROR - Process timed out, PID: 23165
[2026-08-12T20:50:59.682+0000] {processor.py:186} INFO - Started process (PID=23710) to work on /opt/airflow/dags/scripts/bronze_orders.py
[2026-08-12T20:50:59.702+0000] {processor.py:914} INFO - Processing file /opt/airflow/dags/scripts/bronze_orders.py for tasks to queue
[2026-08-12T20:50:59.716+0000] {logging_mixin.py:190} INFO - [2026-08-12T20:50:59.714+0000] {dagbag.py:587} INFO - Filling up the DagBag from /opt/airflow/dags/scripts/bronze_orders.py
[2026-08-12T20:51:29.798+0000] {logging_mixin.py:190} INFO - [2026-08-12T20:51:29.794+0000] {timeout.py:68} ERROR - Process timed out, PID: 23710
[2026-08-12T20:52:01.065+0000] {processor.py:186} INFO - Started process (PID=24256) to work on /opt/airflow/dags/scripts/bronze_orders.py
[2026-08-12T20:52:01.095+0000] {processor.py:914} INFO - Processing file /opt/airflow/dags/scripts/bronze_orders.py for tasks to queue
[2026-08-12T20:52:01.114+0000] {logging_mixin.py:190} INFO - [2026-08-12T20:52:01.112+0000] {dagbag.py:587} INFO - Filling up the DagBag from /opt/airflow/dags/scripts/bronze_orders.py
[2026-08-12T20:52:31.508+0000] {logging_mixin.py:190} INFO - [2026-08-12T20:52:31.506+0000] {timeout.py:68} ERROR - Process timed out, PID: 24256
[2026-08-12T20:53:02.443+0000] {processor.py:186} INFO - Started process (PID=24774) to work on /opt/airflow/dags/scripts/bronze_orders.py
[2026-08-12T20:53:02.448+0000] {processor.py:914} INFO - Processing file /opt/airflow/dags/scripts/bronze_orders.py for tasks to queue
[2026-08-12T20:53:02.455+0000] {logging_mixin.py:190} INFO - [2026-08-12T20:53:02.453+0000] {dagbag.py:587} INFO - Filling up the DagBag from /opt/airflow/dags/scripts/bronze_orders.py
[2026-08-12T20:53:32.529+0000] {logging_mixin.py:190} INFO - [2026-08-12T20:53:32.525+0000] {timeout.py:68} ERROR - Process timed out, PID: 24774
[2026-08-12T20:54:03.702+0000] {processor.py:186} INFO - Started process (PID=25273) to work on /opt/airflow/dags/scripts/bronze_orders.py
[2026-08-12T20:54:03.731+0000] {processor.py:914} INFO - Processing file /opt/airflow/dags/scripts/bronze_orders.py for tasks to queue
[2026-08-12T20:54:03.751+0000] {logging_mixin.py:190} INFO - [2026-08-12T20:54:03.748+0000] {dagbag.py:587} INFO - Filling up the DagBag from /opt/airflow/dags/scripts/bronze_orders.py
[2026-08-12T20:54:33.969+0000] {logging_mixin.py:190} INFO - [2026-08-12T20:54:33.967+0000] {timeout.py:68} ERROR - Process timed out, PID: 25273
[2026-08-12T20:55:05.886+0000] {processor.py:186} INFO - Started process (PID=25747) to work on /opt/airflow/dags/scripts/bronze_orders.py
[2026-08-12T20:55:05.901+0000] {processor.py:914} INFO - Processing file /opt/airflow/dags/scripts/bronze_orders.py for tasks to queue
[2026-08-12T20:55:05.926+0000] {logging_mixin.py:190} INFO - [2026-08-12T20:55:05.923+0000] {dagbag.py:587} INFO - Filling up the DagBag from /opt/airflow/dags/scripts/bronze_orders.py
[2026-08-12T20:55:36.043+0000] {logging_mixin.py:190} INFO - [2026-08-12T20:55:36.041+0000] {timeout.py:68} ERROR - Process timed out, PID: 25747
[2026-08-12T20:56:07.451+0000] {processor.py:186} INFO - Started process (PID=26252) to work on /opt/airflow/dags/scripts/bronze_orders.py
[2026-08-12T20:56:07.455+0000] {processor.py:914} INFO - Processing file /opt/airflow/dags/scripts/bronze_orders.py for tasks to queue
[2026-08-12T20:56:07.469+0000] {logging_mixin.py:190} INFO - [2026-08-12T20:56:07.467+0000] {dagbag.py:587} INFO - Filling up the DagBag from /opt/airflow/dags/scripts/bronze_orders.py
[2026-08-12T20:56:37.601+0000] {logging_mixin.py:190} INFO - [2026-08-12T20:56:37.599+0000] {timeout.py:68} ERROR - Process timed out, PID: 26252
[2026-08-12T20:57:08.665+0000] {processor.py:186} INFO - Started process (PID=26778) to work on /opt/airflow/dags/scripts/bronze_orders.py
[2026-08-12T20:57:08.674+0000] {processor.py:914} INFO - Processing file /opt/airflow/dags/scripts/bronze_orders.py for tasks to queue
[2026-08-12T20:57:08.686+0000] {logging_mixin.py:190} INFO - [2026-08-12T20:57:08.683+0000] {dagbag.py:587} INFO - Filling up the DagBag from /opt/airflow/dags/scripts/bronze_orders.py
[2026-08-12T20:57:38.798+0000] {logging_mixin.py:190} INFO - [2026-08-12T20:57:38.782+0000] {timeout.py:68} ERROR - Process timed out, PID: 26778
[2026-08-12T20:58:10.007+0000] {processor.py:186} INFO - Started process (PID=27307) to work on /opt/airflow/dags/scripts/bronze_orders.py
[2026-08-12T20:58:10.016+0000] {processor.py:914} INFO - Processing file /opt/airflow/dags/scripts/bronze_orders.py for tasks to queue
[2026-08-12T20:58:10.029+0000] {logging_mixin.py:190} INFO - [2026-08-12T20:58:10.027+0000] {dagbag.py:587} INFO - Filling up the DagBag from /opt/airflow/dags/scripts/bronze_orders.py
[2026-08-12T21:04:25.598+0000] {processor.py:186} INFO - Started process (PID=27594) to work on /opt/airflow/dags/scripts/bronze_orders.py
[2026-08-12T21:04:25.602+0000] {processor.py:914} INFO - Processing file /opt/airflow/dags/scripts/bronze_orders.py for tasks to queue
[2026-08-12T21:04:25.606+0000] {logging_mixin.py:190} INFO - [2026-08-12T21:04:25.605+0000] {dagbag.py:587} INFO - Filling up the DagBag from /opt/airflow/dags/scripts/bronze_orders.py
[2026-08-12T21:04:55.705+0000] {logging_mixin.py:190} INFO - [2026-08-12T21:04:55.704+0000] {timeout.py:68} ERROR - Process timed out, PID: 27594
[2026-08-12T21:05:27.159+0000] {processor.py:186} INFO - Started process (PID=28284) to work on /opt/airflow/dags/scripts/bronze_orders.py
[2026-08-12T21:05:27.170+0000] {processor.py:914} INFO - Processing file /opt/airflow/dags/scripts/bronze_orders.py for tasks to queue
[2026-08-12T21:05:27.187+0000] {logging_mixin.py:190} INFO - [2026-08-12T21:05:27.175+0000] {dagbag.py:587} INFO - Filling up the DagBag from /opt/airflow/dags/scripts/bronze_orders.py
[2026-08-12T21:05:57.261+0000] {logging_mixin.py:190} INFO - [2026-08-12T21:05:57.259+0000] {timeout.py:68} ERROR - Process timed out, PID: 28284
[2026-08-12T21:06:27.992+0000] {processor.py:186} INFO - Started process (PID=28917) to work on /opt/airflow/dags/scripts/bronze_orders.py
[2026-08-12T21:06:27.995+0000] {processor.py:914} INFO - Processing file /opt/airflow/dags/scripts/bronze_orders.py for tasks to queue
[2026-08-12T21:06:28.005+0000] {logging_mixin.py:190} INFO - [2026-08-12T21:06:28.003+0000] {dagbag.py:587} INFO - Filling up the DagBag from /opt/airflow/dags/scripts/bronze_orders.py
[2026-08-12T21:06:55.810+0000] {processor.py:927} WARNING - No viable dags retrieved from /opt/airflow/dags/scripts/bronze_orders.py
[2026-08-12T21:06:55.842+0000] {processor.py:208} INFO - Processing /opt/airflow/dags/scripts/bronze_orders.py took 27.867 seconds
[2026-08-12T21:07:25.959+0000] {processor.py:186} INFO - Started process (PID=29338) to work on /opt/airflow/dags/scripts/bronze_orders.py
[2026-08-12T21:07:25.961+0000] {processor.py:914} INFO - Processing file /opt/airflow/dags/scripts/bronze_orders.py for tasks to queue
[2026-08-12T21:07:25.967+0000] {logging_mixin.py:190} INFO - [2026-08-12T21:07:25.967+0000] {dagbag.py:587} INFO - Filling up the DagBag from /opt/airflow/dags/scripts/bronze_orders.py
[2026-08-12T21:07:26.165+0000] {processor.py:927} WARNING - No viable dags retrieved from /opt/airflow/dags/scripts/bronze_orders.py
[2026-08-12T21:07:26.185+0000] {processor.py:208} INFO - Processing /opt/airflow/dags/scripts/bronze_orders.py took 0.238 seconds
[2026-08-12T21:07:56.609+0000] {processor.py:186} INFO - Started process (PID=29351) to work on /opt/airflow/dags/scripts/bronze_orders.py
[2026-08-12T21:07:56.611+0000] {processor.py:914} INFO - Processing file /opt/airflow/dags/scripts/bronze_orders.py for tasks to queue
[2026-08-12T21:07:56.614+0000] {logging_mixin.py:190} INFO - [2026-08-12T21:07:56.613+0000] {dagbag.py:587} INFO - Filling up the DagBag from /opt/airflow/dags/scripts/bronze_orders.py
[2026-08-12T21:07:56.787+0000] {processor.py:927} WARNING - No viable dags retrieved from /opt/airflow/dags/scripts/bronze_orders.py
[2026-08-12T21:07:56.805+0000] {processor.py:208} INFO - Processing /opt/airflow/dags/scripts/bronze_orders.py took 0.206 seconds
[2026-08-12T21:08:27.030+0000] {processor.py:186} INFO - Started process (PID=29364) to work on /opt/airflow/dags/scripts/bronze_orders.py
[2026-08-12T21:08:27.032+0000] {processor.py:914} INFO - Processing file /opt/airflow/dags/scripts/bronze_orders.py for tasks to queue
[2026-08-12T21:08:27.035+0000] {logging_mixin.py:190} INFO - [2026-08-12T21:08:27.034+0000] {dagbag.py:587} INFO - Filling up the DagBag from /opt/airflow/dags/scripts/bronze_orders.py
[2026-08-12T21:08:27.210+0000] {processor.py:927} WARNING - No viable dags retrieved from /opt/airflow/dags/scripts/bronze_orders.py
[2026-08-12T21:08:27.234+0000] {processor.py:208} INFO - Processing /opt/airflow/dags/scripts/bronze_orders.py took 0.222 seconds
[2026-08-12T21:08:57.558+0000] {processor.py:186} INFO - Started process (PID=29377) to work on /opt/airflow/dags/scripts/bronze_orders.py
[2026-08-12T21:08:57.568+0000] {processor.py:914} INFO - Processing file /opt/airflow/dags/scripts/bronze_orders.py for tasks to queue
[2026-08-12T21:08:57.570+0000] {logging_mixin.py:190} INFO - [2026-08-12T21:08:57.570+0000] {dagbag.py:587} INFO - Filling up the DagBag from /opt/airflow/dags/scripts/bronze_orders.py
[2026-08-12T21:08:57.720+0000] {processor.py:927} WARNING - No viable dags retrieved from /opt/airflow/dags/scripts/bronze_orders.py
[2026-08-12T21:08:57.742+0000] {processor.py:208} INFO - Processing /opt/airflow/dags/scripts/bronze_orders.py took 0.192 seconds
