[2026-08-12T20:27:59.365+0000] {processor.py:186} INFO - Started process (PID=9630) to work on /opt/airflow/dags/scripts/bronze_order_items.py
[2026-08-12T20:27:59.367+0000] {processor.py:914} INFO - Processing file /opt/airflow/dags/scripts/bronze_order_items.py for tasks to queue
[2026-08-12T20:27:59.370+0000] {logging_mixin.py:190} INFO - [2026-08-12T20:27:59.369+0000] {dagbag.py:587} INFO - Filling up the DagBag from /opt/airflow/dags/scripts/bronze_order_items.py
[2026-08-12T20:28:15.642+0000] {logging_mixin.py:190} INFO - [2026-08-12T20:28:15.605+0000] {dagbag.py:386} ERROR - Failed to import: /opt/airflow/dags/scripts/bronze_order_items.py
Traceback (most recent call last):
  File "/home/airflow/.local/lib/python3.12/site-packages/airflow/models/dagbag.py", line 382, in parse
    loader.exec_module(new_module)
  File "<frozen importlib._bootstrap_external>", line 995, in exec_module
  File "<frozen importlib._bootstrap>", line 488, in _call_with_frames_removed
  File "/opt/airflow/dags/scripts/bronze_order_items.py", line 6, in <module>
    df_order_items = spark.read.json("/opt/airflow/dags/landing/order_items/*")
                     ^^^^^^^^^^^^^^^^^^^^^^^^^^^^^^^^^^^^^^^^^^^^^^^^^^^^^^^^^^
  File "/home/airflow/.local/lib/python3.12/site-packages/pyspark/sql/readwriter.py", line 425, in json
    return self._df(self._jreader.json(self._spark._sc._jvm.PythonUtils.toSeq(path)))
                    ^^^^^^^^^^^^^^^^^^^^^^^^^^^^^^^^^^^^^^^^^^^^^^^^^^^^^^^^^^^^^^^^
  File "/home/airflow/.local/lib/python3.12/site-packages/py4j/java_gateway.py", line 1322, in __call__
    return_value = get_return_value(
                   ^^^^^^^^^^^^^^^^^
  File "/home/airflow/.local/lib/python3.12/site-packages/pyspark/errors/exceptions/captured.py", line 185, in deco
    raise converted from None
pyspark.errors.exceptions.captured.AnalysisException: [PATH_NOT_FOUND] Path does not exist: file:/opt/airflow/dags/landing/order_items/*.
[2026-08-12T20:28:15.658+0000] {processor.py:927} WARNING - No viable dags retrieved from /opt/airflow/dags/scripts/bronze_order_items.py
[2026-08-12T20:28:15.715+0000] {processor.py:208} INFO - Processing /opt/airflow/dags/scripts/bronze_order_items.py took 16.365 seconds
[2026-08-12T20:28:47.134+0000] {processor.py:186} INFO - Started process (PID=10156) to work on /opt/airflow/dags/scripts/bronze_order_items.py
[2026-08-12T20:28:47.142+0000] {processor.py:914} INFO - Processing file /opt/airflow/dags/scripts/bronze_order_items.py for tasks to queue
[2026-08-12T20:28:47.156+0000] {logging_mixin.py:190} INFO - [2026-08-12T20:28:47.151+0000] {dagbag.py:587} INFO - Filling up the DagBag from /opt/airflow/dags/scripts/bronze_order_items.py
[2026-08-12T20:29:17.254+0000] {logging_mixin.py:190} INFO - [2026-08-12T20:29:17.252+0000] {timeout.py:68} ERROR - Process timed out, PID: 10156
[2026-08-12T20:29:47.968+0000] {processor.py:186} INFO - Started process (PID=10670) to work on /opt/airflow/dags/scripts/bronze_order_items.py
[2026-08-12T20:29:47.971+0000] {processor.py:914} INFO - Processing file /opt/airflow/dags/scripts/bronze_order_items.py for tasks to queue
[2026-08-12T20:29:47.976+0000] {logging_mixin.py:190} INFO - [2026-08-12T20:29:47.975+0000] {dagbag.py:587} INFO - Filling up the DagBag from /opt/airflow/dags/scripts/bronze_order_items.py
[2026-08-12T20:30:04.804+0000] {logging_mixin.py:190} INFO - [2026-08-12T20:30:04.761+0000] {dagbag.py:386} ERROR - Failed to import: /opt/airflow/dags/scripts/bronze_order_items.py
Traceback (most recent call last):
  File "/home/airflow/.local/lib/python3.12/site-packages/airflow/models/dagbag.py", line 382, in parse
    loader.exec_module(new_module)
  File "<frozen importlib._bootstrap_external>", line 995, in exec_module
  File "<frozen importlib._bootstrap>", line 488, in _call_with_frames_removed
  File "/opt/airflow/dags/scripts/bronze_order_items.py", line 6, in <module>
    df_order_items = spark.read.json("/opt/airflow/dags/landing/order_items/*")
                     ^^^^^^^^^^^^^^^^^^^^^^^^^^^^^^^^^^^^^^^^^^^^^^^^^^^^^^^^^^
  File "/home/airflow/.local/lib/python3.12/site-packages/pyspark/sql/readwriter.py", line 425, in json
    return self._df(self._jreader.json(self._spark._sc._jvm.PythonUtils.toSeq(path)))
                    ^^^^^^^^^^^^^^^^^^^^^^^^^^^^^^^^^^^^^^^^^^^^^^^^^^^^^^^^^^^^^^^^
  File "/home/airflow/.local/lib/python3.12/site-packages/py4j/java_gateway.py", line 1322, in __call__
    return_value = get_return_value(
                   ^^^^^^^^^^^^^^^^^
  File "/home/airflow/.local/lib/python3.12/site-packages/pyspark/errors/exceptions/captured.py", line 185, in deco
    raise converted from None
pyspark.errors.exceptions.captured.AnalysisException: [PATH_NOT_FOUND] Path does not exist: file:/opt/airflow/dags/landing/order_items/*.
[2026-08-12T20:30:04.821+0000] {processor.py:927} WARNING - No viable dags retrieved from /opt/airflow/dags/scripts/bronze_order_items.py
[2026-08-12T20:30:04.904+0000] {processor.py:208} INFO - Processing /opt/airflow/dags/scripts/bronze_order_items.py took 16.959 seconds
[2026-08-12T20:30:35.282+0000] {processor.py:186} INFO - Started process (PID=11180) to work on /opt/airflow/dags/scripts/bronze_order_items.py
[2026-08-12T20:30:35.286+0000] {processor.py:914} INFO - Processing file /opt/airflow/dags/scripts/bronze_order_items.py for tasks to queue
[2026-08-12T20:30:35.289+0000] {logging_mixin.py:190} INFO - [2026-08-12T20:30:35.288+0000] {dagbag.py:587} INFO - Filling up the DagBag from /opt/airflow/dags/scripts/bronze_order_items.py
[2026-08-12T20:30:49.027+0000] {logging_mixin.py:190} INFO - [2026-08-12T20:30:48.949+0000] {dagbag.py:386} ERROR - Failed to import: /opt/airflow/dags/scripts/bronze_order_items.py
Traceback (most recent call last):
  File "/home/airflow/.local/lib/python3.12/site-packages/airflow/models/dagbag.py", line 382, in parse
    loader.exec_module(new_module)
  File "<frozen importlib._bootstrap_external>", line 995, in exec_module
  File "<frozen importlib._bootstrap>", line 488, in _call_with_frames_removed
  File "/opt/airflow/dags/scripts/bronze_order_items.py", line 6, in <module>
    df_order_items = spark.read.json("/opt/airflow/dags/landing/order_items/*")
                     ^^^^^^^^^^^^^^^^^^^^^^^^^^^^^^^^^^^^^^^^^^^^^^^^^^^^^^^^^^
  File "/home/airflow/.local/lib/python3.12/site-packages/pyspark/sql/readwriter.py", line 425, in json
    return self._df(self._jreader.json(self._spark._sc._jvm.PythonUtils.toSeq(path)))
                    ^^^^^^^^^^^^^^^^^^^^^^^^^^^^^^^^^^^^^^^^^^^^^^^^^^^^^^^^^^^^^^^^
  File "/home/airflow/.local/lib/python3.12/site-packages/py4j/java_gateway.py", line 1322, in __call__
    return_value = get_return_value(
                   ^^^^^^^^^^^^^^^^^
  File "/home/airflow/.local/lib/python3.12/site-packages/pyspark/errors/exceptions/captured.py", line 185, in deco
    raise converted from None
pyspark.errors.exceptions.captured.AnalysisException: [PATH_NOT_FOUND] Path does not exist: file:/opt/airflow/dags/landing/order_items/*.
[2026-08-12T20:30:49.044+0000] {processor.py:927} WARNING - No viable dags retrieved from /opt/airflow/dags/scripts/bronze_order_items.py
[2026-08-12T20:30:49.116+0000] {processor.py:208} INFO - Processing /opt/airflow/dags/scripts/bronze_order_items.py took 13.849 seconds
[2026-08-12T20:31:19.265+0000] {processor.py:186} INFO - Started process (PID=11687) to work on /opt/airflow/dags/scripts/bronze_order_items.py
[2026-08-12T20:31:19.267+0000] {processor.py:914} INFO - Processing file /opt/airflow/dags/scripts/bronze_order_items.py for tasks to queue
[2026-08-12T20:31:19.269+0000] {logging_mixin.py:190} INFO - [2026-08-12T20:31:19.269+0000] {dagbag.py:587} INFO - Filling up the DagBag from /opt/airflow/dags/scripts/bronze_order_items.py
[2026-08-12T20:31:31.835+0000] {logging_mixin.py:190} INFO - [2026-08-12T20:31:31.800+0000] {dagbag.py:386} ERROR - Failed to import: /opt/airflow/dags/scripts/bronze_order_items.py
Traceback (most recent call last):
  File "/home/airflow/.local/lib/python3.12/site-packages/airflow/models/dagbag.py", line 382, in parse
    loader.exec_module(new_module)
  File "<frozen importlib._bootstrap_external>", line 995, in exec_module
  File "<frozen importlib._bootstrap>", line 488, in _call_with_frames_removed
  File "/opt/airflow/dags/scripts/bronze_order_items.py", line 6, in <module>
    df_order_items = spark.read.json("/opt/airflow/dags/landing/order_items/*")
                     ^^^^^^^^^^^^^^^^^^^^^^^^^^^^^^^^^^^^^^^^^^^^^^^^^^^^^^^^^^
  File "/home/airflow/.local/lib/python3.12/site-packages/pyspark/sql/readwriter.py", line 425, in json
    return self._df(self._jreader.json(self._spark._sc._jvm.PythonUtils.toSeq(path)))
                    ^^^^^^^^^^^^^^^^^^^^^^^^^^^^^^^^^^^^^^^^^^^^^^^^^^^^^^^^^^^^^^^^
  File "/home/airflow/.local/lib/python3.12/site-packages/py4j/java_gateway.py", line 1322, in __call__
    return_value = get_return_value(
                   ^^^^^^^^^^^^^^^^^
  File "/home/airflow/.local/lib/python3.12/site-packages/pyspark/errors/exceptions/captured.py", line 185, in deco
    raise converted from None
pyspark.errors.exceptions.captured.AnalysisException: [PATH_NOT_FOUND] Path does not exist: file:/opt/airflow/dags/landing/order_items/*.
[2026-08-12T20:31:31.849+0000] {processor.py:927} WARNING - No viable dags retrieved from /opt/airflow/dags/scripts/bronze_order_items.py
[2026-08-12T20:31:31.923+0000] {processor.py:208} INFO - Processing /opt/airflow/dags/scripts/bronze_order_items.py took 12.665 seconds
[2026-08-12T20:32:02.426+0000] {processor.py:186} INFO - Started process (PID=12203) to work on /opt/airflow/dags/scripts/bronze_order_items.py
[2026-08-12T20:32:02.429+0000] {processor.py:914} INFO - Processing file /opt/airflow/dags/scripts/bronze_order_items.py for tasks to queue
[2026-08-12T20:32:02.430+0000] {logging_mixin.py:190} INFO - [2026-08-12T20:32:02.430+0000] {dagbag.py:587} INFO - Filling up the DagBag from /opt/airflow/dags/scripts/bronze_order_items.py
[2026-08-12T20:32:16.065+0000] {logging_mixin.py:190} INFO - [2026-08-12T20:32:16.016+0000] {dagbag.py:386} ERROR - Failed to import: /opt/airflow/dags/scripts/bronze_order_items.py
Traceback (most recent call last):
  File "/home/airflow/.local/lib/python3.12/site-packages/airflow/models/dagbag.py", line 382, in parse
    loader.exec_module(new_module)
  File "<frozen importlib._bootstrap_external>", line 995, in exec_module
  File "<frozen importlib._bootstrap>", line 488, in _call_with_frames_removed
  File "/opt/airflow/dags/scripts/bronze_order_items.py", line 6, in <module>
    df_order_items = spark.read.json("/opt/airflow/dags/landing/order_items/*")
                     ^^^^^^^^^^^^^^^^^^^^^^^^^^^^^^^^^^^^^^^^^^^^^^^^^^^^^^^^^^
  File "/home/airflow/.local/lib/python3.12/site-packages/pyspark/sql/readwriter.py", line 425, in json
    return self._df(self._jreader.json(self._spark._sc._jvm.PythonUtils.toSeq(path)))
                    ^^^^^^^^^^^^^^^^^^^^^^^^^^^^^^^^^^^^^^^^^^^^^^^^^^^^^^^^^^^^^^^^
  File "/home/airflow/.local/lib/python3.12/site-packages/py4j/java_gateway.py", line 1322, in __call__
    return_value = get_return_value(
                   ^^^^^^^^^^^^^^^^^
  File "/home/airflow/.local/lib/python3.12/site-packages/pyspark/errors/exceptions/captured.py", line 185, in deco
    raise converted from None
pyspark.errors.exceptions.captured.AnalysisException: [PATH_NOT_FOUND] Path does not exist: file:/opt/airflow/dags/landing/order_items/*.
[2026-08-12T20:32:16.085+0000] {processor.py:927} WARNING - No viable dags retrieved from /opt/airflow/dags/scripts/bronze_order_items.py
[2026-08-12T20:32:16.214+0000] {processor.py:208} INFO - Processing /opt/airflow/dags/scripts/bronze_order_items.py took 13.802 seconds
[2026-08-12T20:32:45.302+0000] {processor.py:186} INFO - Started process (PID=12714) to work on /opt/airflow/dags/scripts/bronze_order_items.py
[2026-08-12T20:32:45.304+0000] {processor.py:914} INFO - Processing file /opt/airflow/dags/scripts/bronze_order_items.py for tasks to queue
[2026-08-12T20:32:45.306+0000] {logging_mixin.py:190} INFO - [2026-08-12T20:32:45.306+0000] {dagbag.py:587} INFO - Filling up the DagBag from /opt/airflow/dags/scripts/bronze_order_items.py
[2026-08-12T20:33:02.150+0000] {logging_mixin.py:190} INFO - [2026-08-12T20:33:02.099+0000] {dagbag.py:386} ERROR - Failed to import: /opt/airflow/dags/scripts/bronze_order_items.py
Traceback (most recent call last):
  File "/home/airflow/.local/lib/python3.12/site-packages/airflow/models/dagbag.py", line 382, in parse
    loader.exec_module(new_module)
  File "<frozen importlib._bootstrap_external>", line 995, in exec_module
  File "<frozen importlib._bootstrap>", line 488, in _call_with_frames_removed
  File "/opt/airflow/dags/scripts/bronze_order_items.py", line 6, in <module>
    df_order_items = spark.read.json("/opt/airflow/dags/landing/order_items/*")
                     ^^^^^^^^^^^^^^^^^^^^^^^^^^^^^^^^^^^^^^^^^^^^^^^^^^^^^^^^^^
  File "/home/airflow/.local/lib/python3.12/site-packages/pyspark/sql/readwriter.py", line 425, in json
    return self._df(self._jreader.json(self._spark._sc._jvm.PythonUtils.toSeq(path)))
                    ^^^^^^^^^^^^^^^^^^^^^^^^^^^^^^^^^^^^^^^^^^^^^^^^^^^^^^^^^^^^^^^^
  File "/home/airflow/.local/lib/python3.12/site-packages/py4j/java_gateway.py", line 1322, in __call__
    return_value = get_return_value(
                   ^^^^^^^^^^^^^^^^^
  File "/home/airflow/.local/lib/python3.12/site-packages/pyspark/errors/exceptions/captured.py", line 185, in deco
    raise converted from None
pyspark.errors.exceptions.captured.AnalysisException: [PATH_NOT_FOUND] Path does not exist: file:/opt/airflow/dags/landing/order_items/*.
[2026-08-12T20:33:02.169+0000] {processor.py:927} WARNING - No viable dags retrieved from /opt/airflow/dags/scripts/bronze_order_items.py
[2026-08-12T20:33:02.279+0000] {processor.py:208} INFO - Processing /opt/airflow/dags/scripts/bronze_order_items.py took 16.990 seconds
[2026-08-12T20:33:32.800+0000] {processor.py:186} INFO - Started process (PID=13238) to work on /opt/airflow/dags/scripts/bronze_order_items.py
[2026-08-12T20:33:32.801+0000] {processor.py:914} INFO - Processing file /opt/airflow/dags/scripts/bronze_order_items.py for tasks to queue
[2026-08-12T20:33:32.803+0000] {logging_mixin.py:190} INFO - [2026-08-12T20:33:32.803+0000] {dagbag.py:587} INFO - Filling up the DagBag from /opt/airflow/dags/scripts/bronze_order_items.py
[2026-08-12T20:33:48.461+0000] {logging_mixin.py:190} INFO - [2026-08-12T20:33:48.401+0000] {dagbag.py:386} ERROR - Failed to import: /opt/airflow/dags/scripts/bronze_order_items.py
Traceback (most recent call last):
  File "/home/airflow/.local/lib/python3.12/site-packages/airflow/models/dagbag.py", line 382, in parse
    loader.exec_module(new_module)
  File "<frozen importlib._bootstrap_external>", line 995, in exec_module
  File "<frozen importlib._bootstrap>", line 488, in _call_with_frames_removed
  File "/opt/airflow/dags/scripts/bronze_order_items.py", line 6, in <module>
    df_order_items = spark.read.json("/opt/airflow/dags/landing/order_items/*")
                     ^^^^^^^^^^^^^^^^^^^^^^^^^^^^^^^^^^^^^^^^^^^^^^^^^^^^^^^^^^
  File "/home/airflow/.local/lib/python3.12/site-packages/pyspark/sql/readwriter.py", line 425, in json
    return self._df(self._jreader.json(self._spark._sc._jvm.PythonUtils.toSeq(path)))
                    ^^^^^^^^^^^^^^^^^^^^^^^^^^^^^^^^^^^^^^^^^^^^^^^^^^^^^^^^^^^^^^^^
  File "/home/airflow/.local/lib/python3.12/site-packages/py4j/java_gateway.py", line 1322, in __call__
    return_value = get_return_value(
                   ^^^^^^^^^^^^^^^^^
  File "/home/airflow/.local/lib/python3.12/site-packages/pyspark/errors/exceptions/captured.py", line 185, in deco
    raise converted from None
pyspark.errors.exceptions.captured.AnalysisException: [PATH_NOT_FOUND] Path does not exist: file:/opt/airflow/dags/landing/order_items/*.
[2026-08-12T20:33:48.483+0000] {processor.py:927} WARNING - No viable dags retrieved from /opt/airflow/dags/scripts/bronze_order_items.py
[2026-08-12T20:33:48.601+0000] {processor.py:208} INFO - Processing /opt/airflow/dags/scripts/bronze_order_items.py took 15.816 seconds
[2026-08-12T20:34:19.848+0000] {processor.py:186} INFO - Started process (PID=13767) to work on /opt/airflow/dags/scripts/bronze_order_items.py
[2026-08-12T20:34:19.865+0000] {processor.py:914} INFO - Processing file /opt/airflow/dags/scripts/bronze_order_items.py for tasks to queue
[2026-08-12T20:34:19.882+0000] {logging_mixin.py:190} INFO - [2026-08-12T20:34:19.880+0000] {dagbag.py:587} INFO - Filling up the DagBag from /opt/airflow/dags/scripts/bronze_order_items.py
[2026-08-12T20:34:50.115+0000] {logging_mixin.py:190} INFO - [2026-08-12T20:34:50.086+0000] {timeout.py:68} ERROR - Process timed out, PID: 13767
[2026-08-12T20:35:21.360+0000] {processor.py:186} INFO - Started process (PID=13972) to work on /opt/airflow/dags/scripts/bronze_order_items.py
[2026-08-12T20:35:21.373+0000] {processor.py:914} INFO - Processing file /opt/airflow/dags/scripts/bronze_order_items.py for tasks to queue
[2026-08-12T20:35:21.391+0000] {logging_mixin.py:190} INFO - [2026-08-12T20:35:21.388+0000] {dagbag.py:587} INFO - Filling up the DagBag from /opt/airflow/dags/scripts/bronze_order_items.py
[2026-08-12T20:35:51.619+0000] {logging_mixin.py:190} INFO - [2026-08-12T20:35:51.600+0000] {timeout.py:68} ERROR - Process timed out, PID: 13972
[2026-08-12T20:36:23.063+0000] {processor.py:186} INFO - Started process (PID=14171) to work on /opt/airflow/dags/scripts/bronze_order_items.py
[2026-08-12T20:36:23.071+0000] {processor.py:914} INFO - Processing file /opt/airflow/dags/scripts/bronze_order_items.py for tasks to queue
[2026-08-12T20:36:23.081+0000] {logging_mixin.py:190} INFO - [2026-08-12T20:36:23.079+0000] {dagbag.py:587} INFO - Filling up the DagBag from /opt/airflow/dags/scripts/bronze_order_items.py
[2026-08-12T20:36:53.191+0000] {logging_mixin.py:190} INFO - [2026-08-12T20:36:53.187+0000] {timeout.py:68} ERROR - Process timed out, PID: 14171
[2026-08-12T20:37:23.650+0000] {processor.py:186} INFO - Started process (PID=14717) to work on /opt/airflow/dags/scripts/bronze_order_items.py
[2026-08-12T20:37:23.653+0000] {processor.py:914} INFO - Processing file /opt/airflow/dags/scripts/bronze_order_items.py for tasks to queue
[2026-08-12T20:37:23.656+0000] {logging_mixin.py:190} INFO - [2026-08-12T20:37:23.655+0000] {dagbag.py:587} INFO - Filling up the DagBag from /opt/airflow/dags/scripts/bronze_order_items.py
[2026-08-12T20:37:38.537+0000] {logging_mixin.py:190} INFO - [2026-08-12T20:37:38.498+0000] {dagbag.py:386} ERROR - Failed to import: /opt/airflow/dags/scripts/bronze_order_items.py
Traceback (most recent call last):
  File "/home/airflow/.local/lib/python3.12/site-packages/airflow/models/dagbag.py", line 382, in parse
    loader.exec_module(new_module)
  File "<frozen importlib._bootstrap_external>", line 995, in exec_module
  File "<frozen importlib._bootstrap>", line 488, in _call_with_frames_removed
  File "/opt/airflow/dags/scripts/bronze_order_items.py", line 6, in <module>
    df_order_items = spark.read.json("/opt/airflow/dags/landing/order_items/*")
                     ^^^^^^^^^^^^^^^^^^^^^^^^^^^^^^^^^^^^^^^^^^^^^^^^^^^^^^^^^^
  File "/home/airflow/.local/lib/python3.12/site-packages/pyspark/sql/readwriter.py", line 425, in json
    return self._df(self._jreader.json(self._spark._sc._jvm.PythonUtils.toSeq(path)))
                    ^^^^^^^^^^^^^^^^^^^^^^^^^^^^^^^^^^^^^^^^^^^^^^^^^^^^^^^^^^^^^^^^
  File "/home/airflow/.local/lib/python3.12/site-packages/py4j/java_gateway.py", line 1322, in __call__
    return_value = get_return_value(
                   ^^^^^^^^^^^^^^^^^
  File "/home/airflow/.local/lib/python3.12/site-packages/pyspark/errors/exceptions/captured.py", line 185, in deco
    raise converted from None
pyspark.errors.exceptions.captured.AnalysisException: [PATH_NOT_FOUND] Path does not exist: file:/opt/airflow/dags/landing/order_items/*.
[2026-08-12T20:37:38.550+0000] {processor.py:927} WARNING - No viable dags retrieved from /opt/airflow/dags/scripts/bronze_order_items.py
[2026-08-12T20:37:38.618+0000] {processor.py:208} INFO - Processing /opt/airflow/dags/scripts/bronze_order_items.py took 14.980 seconds
[2026-08-12T20:38:09.327+0000] {processor.py:186} INFO - Started process (PID=15231) to work on /opt/airflow/dags/scripts/bronze_order_items.py
[2026-08-12T20:38:09.331+0000] {processor.py:914} INFO - Processing file /opt/airflow/dags/scripts/bronze_order_items.py for tasks to queue
[2026-08-12T20:38:09.335+0000] {logging_mixin.py:190} INFO - [2026-08-12T20:38:09.334+0000] {dagbag.py:587} INFO - Filling up the DagBag from /opt/airflow/dags/scripts/bronze_order_items.py
[2026-08-12T20:38:25.736+0000] {logging_mixin.py:190} INFO - [2026-08-12T20:38:25.684+0000] {dagbag.py:386} ERROR - Failed to import: /opt/airflow/dags/scripts/bronze_order_items.py
Traceback (most recent call last):
  File "/home/airflow/.local/lib/python3.12/site-packages/airflow/models/dagbag.py", line 382, in parse
    loader.exec_module(new_module)
  File "<frozen importlib._bootstrap_external>", line 995, in exec_module
  File "<frozen importlib._bootstrap>", line 488, in _call_with_frames_removed
  File "/opt/airflow/dags/scripts/bronze_order_items.py", line 6, in <module>
    df_order_items = spark.read.json("/opt/airflow/dags/landing/order_items/*")
                     ^^^^^^^^^^^^^^^^^^^^^^^^^^^^^^^^^^^^^^^^^^^^^^^^^^^^^^^^^^
  File "/home/airflow/.local/lib/python3.12/site-packages/pyspark/sql/readwriter.py", line 425, in json
    return self._df(self._jreader.json(self._spark._sc._jvm.PythonUtils.toSeq(path)))
                    ^^^^^^^^^^^^^^^^^^^^^^^^^^^^^^^^^^^^^^^^^^^^^^^^^^^^^^^^^^^^^^^^
  File "/home/airflow/.local/lib/python3.12/site-packages/py4j/java_gateway.py", line 1322, in __call__
    return_value = get_return_value(
                   ^^^^^^^^^^^^^^^^^
  File "/home/airflow/.local/lib/python3.12/site-packages/pyspark/errors/exceptions/captured.py", line 185, in deco
    raise converted from None
pyspark.errors.exceptions.captured.AnalysisException: [PATH_NOT_FOUND] Path does not exist: file:/opt/airflow/dags/landing/order_items/*.
[2026-08-12T20:38:25.757+0000] {processor.py:927} WARNING - No viable dags retrieved from /opt/airflow/dags/scripts/bronze_order_items.py
[2026-08-12T20:38:25.862+0000] {processor.py:208} INFO - Processing /opt/airflow/dags/scripts/bronze_order_items.py took 16.542 seconds
[2026-08-12T20:38:56.250+0000] {processor.py:186} INFO - Started process (PID=15739) to work on /opt/airflow/dags/scripts/bronze_order_items.py
[2026-08-12T20:38:56.251+0000] {processor.py:914} INFO - Processing file /opt/airflow/dags/scripts/bronze_order_items.py for tasks to queue
[2026-08-12T20:38:56.254+0000] {logging_mixin.py:190} INFO - [2026-08-12T20:38:56.254+0000] {dagbag.py:587} INFO - Filling up the DagBag from /opt/airflow/dags/scripts/bronze_order_items.py
[2026-08-12T20:39:12.432+0000] {logging_mixin.py:190} INFO - [2026-08-12T20:39:12.342+0000] {dagbag.py:386} ERROR - Failed to import: /opt/airflow/dags/scripts/bronze_order_items.py
Traceback (most recent call last):
  File "/home/airflow/.local/lib/python3.12/site-packages/airflow/models/dagbag.py", line 382, in parse
    loader.exec_module(new_module)
  File "<frozen importlib._bootstrap_external>", line 995, in exec_module
  File "<frozen importlib._bootstrap>", line 488, in _call_with_frames_removed
  File "/opt/airflow/dags/scripts/bronze_order_items.py", line 6, in <module>
    df_order_items = spark.read.json("/opt/airflow/dags/landing/order_items/*")
                     ^^^^^^^^^^^^^^^^^^^^^^^^^^^^^^^^^^^^^^^^^^^^^^^^^^^^^^^^^^
  File "/home/airflow/.local/lib/python3.12/site-packages/pyspark/sql/readwriter.py", line 425, in json
    return self._df(self._jreader.json(self._spark._sc._jvm.PythonUtils.toSeq(path)))
                    ^^^^^^^^^^^^^^^^^^^^^^^^^^^^^^^^^^^^^^^^^^^^^^^^^^^^^^^^^^^^^^^^
  File "/home/airflow/.local/lib/python3.12/site-packages/py4j/java_gateway.py", line 1322, in __call__
    return_value = get_return_value(
                   ^^^^^^^^^^^^^^^^^
  File "/home/airflow/.local/lib/python3.12/site-packages/pyspark/errors/exceptions/captured.py", line 185, in deco
    raise converted from None
pyspark.errors.exceptions.captured.AnalysisException: [PATH_NOT_FOUND] Path does not exist: file:/opt/airflow/dags/landing/order_items/*.
[2026-08-12T20:39:12.483+0000] {processor.py:927} WARNING - No viable dags retrieved from /opt/airflow/dags/scripts/bronze_order_items.py
[2026-08-12T20:39:12.679+0000] {processor.py:208} INFO - Processing /opt/airflow/dags/scripts/bronze_order_items.py took 16.443 seconds
[2026-08-12T20:39:43.141+0000] {processor.py:186} INFO - Started process (PID=16262) to work on /opt/airflow/dags/scripts/bronze_order_items.py
[2026-08-12T20:39:43.143+0000] {processor.py:914} INFO - Processing file /opt/airflow/dags/scripts/bronze_order_items.py for tasks to queue
[2026-08-12T20:39:43.148+0000] {logging_mixin.py:190} INFO - [2026-08-12T20:39:43.147+0000] {dagbag.py:587} INFO - Filling up the DagBag from /opt/airflow/dags/scripts/bronze_order_items.py
[2026-08-12T20:39:52.919+0000] {logging_mixin.py:190} INFO - [2026-08-12T20:39:52.867+0000] {dagbag.py:386} ERROR - Failed to import: /opt/airflow/dags/scripts/bronze_order_items.py
Traceback (most recent call last):
  File "/home/airflow/.local/lib/python3.12/site-packages/airflow/models/dagbag.py", line 382, in parse
    loader.exec_module(new_module)
  File "<frozen importlib._bootstrap_external>", line 995, in exec_module
  File "<frozen importlib._bootstrap>", line 488, in _call_with_frames_removed
  File "/opt/airflow/dags/scripts/bronze_order_items.py", line 6, in <module>
    df_order_items = spark.read.json("/opt/airflow/dags/landing/order_items/*")
                     ^^^^^^^^^^^^^^^^^^^^^^^^^^^^^^^^^^^^^^^^^^^^^^^^^^^^^^^^^^
  File "/home/airflow/.local/lib/python3.12/site-packages/pyspark/sql/readwriter.py", line 425, in json
    return self._df(self._jreader.json(self._spark._sc._jvm.PythonUtils.toSeq(path)))
                    ^^^^^^^^^^^^^^^^^^^^^^^^^^^^^^^^^^^^^^^^^^^^^^^^^^^^^^^^^^^^^^^^
  File "/home/airflow/.local/lib/python3.12/site-packages/py4j/java_gateway.py", line 1322, in __call__
    return_value = get_return_value(
                   ^^^^^^^^^^^^^^^^^
  File "/home/airflow/.local/lib/python3.12/site-packages/pyspark/errors/exceptions/captured.py", line 185, in deco
    raise converted from None
pyspark.errors.exceptions.captured.AnalysisException: [PATH_NOT_FOUND] Path does not exist: file:/opt/airflow/dags/landing/order_items/*.
[2026-08-12T20:39:52.942+0000] {processor.py:927} WARNING - No viable dags retrieved from /opt/airflow/dags/scripts/bronze_order_items.py
[2026-08-12T20:39:53.004+0000] {processor.py:208} INFO - Processing /opt/airflow/dags/scripts/bronze_order_items.py took 9.879 seconds
[2026-08-12T20:40:23.337+0000] {processor.py:186} INFO - Started process (PID=16767) to work on /opt/airflow/dags/scripts/bronze_order_items.py
[2026-08-12T20:40:23.339+0000] {processor.py:914} INFO - Processing file /opt/airflow/dags/scripts/bronze_order_items.py for tasks to queue
[2026-08-12T20:40:23.341+0000] {logging_mixin.py:190} INFO - [2026-08-12T20:40:23.341+0000] {dagbag.py:587} INFO - Filling up the DagBag from /opt/airflow/dags/scripts/bronze_order_items.py
[2026-08-12T20:40:29.926+0000] {logging_mixin.py:190} INFO - [2026-08-12T20:40:29.907+0000] {dagbag.py:386} ERROR - Failed to import: /opt/airflow/dags/scripts/bronze_order_items.py
Traceback (most recent call last):
  File "/home/airflow/.local/lib/python3.12/site-packages/airflow/models/dagbag.py", line 382, in parse
    loader.exec_module(new_module)
  File "<frozen importlib._bootstrap_external>", line 995, in exec_module
  File "<frozen importlib._bootstrap>", line 488, in _call_with_frames_removed
  File "/opt/airflow/dags/scripts/bronze_order_items.py", line 6, in <module>
    df_order_items = spark.read.json("/opt/airflow/dags/landing/order_items/*")
                     ^^^^^^^^^^^^^^^^^^^^^^^^^^^^^^^^^^^^^^^^^^^^^^^^^^^^^^^^^^
  File "/home/airflow/.local/lib/python3.12/site-packages/pyspark/sql/readwriter.py", line 425, in json
    return self._df(self._jreader.json(self._spark._sc._jvm.PythonUtils.toSeq(path)))
                    ^^^^^^^^^^^^^^^^^^^^^^^^^^^^^^^^^^^^^^^^^^^^^^^^^^^^^^^^^^^^^^^^
  File "/home/airflow/.local/lib/python3.12/site-packages/py4j/java_gateway.py", line 1322, in __call__
    return_value = get_return_value(
                   ^^^^^^^^^^^^^^^^^
  File "/home/airflow/.local/lib/python3.12/site-packages/pyspark/errors/exceptions/captured.py", line 185, in deco
    raise converted from None
pyspark.errors.exceptions.captured.AnalysisException: [PATH_NOT_FOUND] Path does not exist: file:/opt/airflow/dags/landing/order_items/*.
[2026-08-12T20:40:29.934+0000] {processor.py:927} WARNING - No viable dags retrieved from /opt/airflow/dags/scripts/bronze_order_items.py
[2026-08-12T20:40:29.984+0000] {processor.py:208} INFO - Processing /opt/airflow/dags/scripts/bronze_order_items.py took 6.654 seconds
[2026-08-12T20:41:00.331+0000] {processor.py:186} INFO - Started process (PID=17272) to work on /opt/airflow/dags/scripts/bronze_order_items.py
[2026-08-12T20:41:00.332+0000] {processor.py:914} INFO - Processing file /opt/airflow/dags/scripts/bronze_order_items.py for tasks to queue
[2026-08-12T20:41:00.335+0000] {logging_mixin.py:190} INFO - [2026-08-12T20:41:00.334+0000] {dagbag.py:587} INFO - Filling up the DagBag from /opt/airflow/dags/scripts/bronze_order_items.py
[2026-08-12T20:41:14.201+0000] {logging_mixin.py:190} INFO - [2026-08-12T20:41:14.121+0000] {dagbag.py:386} ERROR - Failed to import: /opt/airflow/dags/scripts/bronze_order_items.py
Traceback (most recent call last):
  File "/home/airflow/.local/lib/python3.12/site-packages/airflow/models/dagbag.py", line 382, in parse
    loader.exec_module(new_module)
  File "<frozen importlib._bootstrap_external>", line 995, in exec_module
  File "<frozen importlib._bootstrap>", line 488, in _call_with_frames_removed
  File "/opt/airflow/dags/scripts/bronze_order_items.py", line 6, in <module>
    df_order_items = spark.read.json("/opt/airflow/dags/landing/order_items/*")
                     ^^^^^^^^^^^^^^^^^^^^^^^^^^^^^^^^^^^^^^^^^^^^^^^^^^^^^^^^^^
  File "/home/airflow/.local/lib/python3.12/site-packages/pyspark/sql/readwriter.py", line 425, in json
    return self._df(self._jreader.json(self._spark._sc._jvm.PythonUtils.toSeq(path)))
                    ^^^^^^^^^^^^^^^^^^^^^^^^^^^^^^^^^^^^^^^^^^^^^^^^^^^^^^^^^^^^^^^^
  File "/home/airflow/.local/lib/python3.12/site-packages/py4j/java_gateway.py", line 1322, in __call__
    return_value = get_return_value(
                   ^^^^^^^^^^^^^^^^^
  File "/home/airflow/.local/lib/python3.12/site-packages/pyspark/errors/exceptions/captured.py", line 185, in deco
    raise converted from None
pyspark.errors.exceptions.captured.AnalysisException: [PATH_NOT_FOUND] Path does not exist: file:/opt/airflow/dags/landing/order_items/*.
[2026-08-12T20:41:14.229+0000] {processor.py:927} WARNING - No viable dags retrieved from /opt/airflow/dags/scripts/bronze_order_items.py
[2026-08-12T20:41:14.373+0000] {processor.py:208} INFO - Processing /opt/airflow/dags/scripts/bronze_order_items.py took 14.060 seconds
[2026-08-12T20:41:44.982+0000] {processor.py:186} INFO - Started process (PID=17791) to work on /opt/airflow/dags/scripts/bronze_order_items.py
[2026-08-12T20:41:44.984+0000] {processor.py:914} INFO - Processing file /opt/airflow/dags/scripts/bronze_order_items.py for tasks to queue
[2026-08-12T20:41:44.988+0000] {logging_mixin.py:190} INFO - [2026-08-12T20:41:44.987+0000] {dagbag.py:587} INFO - Filling up the DagBag from /opt/airflow/dags/scripts/bronze_order_items.py
[2026-08-12T20:41:53.249+0000] {logging_mixin.py:190} INFO - [2026-08-12T20:41:53.219+0000] {dagbag.py:386} ERROR - Failed to import: /opt/airflow/dags/scripts/bronze_order_items.py
Traceback (most recent call last):
  File "/home/airflow/.local/lib/python3.12/site-packages/airflow/models/dagbag.py", line 382, in parse
    loader.exec_module(new_module)
  File "<frozen importlib._bootstrap_external>", line 995, in exec_module
  File "<frozen importlib._bootstrap>", line 488, in _call_with_frames_removed
  File "/opt/airflow/dags/scripts/bronze_order_items.py", line 6, in <module>
    df_order_items = spark.read.json("/opt/airflow/dags/landing/order_items/*")
                     ^^^^^^^^^^^^^^^^^^^^^^^^^^^^^^^^^^^^^^^^^^^^^^^^^^^^^^^^^^
  File "/home/airflow/.local/lib/python3.12/site-packages/pyspark/sql/readwriter.py", line 425, in json
    return self._df(self._jreader.json(self._spark._sc._jvm.PythonUtils.toSeq(path)))
                    ^^^^^^^^^^^^^^^^^^^^^^^^^^^^^^^^^^^^^^^^^^^^^^^^^^^^^^^^^^^^^^^^
  File "/home/airflow/.local/lib/python3.12/site-packages/py4j/java_gateway.py", line 1322, in __call__
    return_value = get_return_value(
                   ^^^^^^^^^^^^^^^^^
  File "/home/airflow/.local/lib/python3.12/site-packages/pyspark/errors/exceptions/captured.py", line 185, in deco
    raise converted from None
pyspark.errors.exceptions.captured.AnalysisException: [PATH_NOT_FOUND] Path does not exist: file:/opt/airflow/dags/landing/order_items/*.
[2026-08-12T20:41:53.265+0000] {processor.py:927} WARNING - No viable dags retrieved from /opt/airflow/dags/scripts/bronze_order_items.py
[2026-08-12T20:41:53.306+0000] {processor.py:208} INFO - Processing /opt/airflow/dags/scripts/bronze_order_items.py took 8.335 seconds
[2026-08-12T20:42:23.544+0000] {processor.py:186} INFO - Started process (PID=18299) to work on /opt/airflow/dags/scripts/bronze_order_items.py
[2026-08-12T20:42:23.546+0000] {processor.py:914} INFO - Processing file /opt/airflow/dags/scripts/bronze_order_items.py for tasks to queue
[2026-08-12T20:42:23.548+0000] {logging_mixin.py:190} INFO - [2026-08-12T20:42:23.548+0000] {dagbag.py:587} INFO - Filling up the DagBag from /opt/airflow/dags/scripts/bronze_order_items.py
[2026-08-12T20:42:35.472+0000] {logging_mixin.py:190} INFO - [2026-08-12T20:42:35.435+0000] {dagbag.py:386} ERROR - Failed to import: /opt/airflow/dags/scripts/bronze_order_items.py
Traceback (most recent call last):
  File "/home/airflow/.local/lib/python3.12/site-packages/airflow/models/dagbag.py", line 382, in parse
    loader.exec_module(new_module)
  File "<frozen importlib._bootstrap_external>", line 995, in exec_module
  File "<frozen importlib._bootstrap>", line 488, in _call_with_frames_removed
  File "/opt/airflow/dags/scripts/bronze_order_items.py", line 6, in <module>
    df_order_items = spark.read.json("/opt/airflow/dags/landing/order_items/*")
                     ^^^^^^^^^^^^^^^^^^^^^^^^^^^^^^^^^^^^^^^^^^^^^^^^^^^^^^^^^^
  File "/home/airflow/.local/lib/python3.12/site-packages/pyspark/sql/readwriter.py", line 425, in json
    return self._df(self._jreader.json(self._spark._sc._jvm.PythonUtils.toSeq(path)))
                    ^^^^^^^^^^^^^^^^^^^^^^^^^^^^^^^^^^^^^^^^^^^^^^^^^^^^^^^^^^^^^^^^
  File "/home/airflow/.local/lib/python3.12/site-packages/py4j/java_gateway.py", line 1322, in __call__
    return_value = get_return_value(
                   ^^^^^^^^^^^^^^^^^
  File "/home/airflow/.local/lib/python3.12/site-packages/pyspark/errors/exceptions/captured.py", line 185, in deco
    raise converted from None
pyspark.errors.exceptions.captured.AnalysisException: [PATH_NOT_FOUND] Path does not exist: file:/opt/airflow/dags/landing/order_items/*.
[2026-08-12T20:42:35.481+0000] {processor.py:927} WARNING - No viable dags retrieved from /opt/airflow/dags/scripts/bronze_order_items.py
[2026-08-12T20:42:35.550+0000] {processor.py:208} INFO - Processing /opt/airflow/dags/scripts/bronze_order_items.py took 12.015 seconds
[2026-08-12T20:43:05.826+0000] {processor.py:186} INFO - Started process (PID=18814) to work on /opt/airflow/dags/scripts/bronze_order_items.py
[2026-08-12T20:43:05.828+0000] {processor.py:914} INFO - Processing file /opt/airflow/dags/scripts/bronze_order_items.py for tasks to queue
[2026-08-12T20:43:05.829+0000] {logging_mixin.py:190} INFO - [2026-08-12T20:43:05.829+0000] {dagbag.py:587} INFO - Filling up the DagBag from /opt/airflow/dags/scripts/bronze_order_items.py
[2026-08-12T20:43:13.443+0000] {logging_mixin.py:190} INFO - [2026-08-12T20:43:13.415+0000] {dagbag.py:386} ERROR - Failed to import: /opt/airflow/dags/scripts/bronze_order_items.py
Traceback (most recent call last):
  File "/home/airflow/.local/lib/python3.12/site-packages/airflow/models/dagbag.py", line 382, in parse
    loader.exec_module(new_module)
  File "<frozen importlib._bootstrap_external>", line 995, in exec_module
  File "<frozen importlib._bootstrap>", line 488, in _call_with_frames_removed
  File "/opt/airflow/dags/scripts/bronze_order_items.py", line 6, in <module>
    df_order_items = spark.read.json("/opt/airflow/dags/landing/order_items/*")
                     ^^^^^^^^^^^^^^^^^^^^^^^^^^^^^^^^^^^^^^^^^^^^^^^^^^^^^^^^^^
  File "/home/airflow/.local/lib/python3.12/site-packages/pyspark/sql/readwriter.py", line 425, in json
    return self._df(self._jreader.json(self._spark._sc._jvm.PythonUtils.toSeq(path)))
                    ^^^^^^^^^^^^^^^^^^^^^^^^^^^^^^^^^^^^^^^^^^^^^^^^^^^^^^^^^^^^^^^^
  File "/home/airflow/.local/lib/python3.12/site-packages/py4j/java_gateway.py", line 1322, in __call__
    return_value = get_return_value(
                   ^^^^^^^^^^^^^^^^^
  File "/home/airflow/.local/lib/python3.12/site-packages/pyspark/errors/exceptions/captured.py", line 185, in deco
    raise converted from None
pyspark.errors.exceptions.captured.AnalysisException: [PATH_NOT_FOUND] Path does not exist: file:/opt/airflow/dags/landing/order_items/*.
[2026-08-12T20:43:13.454+0000] {processor.py:927} WARNING - No viable dags retrieved from /opt/airflow/dags/scripts/bronze_order_items.py
[2026-08-12T20:43:13.513+0000] {processor.py:208} INFO - Processing /opt/airflow/dags/scripts/bronze_order_items.py took 7.699 seconds
[2026-08-12T20:43:43.781+0000] {processor.py:186} INFO - Started process (PID=19274) to work on /opt/airflow/dags/scripts/bronze_order_items.py
[2026-08-12T20:43:43.784+0000] {processor.py:914} INFO - Processing file /opt/airflow/dags/scripts/bronze_order_items.py for tasks to queue
[2026-08-12T20:43:43.788+0000] {logging_mixin.py:190} INFO - [2026-08-12T20:43:43.787+0000] {dagbag.py:587} INFO - Filling up the DagBag from /opt/airflow/dags/scripts/bronze_order_items.py
[2026-08-12T20:43:52.331+0000] {logging_mixin.py:190} INFO - [2026-08-12T20:43:52.294+0000] {dagbag.py:386} ERROR - Failed to import: /opt/airflow/dags/scripts/bronze_order_items.py
Traceback (most recent call last):
  File "/home/airflow/.local/lib/python3.12/site-packages/airflow/models/dagbag.py", line 382, in parse
    loader.exec_module(new_module)
  File "<frozen importlib._bootstrap_external>", line 995, in exec_module
  File "<frozen importlib._bootstrap>", line 488, in _call_with_frames_removed
  File "/opt/airflow/dags/scripts/bronze_order_items.py", line 6, in <module>
    df_order_items = spark.read.json("/opt/airflow/dags/landing/order_items/*")
                     ^^^^^^^^^^^^^^^^^^^^^^^^^^^^^^^^^^^^^^^^^^^^^^^^^^^^^^^^^^
  File "/home/airflow/.local/lib/python3.12/site-packages/pyspark/sql/readwriter.py", line 425, in json
    return self._df(self._jreader.json(self._spark._sc._jvm.PythonUtils.toSeq(path)))
                    ^^^^^^^^^^^^^^^^^^^^^^^^^^^^^^^^^^^^^^^^^^^^^^^^^^^^^^^^^^^^^^^^
  File "/home/airflow/.local/lib/python3.12/site-packages/py4j/java_gateway.py", line 1322, in __call__
    return_value = get_return_value(
                   ^^^^^^^^^^^^^^^^^
  File "/home/airflow/.local/lib/python3.12/site-packages/pyspark/errors/exceptions/captured.py", line 185, in deco
    raise converted from None
pyspark.errors.exceptions.captured.AnalysisException: [PATH_NOT_FOUND] Path does not exist: file:/opt/airflow/dags/landing/order_items/*.
[2026-08-12T20:43:52.344+0000] {processor.py:927} WARNING - No viable dags retrieved from /opt/airflow/dags/scripts/bronze_order_items.py
[2026-08-12T20:43:52.422+0000] {processor.py:208} INFO - Processing /opt/airflow/dags/scripts/bronze_order_items.py took 8.651 seconds
[2026-08-12T20:44:33.013+0000] {processor.py:186} INFO - Started process (PID=19784) to work on /opt/airflow/dags/scripts/bronze_order_items.py
[2026-08-12T20:44:33.023+0000] {processor.py:914} INFO - Processing file /opt/airflow/dags/scripts/bronze_order_items.py for tasks to queue
[2026-08-12T20:44:33.035+0000] {logging_mixin.py:190} INFO - [2026-08-12T20:44:33.031+0000] {dagbag.py:587} INFO - Filling up the DagBag from /opt/airflow/dags/scripts/bronze_order_items.py
[2026-08-12T20:44:49.243+0000] {logging_mixin.py:190} INFO - [2026-08-12T20:44:49.220+0000] {dagbag.py:386} ERROR - Failed to import: /opt/airflow/dags/scripts/bronze_order_items.py
Traceback (most recent call last):
  File "/home/airflow/.local/lib/python3.12/site-packages/airflow/models/dagbag.py", line 382, in parse
    loader.exec_module(new_module)
  File "<frozen importlib._bootstrap_external>", line 995, in exec_module
  File "<frozen importlib._bootstrap>", line 488, in _call_with_frames_removed
  File "/opt/airflow/dags/scripts/bronze_order_items.py", line 6, in <module>
    df_order_items = spark.read.json("/opt/airflow/dags/landing/order_items/*")
                     ^^^^^^^^^^^^^^^^^^^^^^^^^^^^^^^^^^^^^^^^^^^^^^^^^^^^^^^^^^
  File "/home/airflow/.local/lib/python3.12/site-packages/pyspark/sql/readwriter.py", line 425, in json
    return self._df(self._jreader.json(self._spark._sc._jvm.PythonUtils.toSeq(path)))
                    ^^^^^^^^^^^^^^^^^^^^^^^^^^^^^^^^^^^^^^^^^^^^^^^^^^^^^^^^^^^^^^^^
  File "/home/airflow/.local/lib/python3.12/site-packages/py4j/java_gateway.py", line 1322, in __call__
    return_value = get_return_value(
                   ^^^^^^^^^^^^^^^^^
  File "/home/airflow/.local/lib/python3.12/site-packages/pyspark/errors/exceptions/captured.py", line 185, in deco
    raise converted from None
pyspark.errors.exceptions.captured.AnalysisException: [PATH_NOT_FOUND] Path does not exist: file:/opt/airflow/dags/landing/order_items/*.
[2026-08-12T20:44:49.253+0000] {processor.py:927} WARNING - No viable dags retrieved from /opt/airflow/dags/scripts/bronze_order_items.py
[2026-08-12T20:44:49.314+0000] {processor.py:208} INFO - Processing /opt/airflow/dags/scripts/bronze_order_items.py took 16.339 seconds
[2026-08-12T20:45:20.252+0000] {processor.py:186} INFO - Started process (PID=20307) to work on /opt/airflow/dags/scripts/bronze_order_items.py
[2026-08-12T20:45:20.259+0000] {processor.py:914} INFO - Processing file /opt/airflow/dags/scripts/bronze_order_items.py for tasks to queue
[2026-08-12T20:45:20.267+0000] {logging_mixin.py:190} INFO - [2026-08-12T20:45:20.263+0000] {dagbag.py:587} INFO - Filling up the DagBag from /opt/airflow/dags/scripts/bronze_order_items.py
[2026-08-12T20:45:50.339+0000] {logging_mixin.py:190} INFO - [2026-08-12T20:45:50.312+0000] {timeout.py:68} ERROR - Process timed out, PID: 20307
[2026-08-12T20:46:21.826+0000] {processor.py:186} INFO - Started process (PID=20972) to work on /opt/airflow/dags/scripts/bronze_order_items.py
[2026-08-12T20:46:21.844+0000] {processor.py:914} INFO - Processing file /opt/airflow/dags/scripts/bronze_order_items.py for tasks to queue
[2026-08-12T20:46:21.894+0000] {logging_mixin.py:190} INFO - [2026-08-12T20:46:21.892+0000] {dagbag.py:587} INFO - Filling up the DagBag from /opt/airflow/dags/scripts/bronze_order_items.py
[2026-08-12T20:46:43.782+0000] {logging_mixin.py:190} INFO - [2026-08-12T20:46:43.697+0000] {dagbag.py:386} ERROR - Failed to import: /opt/airflow/dags/scripts/bronze_order_items.py
Traceback (most recent call last):
  File "/home/airflow/.local/lib/python3.12/site-packages/airflow/models/dagbag.py", line 382, in parse
    loader.exec_module(new_module)
  File "<frozen importlib._bootstrap_external>", line 995, in exec_module
  File "<frozen importlib._bootstrap>", line 488, in _call_with_frames_removed
  File "/opt/airflow/dags/scripts/bronze_order_items.py", line 6, in <module>
    df_order_items = spark.read.json("/opt/airflow/dags/landing/order_items/*")
                     ^^^^^^^^^^^^^^^^^^^^^^^^^^^^^^^^^^^^^^^^^^^^^^^^^^^^^^^^^^
  File "/home/airflow/.local/lib/python3.12/site-packages/pyspark/sql/readwriter.py", line 425, in json
    return self._df(self._jreader.json(self._spark._sc._jvm.PythonUtils.toSeq(path)))
                    ^^^^^^^^^^^^^^^^^^^^^^^^^^^^^^^^^^^^^^^^^^^^^^^^^^^^^^^^^^^^^^^^
  File "/home/airflow/.local/lib/python3.12/site-packages/py4j/java_gateway.py", line 1322, in __call__
    return_value = get_return_value(
                   ^^^^^^^^^^^^^^^^^
  File "/home/airflow/.local/lib/python3.12/site-packages/pyspark/errors/exceptions/captured.py", line 185, in deco
    raise converted from None
pyspark.errors.exceptions.captured.AnalysisException: [PATH_NOT_FOUND] Path does not exist: file:/opt/airflow/dags/landing/order_items/*.
[2026-08-12T20:46:43.810+0000] {processor.py:927} WARNING - No viable dags retrieved from /opt/airflow/dags/scripts/bronze_order_items.py
[2026-08-12T20:46:43.972+0000] {processor.py:208} INFO - Processing /opt/airflow/dags/scripts/bronze_order_items.py took 22.247 seconds
[2026-08-12T20:47:13.868+0000] {processor.py:186} INFO - Started process (PID=21530) to work on /opt/airflow/dags/scripts/bronze_order_items.py
[2026-08-12T20:47:13.871+0000] {processor.py:914} INFO - Processing file /opt/airflow/dags/scripts/bronze_order_items.py for tasks to queue
[2026-08-12T20:47:13.879+0000] {logging_mixin.py:190} INFO - [2026-08-12T20:47:13.876+0000] {dagbag.py:587} INFO - Filling up the DagBag from /opt/airflow/dags/scripts/bronze_order_items.py
[2026-08-12T20:47:43.932+0000] {logging_mixin.py:190} INFO - [2026-08-12T20:47:43.928+0000] {timeout.py:68} ERROR - Process timed out, PID: 21530
[2026-08-12T20:48:14.687+0000] {processor.py:186} INFO - Started process (PID=22220) to work on /opt/airflow/dags/scripts/bronze_order_items.py
[2026-08-12T20:48:14.700+0000] {processor.py:914} INFO - Processing file /opt/airflow/dags/scripts/bronze_order_items.py for tasks to queue
[2026-08-12T20:48:14.712+0000] {logging_mixin.py:190} INFO - [2026-08-12T20:48:14.710+0000] {dagbag.py:587} INFO - Filling up the DagBag from /opt/airflow/dags/scripts/bronze_order_items.py
[2026-08-12T20:48:44.791+0000] {logging_mixin.py:190} INFO - [2026-08-12T20:48:44.785+0000] {timeout.py:68} ERROR - Process timed out, PID: 22220
[2026-08-12T20:49:15.445+0000] {processor.py:186} INFO - Started process (PID=22799) to work on /opt/airflow/dags/scripts/bronze_order_items.py
[2026-08-12T20:49:15.451+0000] {processor.py:914} INFO - Processing file /opt/airflow/dags/scripts/bronze_order_items.py for tasks to queue
[2026-08-12T20:49:15.459+0000] {logging_mixin.py:190} INFO - [2026-08-12T20:49:15.457+0000] {dagbag.py:587} INFO - Filling up the DagBag from /opt/airflow/dags/scripts/bronze_order_items.py
[2026-08-12T20:49:45.532+0000] {logging_mixin.py:190} INFO - [2026-08-12T20:49:45.530+0000] {timeout.py:68} ERROR - Process timed out, PID: 22799
[2026-08-12T20:50:16.150+0000] {processor.py:186} INFO - Started process (PID=23306) to work on /opt/airflow/dags/scripts/bronze_order_items.py
[2026-08-12T20:50:16.157+0000] {processor.py:914} INFO - Processing file /opt/airflow/dags/scripts/bronze_order_items.py for tasks to queue
[2026-08-12T20:50:16.168+0000] {logging_mixin.py:190} INFO - [2026-08-12T20:50:16.165+0000] {dagbag.py:587} INFO - Filling up the DagBag from /opt/airflow/dags/scripts/bronze_order_items.py
[2026-08-12T20:50:46.264+0000] {logging_mixin.py:190} INFO - [2026-08-12T20:50:46.250+0000] {timeout.py:68} ERROR - Process timed out, PID: 23306
[2026-08-12T20:51:17.062+0000] {processor.py:186} INFO - Started process (PID=23885) to work on /opt/airflow/dags/scripts/bronze_order_items.py
[2026-08-12T20:51:17.067+0000] {processor.py:914} INFO - Processing file /opt/airflow/dags/scripts/bronze_order_items.py for tasks to queue
[2026-08-12T20:51:17.074+0000] {logging_mixin.py:190} INFO - [2026-08-12T20:51:17.073+0000] {dagbag.py:587} INFO - Filling up the DagBag from /opt/airflow/dags/scripts/bronze_order_items.py
[2026-08-12T20:51:47.138+0000] {logging_mixin.py:190} INFO - [2026-08-12T20:51:47.134+0000] {timeout.py:68} ERROR - Process timed out, PID: 23885
[2026-08-12T20:52:18.092+0000] {processor.py:186} INFO - Started process (PID=24355) to work on /opt/airflow/dags/scripts/bronze_order_items.py
[2026-08-12T20:52:18.097+0000] {processor.py:914} INFO - Processing file /opt/airflow/dags/scripts/bronze_order_items.py for tasks to queue
[2026-08-12T20:52:18.125+0000] {logging_mixin.py:190} INFO - [2026-08-12T20:52:18.111+0000] {dagbag.py:587} INFO - Filling up the DagBag from /opt/airflow/dags/scripts/bronze_order_items.py
[2026-08-12T20:52:48.425+0000] {logging_mixin.py:190} INFO - [2026-08-12T20:52:48.421+0000] {timeout.py:68} ERROR - Process timed out, PID: 24355
[2026-08-12T20:53:19.479+0000] {processor.py:186} INFO - Started process (PID=24930) to work on /opt/airflow/dags/scripts/bronze_order_items.py
[2026-08-12T20:53:19.491+0000] {processor.py:914} INFO - Processing file /opt/airflow/dags/scripts/bronze_order_items.py for tasks to queue
[2026-08-12T20:53:19.498+0000] {logging_mixin.py:190} INFO - [2026-08-12T20:53:19.496+0000] {dagbag.py:587} INFO - Filling up the DagBag from /opt/airflow/dags/scripts/bronze_order_items.py
[2026-08-12T20:53:49.653+0000] {logging_mixin.py:190} INFO - [2026-08-12T20:53:49.640+0000] {timeout.py:68} ERROR - Process timed out, PID: 24930
[2026-08-12T20:54:21.409+0000] {processor.py:186} INFO - Started process (PID=25376) to work on /opt/airflow/dags/scripts/bronze_order_items.py
[2026-08-12T20:54:21.417+0000] {processor.py:914} INFO - Processing file /opt/airflow/dags/scripts/bronze_order_items.py for tasks to queue
[2026-08-12T20:54:21.443+0000] {logging_mixin.py:190} INFO - [2026-08-12T20:54:21.431+0000] {dagbag.py:587} INFO - Filling up the DagBag from /opt/airflow/dags/scripts/bronze_order_items.py
[2026-08-12T20:54:51.610+0000] {logging_mixin.py:190} INFO - [2026-08-12T20:54:51.607+0000] {timeout.py:68} ERROR - Process timed out, PID: 25376
[2026-08-12T20:55:22.251+0000] {processor.py:186} INFO - Started process (PID=25852) to work on /opt/airflow/dags/scripts/bronze_order_items.py
[2026-08-12T20:55:22.259+0000] {processor.py:914} INFO - Processing file /opt/airflow/dags/scripts/bronze_order_items.py for tasks to queue
[2026-08-12T20:55:22.283+0000] {logging_mixin.py:190} INFO - [2026-08-12T20:55:22.281+0000] {dagbag.py:587} INFO - Filling up the DagBag from /opt/airflow/dags/scripts/bronze_order_items.py
[2026-08-12T20:55:52.475+0000] {logging_mixin.py:190} INFO - [2026-08-12T20:55:52.472+0000] {timeout.py:68} ERROR - Process timed out, PID: 25852
[2026-08-12T20:56:22.795+0000] {processor.py:186} INFO - Started process (PID=26372) to work on /opt/airflow/dags/scripts/bronze_order_items.py
[2026-08-12T20:56:22.803+0000] {processor.py:914} INFO - Processing file /opt/airflow/dags/scripts/bronze_order_items.py for tasks to queue
[2026-08-12T20:56:22.810+0000] {logging_mixin.py:190} INFO - [2026-08-12T20:56:22.808+0000] {dagbag.py:587} INFO - Filling up the DagBag from /opt/airflow/dags/scripts/bronze_order_items.py
[2026-08-12T20:56:52.894+0000] {logging_mixin.py:190} INFO - [2026-08-12T20:56:52.891+0000] {timeout.py:68} ERROR - Process timed out, PID: 26372
[2026-08-12T20:57:23.698+0000] {processor.py:186} INFO - Started process (PID=26903) to work on /opt/airflow/dags/scripts/bronze_order_items.py
[2026-08-12T20:57:23.703+0000] {processor.py:914} INFO - Processing file /opt/airflow/dags/scripts/bronze_order_items.py for tasks to queue
[2026-08-12T20:57:23.716+0000] {logging_mixin.py:190} INFO - [2026-08-12T20:57:23.710+0000] {dagbag.py:587} INFO - Filling up the DagBag from /opt/airflow/dags/scripts/bronze_order_items.py
[2026-08-12T20:57:53.940+0000] {logging_mixin.py:190} INFO - [2026-08-12T20:57:53.937+0000] {timeout.py:68} ERROR - Process timed out, PID: 26903
[2026-08-12T20:58:24.419+0000] {processor.py:186} INFO - Started process (PID=27428) to work on /opt/airflow/dags/scripts/bronze_order_items.py
[2026-08-12T20:58:24.422+0000] {processor.py:914} INFO - Processing file /opt/airflow/dags/scripts/bronze_order_items.py for tasks to queue
[2026-08-12T20:58:24.429+0000] {logging_mixin.py:190} INFO - [2026-08-12T20:58:24.426+0000] {dagbag.py:587} INFO - Filling up the DagBag from /opt/airflow/dags/scripts/bronze_order_items.py
[2026-08-12T21:04:25.036+0000] {processor.py:186} INFO - Started process (PID=27593) to work on /opt/airflow/dags/scripts/bronze_order_items.py
[2026-08-12T21:04:25.039+0000] {processor.py:914} INFO - Processing file /opt/airflow/dags/scripts/bronze_order_items.py for tasks to queue
[2026-08-12T21:04:25.051+0000] {logging_mixin.py:190} INFO - [2026-08-12T21:04:25.044+0000] {dagbag.py:587} INFO - Filling up the DagBag from /opt/airflow/dags/scripts/bronze_order_items.py
[2026-08-12T21:04:55.150+0000] {logging_mixin.py:190} INFO - [2026-08-12T21:04:55.149+0000] {timeout.py:68} ERROR - Process timed out, PID: 27593
[2026-08-12T21:05:25.892+0000] {processor.py:186} INFO - Started process (PID=28235) to work on /opt/airflow/dags/scripts/bronze_order_items.py
[2026-08-12T21:05:25.898+0000] {processor.py:914} INFO - Processing file /opt/airflow/dags/scripts/bronze_order_items.py for tasks to queue
[2026-08-12T21:05:25.903+0000] {logging_mixin.py:190} INFO - [2026-08-12T21:05:25.902+0000] {dagbag.py:587} INFO - Filling up the DagBag from /opt/airflow/dags/scripts/bronze_order_items.py
[2026-08-12T21:05:55.937+0000] {logging_mixin.py:190} INFO - [2026-08-12T21:05:55.935+0000] {timeout.py:68} ERROR - Process timed out, PID: 28235
[2026-08-12T21:06:26.866+0000] {processor.py:186} INFO - Started process (PID=28870) to work on /opt/airflow/dags/scripts/bronze_order_items.py
[2026-08-12T21:06:26.868+0000] {processor.py:914} INFO - Processing file /opt/airflow/dags/scripts/bronze_order_items.py for tasks to queue
[2026-08-12T21:06:26.875+0000] {logging_mixin.py:190} INFO - [2026-08-12T21:06:26.872+0000] {dagbag.py:587} INFO - Filling up the DagBag from /opt/airflow/dags/scripts/bronze_order_items.py
[2026-08-12T21:06:56.769+0000] {processor.py:927} WARNING - No viable dags retrieved from /opt/airflow/dags/scripts/bronze_order_items.py
[2026-08-12T21:06:56.808+0000] {processor.py:208} INFO - Processing /opt/airflow/dags/scripts/bronze_order_items.py took 29.957 seconds
[2026-08-12T21:07:27.357+0000] {processor.py:186} INFO - Started process (PID=29340) to work on /opt/airflow/dags/scripts/bronze_order_items.py
[2026-08-12T21:07:27.359+0000] {processor.py:914} INFO - Processing file /opt/airflow/dags/scripts/bronze_order_items.py for tasks to queue
[2026-08-12T21:07:27.362+0000] {logging_mixin.py:190} INFO - [2026-08-12T21:07:27.361+0000] {dagbag.py:587} INFO - Filling up the DagBag from /opt/airflow/dags/scripts/bronze_order_items.py
[2026-08-12T21:07:27.593+0000] {processor.py:927} WARNING - No viable dags retrieved from /opt/airflow/dags/scripts/bronze_order_items.py
[2026-08-12T21:07:27.632+0000] {processor.py:208} INFO - Processing /opt/airflow/dags/scripts/bronze_order_items.py took 0.286 seconds
[2026-08-12T21:07:57.891+0000] {processor.py:186} INFO - Started process (PID=29353) to work on /opt/airflow/dags/scripts/bronze_order_items.py
[2026-08-12T21:07:57.893+0000] {processor.py:914} INFO - Processing file /opt/airflow/dags/scripts/bronze_order_items.py for tasks to queue
[2026-08-12T21:07:57.895+0000] {logging_mixin.py:190} INFO - [2026-08-12T21:07:57.895+0000] {dagbag.py:587} INFO - Filling up the DagBag from /opt/airflow/dags/scripts/bronze_order_items.py
[2026-08-12T21:07:58.026+0000] {processor.py:927} WARNING - No viable dags retrieved from /opt/airflow/dags/scripts/bronze_order_items.py
[2026-08-12T21:07:58.047+0000] {processor.py:208} INFO - Processing /opt/airflow/dags/scripts/bronze_order_items.py took 0.165 seconds
[2026-08-12T21:08:28.276+0000] {processor.py:186} INFO - Started process (PID=29366) to work on /opt/airflow/dags/scripts/bronze_order_items.py
[2026-08-12T21:08:28.279+0000] {processor.py:914} INFO - Processing file /opt/airflow/dags/scripts/bronze_order_items.py for tasks to queue
[2026-08-12T21:08:28.284+0000] {logging_mixin.py:190} INFO - [2026-08-12T21:08:28.283+0000] {dagbag.py:587} INFO - Filling up the DagBag from /opt/airflow/dags/scripts/bronze_order_items.py
[2026-08-12T21:08:28.533+0000] {processor.py:927} WARNING - No viable dags retrieved from /opt/airflow/dags/scripts/bronze_order_items.py
[2026-08-12T21:08:28.569+0000] {processor.py:208} INFO - Processing /opt/airflow/dags/scripts/bronze_order_items.py took 0.315 seconds
[2026-08-12T21:08:58.745+0000] {processor.py:186} INFO - Started process (PID=29379) to work on /opt/airflow/dags/scripts/bronze_order_items.py
[2026-08-12T21:08:58.747+0000] {processor.py:914} INFO - Processing file /opt/airflow/dags/scripts/bronze_order_items.py for tasks to queue
[2026-08-12T21:08:58.748+0000] {logging_mixin.py:190} INFO - [2026-08-12T21:08:58.748+0000] {dagbag.py:587} INFO - Filling up the DagBag from /opt/airflow/dags/scripts/bronze_order_items.py
[2026-08-12T21:08:58.872+0000] {processor.py:927} WARNING - No viable dags retrieved from /opt/airflow/dags/scripts/bronze_order_items.py
[2026-08-12T21:08:58.896+0000] {processor.py:208} INFO - Processing /opt/airflow/dags/scripts/bronze_order_items.py took 0.161 seconds
