[2026-08-12T20:20:25.893+0000] {local_task_job_runner.py:123} INFO - ::group::Pre task execution logs
[2026-08-12T20:20:27.052+0000] {taskinstance.py:2603} INFO - Dependencies all met for dep_context=non-requeueable deps ti=<TaskInstance: pipeline_lakehouse_medallion.bronze_orders manual__2026-08-12T20:20:03.436354+00:00 [queued]>
[2026-08-12T20:20:27.356+0000] {taskinstance.py:2603} INFO - Dependencies all met for dep_context=requeueable deps ti=<TaskInstance: pipeline_lakehouse_medallion.bronze_orders manual__2026-08-12T20:20:03.436354+00:00 [queued]>
[2026-08-12T20:20:27.361+0000] {taskinstance.py:2856} INFO - Starting attempt 1 of 1
[2026-08-12T20:20:27.566+0000] {taskinstance.py:2879} INFO - Executing <Task(BashOperator): bronze_orders> on 2026-08-12 20:20:03.436354+00:00
[2026-08-12T20:20:27.692+0000] {warnings.py:112} WARNING - /home/***/.local/lib/python3.12/site-packages/***/task/task_runner/standard_task_runner.py:70: DeprecationWarning: This process (pid=2805) is multi-threaded, use of fork() may lead to deadlocks in the child.
  pid = os.fork()

[2026-08-12T20:20:27.804+0000] {standard_task_runner.py:72} INFO - Started process 2986 to run task
[2026-08-12T20:20:27.784+0000] {standard_task_runner.py:104} INFO - Running: ['***', 'tasks', 'run', 'pipeline_lakehouse_medallion', 'bronze_orders', 'manual__2026-08-12T20:20:03.436354+00:00', '--job-id', '15', '--raw', '--subdir', 'DAGS_FOLDER/dag_lakehouse_pipeline.py', '--cfg-path', '/tmp/tmpdiqhr504']
[2026-08-12T20:20:27.811+0000] {standard_task_runner.py:105} INFO - Job 15: Subtask bronze_orders
[2026-08-12T20:20:30.706+0000] {task_command.py:467} INFO - Running <TaskInstance: pipeline_lakehouse_medallion.bronze_orders manual__2026-08-12T20:20:03.436354+00:00 [running]> on host 4099a95615c9
[2026-08-12T20:20:33.236+0000] {taskinstance.py:3122} INFO - Exporting env vars: AIRFLOW_CTX_DAG_OWNER='engenharia_dados' AIRFLOW_CTX_DAG_ID='pipeline_lakehouse_medallion' AIRFLOW_CTX_TASK_ID='bronze_orders' AIRFLOW_CTX_EXECUTION_DATE='2026-08-12T20:20:03.436354+00:00' AIRFLOW_CTX_TRY_NUMBER='1' AIRFLOW_CTX_DAG_RUN_ID='manual__2026-08-12T20:20:03.436354+00:00'
[2026-08-12T20:20:33.257+0000] {taskinstance.py:731} INFO - ::endgroup::
[2026-08-12T20:20:33.808+0000] {subprocess.py:63} INFO - Tmp dir root location: /tmp
[2026-08-12T20:20:33.828+0000] {subprocess.py:75} INFO - Running command: ['/usr/bin/bash', '-c', 'python3 /opt/***/dags/scripts/bronze_orders.py']
[2026-08-12T20:20:34.109+0000] {subprocess.py:86} INFO - Output:
[2026-08-12T20:20:40.092+0000] {local_task_job_runner.py:341} WARNING - State of this instance has been externally set to restarting. Terminating instance.
[2026-08-12T20:20:40.154+0000] {local_task_job_runner.py:240} INFO - ::endgroup::
[2026-08-12T20:20:40.357+0000] {process_utils.py:132} INFO - Sending 15 to group 2986. PIDs of all processes in the group: [3087, 2986]
[2026-08-12T20:20:40.391+0000] {process_utils.py:87} INFO - Sending the signal 15 to group 2986
[2026-08-12T20:20:40.394+0000] {taskinstance.py:3083} ERROR - Received SIGTERM. Terminating subprocesses.
[2026-08-12T20:20:40.411+0000] {subprocess.py:104} INFO - Sending SIGTERM signal to process group
[2026-08-12T20:20:40.823+0000] {taskinstance.py:3301} ERROR - Task failed with exception
Traceback (most recent call last):
  File "/home/airflow/.local/lib/python3.12/site-packages/airflow/models/taskinstance.py", line 767, in _execute_task
    result = _execute_callable(context=context, **execute_callable_kwargs)
             ^^^^^^^^^^^^^^^^^^^^^^^^^^^^^^^^^^^^^^^^^^^^^^^^^^^^^^^^^^^^^
  File "/home/airflow/.local/lib/python3.12/site-packages/airflow/models/taskinstance.py", line 733, in _execute_callable
    return ExecutionCallableRunner(
           ^^^^^^^^^^^^^^^^^^^^^^^^
  File "/home/airflow/.local/lib/python3.12/site-packages/airflow/utils/operator_helpers.py", line 252, in run
    return self.func(*args, **kwargs)
           ^^^^^^^^^^^^^^^^^^^^^^^^^^
  File "/home/airflow/.local/lib/python3.12/site-packages/airflow/models/baseoperator.py", line 406, in wrapper
    return func(self, *args, **kwargs)
           ^^^^^^^^^^^^^^^^^^^^^^^^^^^
  File "/home/airflow/.local/lib/python3.12/site-packages/airflow/operators/bash.py", line 240, in execute
    result = self.subprocess_hook.run_command(
             ^^^^^^^^^^^^^^^^^^^^^^^^^^^^^^^^^
  File "/home/airflow/.local/lib/python3.12/site-packages/airflow/hooks/subprocess.py", line 91, in run_command
    for raw_line in iter(self.sub_process.stdout.readline, b""):
                    ^^^^^^^^^^^^^^^^^^^^^^^^^^^^^^^^^^^^^^^^^^^
  File "/home/airflow/.local/lib/python3.12/site-packages/airflow/models/taskinstance.py", line 3085, in signal_handler
    raise AirflowTaskTerminated("Task received SIGTERM signal")
airflow.exceptions.AirflowTaskTerminated: Task received SIGTERM signal
[2026-08-12T20:20:41.089+0000] {taskinstance.py:1225} INFO - Marking task as UP_FOR_RETRY. dag_id=pipeline_lakehouse_medallion, task_id=bronze_orders, run_id=manual__2026-08-12T20:20:03.436354+00:00, execution_date=20260812T202003, start_date=20260812T202027, end_date=20260812T202041
[2026-08-12T20:20:41.431+0000] {taskinstance.py:340} INFO - ::group::Post task execution logs
[2026-08-12T20:20:41.751+0000] {process_utils.py:80} INFO - Process psutil.Process(pid=2986, status='terminated', exitcode=2, started='20:20:27') (2986) terminated with exit code 2
[2026-08-12T20:20:41.770+0000] {process_utils.py:80} INFO - Process psutil.Process(pid=3087, status='terminated', started='20:20:33') (3087) terminated with exit code None
