[2026-08-12T20:28:23.293+0000] {local_task_job_runner.py:123} INFO - ::group::Pre task execution logs
[2026-08-12T20:28:23.383+0000] {taskinstance.py:2603} INFO - Dependencies all met for dep_context=non-requeueable deps ti=<TaskInstance: pipeline_lakehouse_medallion.bronze_orders manual__2026-08-12T20:20:03.436354+00:00 [queued]>
[2026-08-12T20:28:23.428+0000] {taskinstance.py:2603} INFO - Dependencies all met for dep_context=requeueable deps ti=<TaskInstance: pipeline_lakehouse_medallion.bronze_orders manual__2026-08-12T20:20:03.436354+00:00 [queued]>
[2026-08-12T20:28:23.430+0000] {taskinstance.py:2856} INFO - Starting attempt 2 of 1
[2026-08-12T20:28:23.494+0000] {taskinstance.py:2879} INFO - Executing <Task(BashOperator): bronze_orders> on 2026-08-12 20:20:03.436354+00:00
[2026-08-12T20:28:23.524+0000] {warnings.py:112} WARNING - /home/***/.local/lib/python3.12/site-packages/***/task/task_runner/standard_task_runner.py:70: DeprecationWarning: This process (pid=4700) is multi-threaded, use of fork() may lead to deadlocks in the child.
  pid = os.fork()

[2026-08-12T20:28:23.532+0000] {standard_task_runner.py:104} INFO - Running: ['***', 'tasks', 'run', 'pipeline_lakehouse_medallion', 'bronze_orders', 'manual__2026-08-12T20:20:03.436354+00:00', '--job-id', '24', '--raw', '--subdir', 'DAGS_FOLDER/dag_lakehouse_pipeline.py', '--cfg-path', '/tmp/tmpku7f1lua']
[2026-08-12T20:28:23.544+0000] {standard_task_runner.py:105} INFO - Job 24: Subtask bronze_orders
[2026-08-12T20:28:23.540+0000] {standard_task_runner.py:72} INFO - Started process 4701 to run task
[2026-08-12T20:28:23.898+0000] {task_command.py:467} INFO - Running <TaskInstance: pipeline_lakehouse_medallion.bronze_orders manual__2026-08-12T20:20:03.436354+00:00 [running]> on host 4099a95615c9
[2026-08-12T20:28:24.680+0000] {taskinstance.py:3122} INFO - Exporting env vars: AIRFLOW_CTX_DAG_OWNER='engenharia_dados' AIRFLOW_CTX_DAG_ID='pipeline_lakehouse_medallion' AIRFLOW_CTX_TASK_ID='bronze_orders' AIRFLOW_CTX_EXECUTION_DATE='2026-08-12T20:20:03.436354+00:00' AIRFLOW_CTX_TRY_NUMBER='2' AIRFLOW_CTX_DAG_RUN_ID='manual__2026-08-12T20:20:03.436354+00:00'
[2026-08-12T20:28:24.686+0000] {taskinstance.py:731} INFO - ::endgroup::
[2026-08-12T20:28:24.815+0000] {subprocess.py:63} INFO - Tmp dir root location: /tmp
[2026-08-12T20:28:24.820+0000] {subprocess.py:75} INFO - Running command: ['/usr/bin/bash', '-c', 'python3 /opt/***/dags/scripts/bronze_orders.py']
[2026-08-12T20:28:24.858+0000] {subprocess.py:86} INFO - Output:
[2026-08-12T20:28:30.753+0000] {subprocess.py:93} INFO - /home/***/.local/lib/python3.12/site-packages/pyspark/bin/load-spark-env.sh: line 68: ps: command not found
[2026-08-12T20:28:46.107+0000] {subprocess.py:93} INFO - Setting default log level to "WARN".
[2026-08-12T20:28:46.118+0000] {subprocess.py:93} INFO - To adjust logging level use sc.setLogLevel(newLevel). For SparkR, use setLogLevel(newLevel).
[2026-08-12T20:28:47.479+0000] {subprocess.py:93} INFO - 26/08/12 20:28:47 WARN NativeCodeLoader: Unable to load native-hadoop library for your platform... using builtin-java classes where applicable
[2026-08-12T20:29:10.517+0000] {subprocess.py:93} INFO - Traceback (most recent call last):
[2026-08-12T20:29:10.535+0000] {subprocess.py:93} INFO -   File "/opt/***/dags/scripts/bronze_orders.py", line 6, in <module>
[2026-08-12T20:29:10.574+0000] {subprocess.py:93} INFO -     df_orders = spark.read.json("/opt/***/dags/landing/orders/*")
[2026-08-12T20:29:10.579+0000] {subprocess.py:93} INFO -                 ^^^^^^^^^^^^^^^^^^^^^^^^^^^^^^^^^^^^^^^^^^^^^^^^^^^^^
[2026-08-12T20:29:10.598+0000] {subprocess.py:93} INFO -   File "/home/***/.local/lib/python3.12/site-packages/pyspark/sql/readwriter.py", line 425, in json
[2026-08-12T20:29:10.604+0000] {subprocess.py:93} INFO -     return self._df(self._jreader.json(self._spark._sc._jvm.PythonUtils.toSeq(path)))
[2026-08-12T20:29:10.617+0000] {subprocess.py:93} INFO -                     ^^^^^^^^^^^^^^^^^^^^^^^^^^^^^^^^^^^^^^^^^^^^^^^^^^^^^^^^^^^^^^^^
[2026-08-12T20:29:10.623+0000] {subprocess.py:93} INFO -   File "/home/***/.local/lib/python3.12/site-packages/py4j/java_gateway.py", line 1322, in __call__
[2026-08-12T20:29:10.637+0000] {subprocess.py:93} INFO -     return_value = get_return_value(
[2026-08-12T20:29:10.648+0000] {subprocess.py:93} INFO -                    ^^^^^^^^^^^^^^^^^
[2026-08-12T20:29:10.661+0000] {subprocess.py:93} INFO -   File "/home/***/.local/lib/python3.12/site-packages/pyspark/errors/exceptions/captured.py", line 185, in deco
[2026-08-12T20:29:10.666+0000] {subprocess.py:93} INFO -     raise converted from None
[2026-08-12T20:29:10.707+0000] {subprocess.py:93} INFO - pyspark.errors.exceptions.captured.AnalysisException: [PATH_NOT_FOUND] Path does not exist: file:/opt/***/dags/landing/orders/*.
[2026-08-12T20:29:13.744+0000] {subprocess.py:97} INFO - Command exited with return code 1
[2026-08-12T20:29:13.926+0000] {taskinstance.py:3301} ERROR - Task failed with exception
Traceback (most recent call last):
  File "/home/airflow/.local/lib/python3.12/site-packages/airflow/models/taskinstance.py", line 767, in _execute_task
    result = _execute_callable(context=context, **execute_callable_kwargs)
             ^^^^^^^^^^^^^^^^^^^^^^^^^^^^^^^^^^^^^^^^^^^^^^^^^^^^^^^^^^^^^
  File "/home/airflow/.local/lib/python3.12/site-packages/airflow/models/taskinstance.py", line 733, in _execute_callable
    return ExecutionCallableRunner(
           ^^^^^^^^^^^^^^^^^^^^^^^^
  File "/home/airflow/.local/lib/python3.12/site-packages/airflow/utils/operator_helpers.py", line 252, in run
    return self.func(*args, **kwargs)
           ^^^^^^^^^^^^^^^^^^^^^^^^^^
  File "/home/airflow/.local/lib/python3.12/site-packages/airflow/models/baseoperator.py", line 406, in wrapper
    return func(self, *args, **kwargs)
           ^^^^^^^^^^^^^^^^^^^^^^^^^^^
  File "/home/airflow/.local/lib/python3.12/site-packages/airflow/operators/bash.py", line 249, in execute
    raise AirflowException(
airflow.exceptions.AirflowException: Bash command failed. The command returned a non-zero exit code 1.
[2026-08-12T20:29:13.991+0000] {taskinstance.py:1225} INFO - Marking task as FAILED. dag_id=pipeline_lakehouse_medallion, task_id=bronze_orders, run_id=manual__2026-08-12T20:20:03.436354+00:00, execution_date=20260812T202003, start_date=20260812T202823, end_date=20260812T202913
[2026-08-12T20:29:14.179+0000] {taskinstance.py:340} INFO - ::group::Post task execution logs
[2026-08-12T20:29:14.212+0000] {standard_task_runner.py:124} ERROR - Failed to execute job 24 for task bronze_orders (Bash command failed. The command returned a non-zero exit code 1.; 4701)
Traceback (most recent call last):
  File "/home/airflow/.local/lib/python3.12/site-packages/airflow/task/task_runner/standard_task_runner.py", line 117, in _start_by_fork
    ret = args.func(args, dag=self.dag)
          ^^^^^^^^^^^^^^^^^^^^^^^^^^^^^
  File "/home/airflow/.local/lib/python3.12/site-packages/airflow/cli/cli_config.py", line 49, in command
    return func(*args, **kwargs)
           ^^^^^^^^^^^^^^^^^^^^^
  File "/home/airflow/.local/lib/python3.12/site-packages/airflow/utils/cli.py", line 115, in wrapper
    return f(*args, **kwargs)
           ^^^^^^^^^^^^^^^^^^
  File "/home/airflow/.local/lib/python3.12/site-packages/airflow/cli/commands/task_command.py", line 483, in task_run
    task_return_code = _run_task_by_selected_method(args, _dag, ti)
                       ^^^^^^^^^^^^^^^^^^^^^^^^^^^^^^^^^^^^^^^^^^^^
  File "/home/airflow/.local/lib/python3.12/site-packages/airflow/cli/commands/task_command.py", line 256, in _run_task_by_selected_method
    return _run_raw_task(args, ti)
           ^^^^^^^^^^^^^^^^^^^^^^^
  File "/home/airflow/.local/lib/python3.12/site-packages/airflow/cli/commands/task_command.py", line 341, in _run_raw_task
    return ti._run_raw_task(
           ^^^^^^^^^^^^^^^^^
  File "/home/airflow/.local/lib/python3.12/site-packages/airflow/utils/session.py", line 97, in wrapper
    return func(*args, session=session, **kwargs)
           ^^^^^^^^^^^^^^^^^^^^^^^^^^^^^^^^^^^^^^
  File "/home/airflow/.local/lib/python3.12/site-packages/airflow/models/taskinstance.py", line 2995, in _run_raw_task
    return _run_raw_task(
           ^^^^^^^^^^^^^^
  File "/home/airflow/.local/lib/python3.12/site-packages/airflow/models/taskinstance.py", line 273, in _run_raw_task
    TaskInstance._execute_task_with_callbacks(
  File "/home/airflow/.local/lib/python3.12/site-packages/airflow/models/taskinstance.py", line 3149, in _execute_task_with_callbacks
    result = self._execute_task(context, task_orig)
             ^^^^^^^^^^^^^^^^^^^^^^^^^^^^^^^^^^^^^^
  File "/home/airflow/.local/lib/python3.12/site-packages/airflow/models/taskinstance.py", line 3173, in _execute_task
    return _execute_task(self, context, task_orig)
           ^^^^^^^^^^^^^^^^^^^^^^^^^^^^^^^^^^^^^^^
  File "/home/airflow/.local/lib/python3.12/site-packages/airflow/models/taskinstance.py", line 767, in _execute_task
    result = _execute_callable(context=context, **execute_callable_kwargs)
             ^^^^^^^^^^^^^^^^^^^^^^^^^^^^^^^^^^^^^^^^^^^^^^^^^^^^^^^^^^^^^
  File "/home/airflow/.local/lib/python3.12/site-packages/airflow/models/taskinstance.py", line 733, in _execute_callable
    return ExecutionCallableRunner(
           ^^^^^^^^^^^^^^^^^^^^^^^^
  File "/home/airflow/.local/lib/python3.12/site-packages/airflow/utils/operator_helpers.py", line 252, in run
    return self.func(*args, **kwargs)
           ^^^^^^^^^^^^^^^^^^^^^^^^^^
  File "/home/airflow/.local/lib/python3.12/site-packages/airflow/models/baseoperator.py", line 406, in wrapper
    return func(self, *args, **kwargs)
           ^^^^^^^^^^^^^^^^^^^^^^^^^^^
  File "/home/airflow/.local/lib/python3.12/site-packages/airflow/operators/bash.py", line 249, in execute
    raise AirflowException(
airflow.exceptions.AirflowException: Bash command failed. The command returned a non-zero exit code 1.
[2026-08-12T20:29:14.347+0000] {local_task_job_runner.py:261} INFO - Task exited with return code 1
[2026-08-12T20:29:14.596+0000] {taskinstance.py:3891} INFO - 0 downstream tasks scheduled from follow-on schedule check
[2026-08-12T20:29:14.685+0000] {local_task_job_runner.py:240} INFO - ::endgroup::
