[2026-08-12T22:33:42.652+0000] {local_task_job_runner.py:123} INFO - ::group::Pre task execution logs
[2026-08-12T22:33:42.728+0000] {taskinstance.py:2603} INFO - Dependencies all met for dep_context=non-requeueable deps ti=<TaskInstance: pipeline_lakehouse_medallion.silver_order_items manual__2026-08-12T22:32:34.194502+00:00 [queued]>
[2026-08-12T22:33:42.772+0000] {taskinstance.py:2603} INFO - Dependencies all met for dep_context=requeueable deps ti=<TaskInstance: pipeline_lakehouse_medallion.silver_order_items manual__2026-08-12T22:32:34.194502+00:00 [queued]>
[2026-08-12T22:33:42.775+0000] {taskinstance.py:2856} INFO - Starting attempt 1 of 1
[2026-08-12T22:33:42.838+0000] {taskinstance.py:2879} INFO - Executing <Task(BashOperator): silver_order_items> on 2026-08-12 22:32:34.194502+00:00
[2026-08-12T22:33:42.855+0000] {warnings.py:112} WARNING - /home/***/.local/lib/python3.12/site-packages/***/task/task_runner/standard_task_runner.py:70: DeprecationWarning: This process (pid=2461) is multi-threaded, use of fork() may lead to deadlocks in the child.
  pid = os.fork()

[2026-08-12T22:33:42.863+0000] {standard_task_runner.py:72} INFO - Started process 2510 to run task
[2026-08-12T22:33:42.866+0000] {standard_task_runner.py:104} INFO - Running: ['***', 'tasks', 'run', 'pipeline_lakehouse_medallion', 'silver_order_items', 'manual__2026-08-12T22:32:34.194502+00:00', '--job-id', '14', '--raw', '--subdir', 'DAGS_FOLDER/dag_lakehouse_pipeline.py', '--cfg-path', '/tmp/tmpg2i7241j']
[2026-08-12T22:33:42.871+0000] {standard_task_runner.py:105} INFO - Job 14: Subtask silver_order_items
[2026-08-12T22:33:43.136+0000] {task_command.py:467} INFO - Running <TaskInstance: pipeline_lakehouse_medallion.silver_order_items manual__2026-08-12T22:32:34.194502+00:00 [running]> on host 9a4e9c967140
[2026-08-12T22:33:43.644+0000] {taskinstance.py:3122} INFO - Exporting env vars: AIRFLOW_CTX_DAG_OWNER='engenharia_dados' AIRFLOW_CTX_DAG_ID='pipeline_lakehouse_medallion' AIRFLOW_CTX_TASK_ID='silver_order_items' AIRFLOW_CTX_EXECUTION_DATE='2026-08-12T22:32:34.194502+00:00' AIRFLOW_CTX_TRY_NUMBER='1' AIRFLOW_CTX_DAG_RUN_ID='manual__2026-08-12T22:32:34.194502+00:00'
[2026-08-12T22:33:43.649+0000] {taskinstance.py:731} INFO - ::endgroup::
[2026-08-12T22:33:43.745+0000] {subprocess.py:63} INFO - Tmp dir root location: /tmp
[2026-08-12T22:33:43.750+0000] {subprocess.py:75} INFO - Running command: ['/usr/bin/bash', '-c', 'python3 /opt/***/dags/scripts/silver_order_items.py']
[2026-08-12T22:33:43.796+0000] {subprocess.py:86} INFO - Output:
[2026-08-12T22:33:47.054+0000] {subprocess.py:93} INFO - /home/***/.local/lib/python3.12/site-packages/pyspark/bin/load-spark-env.sh: line 68: ps: command not found
[2026-08-12T22:33:54.163+0000] {subprocess.py:93} INFO - Setting default log level to "WARN".
[2026-08-12T22:33:54.166+0000] {subprocess.py:93} INFO - To adjust logging level use sc.setLogLevel(newLevel). For SparkR, use setLogLevel(newLevel).
[2026-08-12T22:33:54.813+0000] {subprocess.py:93} INFO - 26/08/12 22:33:54 WARN NativeCodeLoader: Unable to load native-hadoop library for your platform... using builtin-java classes where applicable
[2026-08-12T22:33:58.046+0000] {subprocess.py:93} INFO - 26/08/12 22:33:58 WARN Utils: Service 'SparkUI' could not bind on port 4040. Attempting port 4041.
[2026-08-12T22:33:58.050+0000] {subprocess.py:93} INFO - 26/08/12 22:33:58 WARN Utils: Service 'SparkUI' could not bind on port 4041. Attempting port 4042.
[2026-08-12T22:34:26.862+0000] {subprocess.py:93} INFO - [Stage 0:>                                                          (0 + 1) / 1]                                                                                [Stage 1:>                                                          (0 + 7) / 7]
[2026-08-12T22:34:26.863+0000] {subprocess.py:97} INFO - Command exited with return code 0
[2026-08-12T22:34:26.903+0000] {taskinstance.py:340} INFO - ::group::Post task execution logs
[2026-08-12T22:34:26.904+0000] {taskinstance.py:352} INFO - Marking task as SUCCESS. dag_id=pipeline_lakehouse_medallion, task_id=silver_order_items, run_id=manual__2026-08-12T22:32:34.194502+00:00, execution_date=20260812T223234, start_date=20260812T223342, end_date=20260812T223426
[2026-08-12T22:34:26.948+0000] {local_task_job_runner.py:261} INFO - Task exited with return code 0
[2026-08-12T22:34:26.972+0000] {taskinstance.py:3891} INFO - 1 downstream tasks scheduled from follow-on schedule check
[2026-08-12T22:34:26.976+0000] {local_task_job_runner.py:240} INFO - ::endgroup::
