[2026-08-12T22:42:37.687+0000] {local_task_job_runner.py:123} INFO - ::group::Pre task execution logs
[2026-08-12T22:42:37.858+0000] {taskinstance.py:2603} INFO - Dependencies all met for dep_context=non-requeueable deps ti=<TaskInstance: pipeline_lakehouse_medallion.bronze_order_items manual_retry_1786574548 [queued]>
[2026-08-12T22:42:37.966+0000] {taskinstance.py:2603} INFO - Dependencies all met for dep_context=requeueable deps ti=<TaskInstance: pipeline_lakehouse_medallion.bronze_order_items manual_retry_1786574548 [queued]>
[2026-08-12T22:42:37.973+0000] {taskinstance.py:2856} INFO - Starting attempt 1 of 1
[2026-08-12T22:42:38.107+0000] {taskinstance.py:2879} INFO - Executing <Task(BashOperator): bronze_order_items> on 2026-08-12 22:42:35+00:00
[2026-08-12T22:42:38.143+0000] {warnings.py:112} WARNING - /home/***/.local/lib/python3.12/site-packages/***/task/task_runner/standard_task_runner.py:70: DeprecationWarning: This process (pid=3522) is multi-threaded, use of fork() may lead to deadlocks in the child.
  pid = os.fork()

[2026-08-12T22:42:38.151+0000] {standard_task_runner.py:72} INFO - Started process 3524 to run task
[2026-08-12T22:42:38.153+0000] {standard_task_runner.py:104} INFO - Running: ['***', 'tasks', 'run', 'pipeline_lakehouse_medallion', 'bronze_order_items', 'manual_retry_1786574548', '--job-id', '18', '--raw', '--subdir', 'DAGS_FOLDER/dag_lakehouse_pipeline.py', '--cfg-path', '/tmp/tmp47pisyhe']
[2026-08-12T22:42:38.159+0000] {standard_task_runner.py:105} INFO - Job 18: Subtask bronze_order_items
[2026-08-12T22:42:38.756+0000] {task_command.py:467} INFO - Running <TaskInstance: pipeline_lakehouse_medallion.bronze_order_items manual_retry_1786574548 [running]> on host 9a4e9c967140
[2026-08-12T22:42:39.203+0000] {taskinstance.py:3122} INFO - Exporting env vars: AIRFLOW_CTX_DAG_OWNER='engenharia_dados' AIRFLOW_CTX_DAG_ID='pipeline_lakehouse_medallion' AIRFLOW_CTX_TASK_ID='bronze_order_items' AIRFLOW_CTX_EXECUTION_DATE='2026-08-12T22:42:35+00:00' AIRFLOW_CTX_TRY_NUMBER='1' AIRFLOW_CTX_DAG_RUN_ID='manual_retry_1786574548'
[2026-08-12T22:42:39.209+0000] {taskinstance.py:731} INFO - ::endgroup::
[2026-08-12T22:42:39.273+0000] {subprocess.py:63} INFO - Tmp dir root location: /tmp
[2026-08-12T22:42:39.279+0000] {subprocess.py:75} INFO - Running command: ['/usr/bin/bash', '-c', 'python3 /opt/***/dags/scripts/bronze_order_items.py']
[2026-08-12T22:42:39.315+0000] {subprocess.py:86} INFO - Output:
[2026-08-12T22:42:41.894+0000] {subprocess.py:93} INFO - /home/***/.local/lib/python3.12/site-packages/pyspark/bin/load-spark-env.sh: line 68: ps: command not found
[2026-08-12T22:42:50.589+0000] {subprocess.py:93} INFO - Setting default log level to "WARN".
[2026-08-12T22:42:50.593+0000] {subprocess.py:93} INFO - To adjust logging level use sc.setLogLevel(newLevel). For SparkR, use setLogLevel(newLevel).
[2026-08-12T22:42:51.588+0000] {subprocess.py:93} INFO - 26/08/12 22:42:51 WARN NativeCodeLoader: Unable to load native-hadoop library for your platform... using builtin-java classes where applicable
[2026-08-12T22:42:55.500+0000] {subprocess.py:93} INFO - 26/08/12 22:42:55 WARN Utils: Service 'SparkUI' could not bind on port 4040. Attempting port 4041.
[2026-08-12T22:42:55.508+0000] {subprocess.py:93} INFO - 26/08/12 22:42:55 WARN Utils: Service 'SparkUI' could not bind on port 4041. Attempting port 4042.
[2026-08-12T22:43:43.772+0000] {subprocess.py:93} INFO - [Stage 0:>                                                          (0 + 0) / 7][Stage 0:>                                                          (0 + 7) / 7][Stage 0:==================================================>        (6 + 1) / 7]                                                                                [Stage 1:>                                                          (0 + 7) / 7]
[2026-08-12T22:43:43.775+0000] {subprocess.py:97} INFO - Command exited with return code 0
[2026-08-12T22:43:43.977+0000] {taskinstance.py:340} INFO - ::group::Post task execution logs
[2026-08-12T22:43:43.982+0000] {taskinstance.py:352} INFO - Marking task as SUCCESS. dag_id=pipeline_lakehouse_medallion, task_id=bronze_order_items, run_id=manual_retry_1786574548, execution_date=20260812T224235, start_date=20260812T224237, end_date=20260812T224343
[2026-08-12T22:43:44.084+0000] {local_task_job_runner.py:261} INFO - Task exited with return code 0
[2026-08-12T22:43:44.221+0000] {taskinstance.py:3891} INFO - 1 downstream tasks scheduled from follow-on schedule check
[2026-08-12T22:43:44.243+0000] {local_task_job_runner.py:240} INFO - ::endgroup::
