[2026-08-12T22:33:39.437+0000] {local_task_job_runner.py:123} INFO - ::group::Pre task execution logs
[2026-08-12T22:33:39.575+0000] {taskinstance.py:2603} INFO - Dependencies all met for dep_context=non-requeueable deps ti=<TaskInstance: pipeline_lakehouse_medallion.silver_orders manual__2026-08-12T22:32:34.194502+00:00 [queued]>
[2026-08-12T22:33:39.638+0000] {taskinstance.py:2603} INFO - Dependencies all met for dep_context=requeueable deps ti=<TaskInstance: pipeline_lakehouse_medallion.silver_orders manual__2026-08-12T22:32:34.194502+00:00 [queued]>
[2026-08-12T22:33:39.640+0000] {taskinstance.py:2856} INFO - Starting attempt 1 of 1
[2026-08-12T22:33:39.723+0000] {taskinstance.py:2879} INFO - Executing <Task(BashOperator): silver_orders> on 2026-08-12 22:32:34.194502+00:00
[2026-08-12T22:33:39.743+0000] {warnings.py:112} WARNING - /home/***/.local/lib/python3.12/site-packages/***/task/task_runner/standard_task_runner.py:70: DeprecationWarning: This process (pid=2400) is multi-threaded, use of fork() may lead to deadlocks in the child.
  pid = os.fork()

[2026-08-12T22:33:39.750+0000] {standard_task_runner.py:104} INFO - Running: ['***', 'tasks', 'run', 'pipeline_lakehouse_medallion', 'silver_orders', 'manual__2026-08-12T22:32:34.194502+00:00', '--job-id', '13', '--raw', '--subdir', 'DAGS_FOLDER/dag_lakehouse_pipeline.py', '--cfg-path', '/tmp/tmpurdepngx']
[2026-08-12T22:33:39.755+0000] {standard_task_runner.py:72} INFO - Started process 2448 to run task
[2026-08-12T22:33:39.756+0000] {standard_task_runner.py:105} INFO - Job 13: Subtask silver_orders
[2026-08-12T22:33:40.111+0000] {task_command.py:467} INFO - Running <TaskInstance: pipeline_lakehouse_medallion.silver_orders manual__2026-08-12T22:32:34.194502+00:00 [running]> on host 9a4e9c967140
[2026-08-12T22:33:40.727+0000] {taskinstance.py:3122} INFO - Exporting env vars: AIRFLOW_CTX_DAG_OWNER='engenharia_dados' AIRFLOW_CTX_DAG_ID='pipeline_lakehouse_medallion' AIRFLOW_CTX_TASK_ID='silver_orders' AIRFLOW_CTX_EXECUTION_DATE='2026-08-12T22:32:34.194502+00:00' AIRFLOW_CTX_TRY_NUMBER='1' AIRFLOW_CTX_DAG_RUN_ID='manual__2026-08-12T22:32:34.194502+00:00'
[2026-08-12T22:33:40.734+0000] {taskinstance.py:731} INFO - ::endgroup::
[2026-08-12T22:33:40.900+0000] {subprocess.py:63} INFO - Tmp dir root location: /tmp
[2026-08-12T22:33:40.913+0000] {subprocess.py:75} INFO - Running command: ['/usr/bin/bash', '-c', 'python3 /opt/***/dags/scripts/silver_orders.py']
[2026-08-12T22:33:40.967+0000] {subprocess.py:86} INFO - Output:
[2026-08-12T22:33:44.306+0000] {subprocess.py:93} INFO - /home/***/.local/lib/python3.12/site-packages/pyspark/bin/load-spark-env.sh: line 68: ps: command not found
[2026-08-12T22:33:51.584+0000] {subprocess.py:93} INFO - Setting default log level to "WARN".
[2026-08-12T22:33:51.588+0000] {subprocess.py:93} INFO - To adjust logging level use sc.setLogLevel(newLevel). For SparkR, use setLogLevel(newLevel).
[2026-08-12T22:33:52.297+0000] {subprocess.py:93} INFO - 26/08/12 22:33:52 WARN NativeCodeLoader: Unable to load native-hadoop library for your platform... using builtin-java classes where applicable
[2026-08-12T22:33:54.970+0000] {subprocess.py:93} INFO - 26/08/12 22:33:54 WARN Utils: Service 'SparkUI' could not bind on port 4040. Attempting port 4041.
[2026-08-12T22:34:22.624+0000] {subprocess.py:93} INFO - [Stage 0:>                                                          (0 + 0) / 1][Stage 0:>                                                          (0 + 1) / 1]                                                                                [Stage 1:>                                                          (0 + 2) / 2][Stage 1:=============================>                             (1 + 1) / 2]
[2026-08-12T22:34:22.637+0000] {subprocess.py:97} INFO - Command exited with return code 0
[2026-08-12T22:34:22.897+0000] {taskinstance.py:340} INFO - ::group::Post task execution logs
[2026-08-12T22:34:22.901+0000] {taskinstance.py:352} INFO - Marking task as SUCCESS. dag_id=pipeline_lakehouse_medallion, task_id=silver_orders, run_id=manual__2026-08-12T22:32:34.194502+00:00, execution_date=20260812T223234, start_date=20260812T223339, end_date=20260812T223422
[2026-08-12T22:34:23.103+0000] {local_task_job_runner.py:261} INFO - Task exited with return code 0
[2026-08-12T22:34:23.251+0000] {taskinstance.py:3891} INFO - 0 downstream tasks scheduled from follow-on schedule check
[2026-08-12T22:34:23.262+0000] {local_task_job_runner.py:240} INFO - ::endgroup::
