[2026-08-12T22:43:41.217+0000] {local_task_job_runner.py:123} INFO - ::group::Pre task execution logs
[2026-08-12T22:43:41.298+0000] {taskinstance.py:2603} INFO - Dependencies all met for dep_context=non-requeueable deps ti=<TaskInstance: pipeline_lakehouse_medallion.silver_customers manual_retry_1786574548 [queued]>
[2026-08-12T22:43:41.354+0000] {taskinstance.py:2603} INFO - Dependencies all met for dep_context=requeueable deps ti=<TaskInstance: pipeline_lakehouse_medallion.silver_customers manual_retry_1786574548 [queued]>
[2026-08-12T22:43:41.357+0000] {taskinstance.py:2856} INFO - Starting attempt 1 of 1
[2026-08-12T22:43:41.441+0000] {taskinstance.py:2879} INFO - Executing <Task(BashOperator): silver_customers> on 2026-08-12 22:42:35+00:00
[2026-08-12T22:43:41.463+0000] {warnings.py:112} WARNING - /home/***/.local/lib/python3.12/site-packages/***/task/task_runner/standard_task_runner.py:70: DeprecationWarning: This process (pid=4215) is multi-threaded, use of fork() may lead to deadlocks in the child.
  pid = os.fork()

[2026-08-12T22:43:41.472+0000] {standard_task_runner.py:72} INFO - Started process 4219 to run task
[2026-08-12T22:43:41.473+0000] {standard_task_runner.py:104} INFO - Running: ['***', 'tasks', 'run', 'pipeline_lakehouse_medallion', 'silver_customers', 'manual_retry_1786574548', '--job-id', '21', '--raw', '--subdir', 'DAGS_FOLDER/dag_lakehouse_pipeline.py', '--cfg-path', '/tmp/tmpw6teghw3']
[2026-08-12T22:43:41.479+0000] {standard_task_runner.py:105} INFO - Job 21: Subtask silver_customers
[2026-08-12T22:43:41.746+0000] {task_command.py:467} INFO - Running <TaskInstance: pipeline_lakehouse_medallion.silver_customers manual_retry_1786574548 [running]> on host 9a4e9c967140
[2026-08-12T22:43:42.132+0000] {taskinstance.py:3122} INFO - Exporting env vars: AIRFLOW_CTX_DAG_OWNER='engenharia_dados' AIRFLOW_CTX_DAG_ID='pipeline_lakehouse_medallion' AIRFLOW_CTX_TASK_ID='silver_customers' AIRFLOW_CTX_EXECUTION_DATE='2026-08-12T22:42:35+00:00' AIRFLOW_CTX_TRY_NUMBER='1' AIRFLOW_CTX_DAG_RUN_ID='manual_retry_1786574548'
[2026-08-12T22:43:42.137+0000] {taskinstance.py:731} INFO - ::endgroup::
[2026-08-12T22:43:42.208+0000] {subprocess.py:63} INFO - Tmp dir root location: /tmp
[2026-08-12T22:43:42.214+0000] {subprocess.py:75} INFO - Running command: ['/usr/bin/bash', '-c', 'python3 /opt/***/dags/scripts/silver_customers.py']
[2026-08-12T22:43:42.256+0000] {subprocess.py:86} INFO - Output:
[2026-08-12T22:43:45.738+0000] {subprocess.py:93} INFO - /home/***/.local/lib/python3.12/site-packages/pyspark/bin/load-spark-env.sh: line 68: ps: command not found
[2026-08-12T22:43:55.689+0000] {subprocess.py:93} INFO - Setting default log level to "WARN".
[2026-08-12T22:43:55.701+0000] {subprocess.py:93} INFO - To adjust logging level use sc.setLogLevel(newLevel). For SparkR, use setLogLevel(newLevel).
[2026-08-12T22:43:56.698+0000] {subprocess.py:93} INFO - 26/08/12 22:43:56 WARN NativeCodeLoader: Unable to load native-hadoop library for your platform... using builtin-java classes where applicable
[2026-08-12T22:44:32.375+0000] {subprocess.py:93} INFO - [Stage 0:>                                                          (0 + 0) / 1][Stage 0:>                                                          (0 + 1) / 1]                                                                                [Stage 1:>                                                          (0 + 1) / 1]
[2026-08-12T22:44:32.385+0000] {subprocess.py:97} INFO - Command exited with return code 0
[2026-08-12T22:44:32.704+0000] {taskinstance.py:340} INFO - ::group::Post task execution logs
[2026-08-12T22:44:32.709+0000] {taskinstance.py:352} INFO - Marking task as SUCCESS. dag_id=pipeline_lakehouse_medallion, task_id=silver_customers, run_id=manual_retry_1786574548, execution_date=20260812T224235, start_date=20260812T224341, end_date=20260812T224432
[2026-08-12T22:44:32.936+0000] {local_task_job_runner.py:261} INFO - Task exited with return code 0
[2026-08-12T22:44:33.088+0000] {taskinstance.py:3891} INFO - 0 downstream tasks scheduled from follow-on schedule check
[2026-08-12T22:44:33.103+0000] {local_task_job_runner.py:240} INFO - ::endgroup::
