[2026-08-12T22:48:56.881+0000] {local_task_job_runner.py:123} INFO - ::group::Pre task execution logs
[2026-08-12T22:48:56.957+0000] {taskinstance.py:2603} INFO - Dependencies all met for dep_context=non-requeueable deps ti=<TaskInstance: pipeline_lakehouse_medallion.gold_sales_summary manual__2026-08-12T22:32:34.194502+00:00 [queued]>
[2026-08-12T22:48:57.004+0000] {taskinstance.py:2603} INFO - Dependencies all met for dep_context=requeueable deps ti=<TaskInstance: pipeline_lakehouse_medallion.gold_sales_summary manual__2026-08-12T22:32:34.194502+00:00 [queued]>
[2026-08-12T22:48:57.007+0000] {taskinstance.py:2856} INFO - Starting attempt 2 of 2
[2026-08-12T22:48:57.092+0000] {taskinstance.py:2879} INFO - Executing <Task(BashOperator): gold_sales_summary> on 2026-08-12 22:32:34.194502+00:00
[2026-08-12T22:48:57.107+0000] {warnings.py:112} WARNING - /home/***/.local/lib/python3.12/site-packages/***/task/task_runner/standard_task_runner.py:70: DeprecationWarning: This process (pid=5470) is multi-threaded, use of fork() may lead to deadlocks in the child.
  pid = os.fork()

[2026-08-12T22:48:57.112+0000] {standard_task_runner.py:72} INFO - Started process 5480 to run task
[2026-08-12T22:48:57.116+0000] {standard_task_runner.py:104} INFO - Running: ['***', 'tasks', 'run', 'pipeline_lakehouse_medallion', 'gold_sales_summary', 'manual__2026-08-12T22:32:34.194502+00:00', '--job-id', '26', '--raw', '--subdir', 'DAGS_FOLDER/dag_lakehouse_pipeline.py', '--cfg-path', '/tmp/tmpxqp6yh91']
[2026-08-12T22:48:57.119+0000] {standard_task_runner.py:105} INFO - Job 26: Subtask gold_sales_summary
[2026-08-12T22:48:57.383+0000] {task_command.py:467} INFO - Running <TaskInstance: pipeline_lakehouse_medallion.gold_sales_summary manual__2026-08-12T22:32:34.194502+00:00 [running]> on host 9a4e9c967140
[2026-08-12T22:48:57.626+0000] {taskinstance.py:3122} INFO - Exporting env vars: AIRFLOW_CTX_DAG_OWNER='engenharia_dados' AIRFLOW_CTX_DAG_ID='pipeline_lakehouse_medallion' AIRFLOW_CTX_TASK_ID='gold_sales_summary' AIRFLOW_CTX_EXECUTION_DATE='2026-08-12T22:32:34.194502+00:00' AIRFLOW_CTX_TRY_NUMBER='2' AIRFLOW_CTX_DAG_RUN_ID='manual__2026-08-12T22:32:34.194502+00:00'
[2026-08-12T22:48:57.630+0000] {taskinstance.py:731} INFO - ::endgroup::
[2026-08-12T22:48:57.662+0000] {subprocess.py:63} INFO - Tmp dir root location: /tmp
[2026-08-12T22:48:57.666+0000] {subprocess.py:75} INFO - Running command: ['/usr/bin/bash', '-c', 'python3 /opt/***/dags/scripts/gold_sales_summary.py']
[2026-08-12T22:48:57.687+0000] {subprocess.py:86} INFO - Output:
[2026-08-12T22:49:00.423+0000] {subprocess.py:93} INFO - /home/***/.local/lib/python3.12/site-packages/pyspark/bin/load-spark-env.sh: line 68: ps: command not found
[2026-08-12T22:49:05.896+0000] {subprocess.py:93} INFO - Setting default log level to "WARN".
[2026-08-12T22:49:05.899+0000] {subprocess.py:93} INFO - To adjust logging level use sc.setLogLevel(newLevel). For SparkR, use setLogLevel(newLevel).
[2026-08-12T22:49:06.346+0000] {subprocess.py:93} INFO - 26/08/12 22:49:06 WARN NativeCodeLoader: Unable to load native-hadoop library for your platform... using builtin-java classes where applicable
[2026-08-12T22:49:11.838+0000] {subprocess.py:93} INFO - 26/08/12 22:49:11 WARN Utils: Service 'SparkUI' could not bind on port 4040. Attempting port 4041.
[2026-08-12T22:49:41.705+0000] {subprocess.py:93} INFO - [Stage 0:>                                                          (0 + 0) / 1][Stage 0:>                                                          (0 + 1) / 1][Stage 0:===========================================================(1 + 0) / 1]                                                                                [Stage 3:>                  (0 + 7) / 7][Stage 4:>                  (0 + 1) / 1]                                                                                [Stage 5:>                                                          (0 + 2) / 2][Stage 7:>                                                          (0 + 1) / 1][Stage 7:===========================================================(1 + 0) / 1][Stage 10:>                                                         (0 + 1) / 1]
[2026-08-12T22:49:41.707+0000] {subprocess.py:97} INFO - Command exited with return code 0
[2026-08-12T22:49:41.786+0000] {taskinstance.py:340} INFO - ::group::Post task execution logs
[2026-08-12T22:49:41.788+0000] {taskinstance.py:352} INFO - Marking task as SUCCESS. dag_id=pipeline_lakehouse_medallion, task_id=gold_sales_summary, run_id=manual__2026-08-12T22:32:34.194502+00:00, execution_date=20260812T223234, start_date=20260812T224856, end_date=20260812T224941
[2026-08-12T22:49:41.850+0000] {local_task_job_runner.py:261} INFO - Task exited with return code 0
[2026-08-12T22:49:41.876+0000] {taskinstance.py:3891} INFO - 0 downstream tasks scheduled from follow-on schedule check
[2026-08-12T22:49:41.897+0000] {local_task_job_runner.py:240} INFO - ::endgroup::
