[2026-08-12T22:34:28.504+0000] {local_task_job_runner.py:123} INFO - ::group::Pre task execution logs
[2026-08-12T22:34:28.534+0000] {taskinstance.py:2603} INFO - Dependencies all met for dep_context=non-requeueable deps ti=<TaskInstance: pipeline_lakehouse_medallion.gold_sales_summary manual__2026-08-12T22:32:34.194502+00:00 [queued]>
[2026-08-12T22:34:28.549+0000] {taskinstance.py:2603} INFO - Dependencies all met for dep_context=requeueable deps ti=<TaskInstance: pipeline_lakehouse_medallion.gold_sales_summary manual__2026-08-12T22:32:34.194502+00:00 [queued]>
[2026-08-12T22:34:28.550+0000] {taskinstance.py:2856} INFO - Starting attempt 1 of 1
[2026-08-12T22:34:28.569+0000] {taskinstance.py:2879} INFO - Executing <Task(BashOperator): gold_sales_summary> on 2026-08-12 22:32:34.194502+00:00
[2026-08-12T22:34:28.577+0000] {warnings.py:112} WARNING - /home/***/.local/lib/python3.12/site-packages/***/task/task_runner/standard_task_runner.py:70: DeprecationWarning: This process (pid=3171) is multi-threaded, use of fork() may lead to deadlocks in the child.
  pid = os.fork()

[2026-08-12T22:34:28.579+0000] {standard_task_runner.py:72} INFO - Started process 3172 to run task
[2026-08-12T22:34:28.580+0000] {standard_task_runner.py:104} INFO - Running: ['***', 'tasks', 'run', 'pipeline_lakehouse_medallion', 'gold_sales_summary', 'manual__2026-08-12T22:32:34.194502+00:00', '--job-id', '15', '--raw', '--subdir', 'DAGS_FOLDER/dag_lakehouse_pipeline.py', '--cfg-path', '/tmp/tmpocovaev0']
[2026-08-12T22:34:28.582+0000] {standard_task_runner.py:105} INFO - Job 15: Subtask gold_sales_summary
[2026-08-12T22:34:28.685+0000] {task_command.py:467} INFO - Running <TaskInstance: pipeline_lakehouse_medallion.gold_sales_summary manual__2026-08-12T22:32:34.194502+00:00 [running]> on host 9a4e9c967140
[2026-08-12T22:34:28.835+0000] {taskinstance.py:3122} INFO - Exporting env vars: AIRFLOW_CTX_DAG_OWNER='engenharia_dados' AIRFLOW_CTX_DAG_ID='pipeline_lakehouse_medallion' AIRFLOW_CTX_TASK_ID='gold_sales_summary' AIRFLOW_CTX_EXECUTION_DATE='2026-08-12T22:32:34.194502+00:00' AIRFLOW_CTX_TRY_NUMBER='1' AIRFLOW_CTX_DAG_RUN_ID='manual__2026-08-12T22:32:34.194502+00:00'
[2026-08-12T22:34:28.837+0000] {taskinstance.py:731} INFO - ::endgroup::
[2026-08-12T22:34:28.858+0000] {subprocess.py:63} INFO - Tmp dir root location: /tmp
[2026-08-12T22:34:28.860+0000] {subprocess.py:75} INFO - Running command: ['/usr/bin/bash', '-c', 'python3 /opt/***/dags/scripts/gold_sales_summary.py']
[2026-08-12T22:34:28.874+0000] {subprocess.py:86} INFO - Output:
[2026-08-12T22:34:29.973+0000] {subprocess.py:93} INFO - /home/***/.local/lib/python3.12/site-packages/pyspark/bin/load-spark-env.sh: line 68: ps: command not found
[2026-08-12T22:34:32.318+0000] {subprocess.py:93} INFO - Setting default log level to "WARN".
[2026-08-12T22:34:32.319+0000] {subprocess.py:93} INFO - To adjust logging level use sc.setLogLevel(newLevel). For SparkR, use setLogLevel(newLevel).
[2026-08-12T22:34:32.585+0000] {subprocess.py:93} INFO - 26/08/12 22:34:32 WARN NativeCodeLoader: Unable to load native-hadoop library for your platform... using builtin-java classes where applicable
[2026-08-12T22:34:40.868+0000] {subprocess.py:93} INFO - [Stage 0:>                                                          (0 + 1) / 1]                                                                                Traceback (most recent call last):
[2026-08-12T22:34:40.870+0000] {subprocess.py:93} INFO -   File "/opt/***/dags/scripts/gold_sales_summary.py", line 31, in <module>
[2026-08-12T22:34:40.878+0000] {subprocess.py:93} INFO -     main()
[2026-08-12T22:34:40.879+0000] {subprocess.py:93} INFO -   File "/opt/***/dags/scripts/gold_sales_summary.py", line 19, in main
[2026-08-12T22:34:40.885+0000] {subprocess.py:93} INFO -     .agg(
[2026-08-12T22:34:40.886+0000] {subprocess.py:93} INFO -      ^^^^
[2026-08-12T22:34:40.887+0000] {subprocess.py:93} INFO -   File "/home/***/.local/lib/python3.12/site-packages/pyspark/sql/group.py", line 186, in agg
[2026-08-12T22:34:40.889+0000] {subprocess.py:93} INFO -     jdf = self._jgd.agg(exprs[0]._jc, _to_seq(self.session._sc, [c._jc for c in exprs[1:]]))
[2026-08-12T22:34:40.890+0000] {subprocess.py:93} INFO -           ^^^^^^^^^^^^^^^^^^^^^^^^^^^^^^^^^^^^^^^^^^^^^^^^^^^^^^^^^^^^^^^^^^^^^^^^^^^^^^^^^^
[2026-08-12T22:34:40.892+0000] {subprocess.py:93} INFO -   File "/home/***/.local/lib/python3.12/site-packages/py4j/java_gateway.py", line 1322, in __call__
[2026-08-12T22:34:40.893+0000] {subprocess.py:93} INFO -     return_value = get_return_value(
[2026-08-12T22:34:40.894+0000] {subprocess.py:93} INFO -                    ^^^^^^^^^^^^^^^^^
[2026-08-12T22:34:40.896+0000] {subprocess.py:93} INFO -   File "/home/***/.local/lib/python3.12/site-packages/pyspark/errors/exceptions/captured.py", line 185, in deco
[2026-08-12T22:34:40.898+0000] {subprocess.py:93} INFO -     raise converted from None
[2026-08-12T22:34:40.899+0000] {subprocess.py:93} INFO - pyspark.errors.exceptions.captured.AnalysisException: [UNRESOLVED_COLUMN.WITH_SUGGESTION] A column or function parameter with name `price` cannot be resolved. Did you mean one of the following? [`id`, `id`, `id`, `city`, `date`].;
[2026-08-12T22:34:40.901+0000] {subprocess.py:93} INFO - 'Aggregate [city#0, state#6], [city#0, state#6, count(distinct id#20L) AS quantidade_pedidos#124L, round(sum('price), 2) AS valor_total_pedidos#126]
[2026-08-12T22:34:40.902+0000] {subprocess.py:93} INFO - +- Join Inner, (id#20L = order_id#27L)
[2026-08-12T22:34:40.903+0000] {subprocess.py:93} INFO -    :- Join Inner, (customer_id#18L = id#3L)
[2026-08-12T22:34:40.905+0000] {subprocess.py:93} INFO -    :  :- Relation [customer_id#18L,date#19,id#20L,status#21] parquet
[2026-08-12T22:34:40.906+0000] {subprocess.py:93} INFO -    :  +- Relation [city#0,email#1,fname#2,id#3L,lname#4,password#5,state#6,street#7,zipcode#8] parquet
[2026-08-12T22:34:40.907+0000] {subprocess.py:93} INFO -    +- Relation [id#26L,order_id#27L,product_id#28L,product_price#29,quantity#30L,subtotal#31] parquet
[2026-08-12T22:34:40.909+0000] {subprocess.py:93} INFO - 
[2026-08-12T22:34:41.523+0000] {subprocess.py:97} INFO - Command exited with return code 1
[2026-08-12T22:34:41.557+0000] {taskinstance.py:3301} ERROR - Task failed with exception
Traceback (most recent call last):
  File "/home/airflow/.local/lib/python3.12/site-packages/airflow/models/taskinstance.py", line 767, in _execute_task
    result = _execute_callable(context=context, **execute_callable_kwargs)
             ^^^^^^^^^^^^^^^^^^^^^^^^^^^^^^^^^^^^^^^^^^^^^^^^^^^^^^^^^^^^^
  File "/home/airflow/.local/lib/python3.12/site-packages/airflow/models/taskinstance.py", line 733, in _execute_callable
    return ExecutionCallableRunner(
           ^^^^^^^^^^^^^^^^^^^^^^^^
  File "/home/airflow/.local/lib/python3.12/site-packages/airflow/utils/operator_helpers.py", line 252, in run
    return self.func(*args, **kwargs)
           ^^^^^^^^^^^^^^^^^^^^^^^^^^
  File "/home/airflow/.local/lib/python3.12/site-packages/airflow/models/baseoperator.py", line 406, in wrapper
    return func(self, *args, **kwargs)
           ^^^^^^^^^^^^^^^^^^^^^^^^^^^
  File "/home/airflow/.local/lib/python3.12/site-packages/airflow/operators/bash.py", line 249, in execute
    raise AirflowException(
airflow.exceptions.AirflowException: Bash command failed. The command returned a non-zero exit code 1.
[2026-08-12T22:34:41.567+0000] {taskinstance.py:1225} INFO - Marking task as FAILED. dag_id=pipeline_lakehouse_medallion, task_id=gold_sales_summary, run_id=manual__2026-08-12T22:32:34.194502+00:00, execution_date=20260812T223234, start_date=20260812T223428, end_date=20260812T223441
[2026-08-12T22:34:41.597+0000] {taskinstance.py:340} INFO - ::group::Post task execution logs
[2026-08-12T22:34:41.599+0000] {standard_task_runner.py:124} ERROR - Failed to execute job 15 for task gold_sales_summary (Bash command failed. The command returned a non-zero exit code 1.; 3172)
Traceback (most recent call last):
  File "/home/airflow/.local/lib/python3.12/site-packages/airflow/task/task_runner/standard_task_runner.py", line 117, in _start_by_fork
    ret = args.func(args, dag=self.dag)
          ^^^^^^^^^^^^^^^^^^^^^^^^^^^^^
  File "/home/airflow/.local/lib/python3.12/site-packages/airflow/cli/cli_config.py", line 49, in command
    return func(*args, **kwargs)
           ^^^^^^^^^^^^^^^^^^^^^
  File "/home/airflow/.local/lib/python3.12/site-packages/airflow/utils/cli.py", line 115, in wrapper
    return f(*args, **kwargs)
           ^^^^^^^^^^^^^^^^^^
  File "/home/airflow/.local/lib/python3.12/site-packages/airflow/cli/commands/task_command.py", line 483, in task_run
    task_return_code = _run_task_by_selected_method(args, _dag, ti)
                       ^^^^^^^^^^^^^^^^^^^^^^^^^^^^^^^^^^^^^^^^^^^^
  File "/home/airflow/.local/lib/python3.12/site-packages/airflow/cli/commands/task_command.py", line 256, in _run_task_by_selected_method
    return _run_raw_task(args, ti)
           ^^^^^^^^^^^^^^^^^^^^^^^
  File "/home/airflow/.local/lib/python3.12/site-packages/airflow/cli/commands/task_command.py", line 341, in _run_raw_task
    return ti._run_raw_task(
           ^^^^^^^^^^^^^^^^^
  File "/home/airflow/.local/lib/python3.12/site-packages/airflow/utils/session.py", line 97, in wrapper
    return func(*args, session=session, **kwargs)
           ^^^^^^^^^^^^^^^^^^^^^^^^^^^^^^^^^^^^^^
  File "/home/airflow/.local/lib/python3.12/site-packages/airflow/models/taskinstance.py", line 2995, in _run_raw_task
    return _run_raw_task(
           ^^^^^^^^^^^^^^
  File "/home/airflow/.local/lib/python3.12/site-packages/airflow/models/taskinstance.py", line 273, in _run_raw_task
    TaskInstance._execute_task_with_callbacks(
  File "/home/airflow/.local/lib/python3.12/site-packages/airflow/models/taskinstance.py", line 3149, in _execute_task_with_callbacks
    result = self._execute_task(context, task_orig)
             ^^^^^^^^^^^^^^^^^^^^^^^^^^^^^^^^^^^^^^
  File "/home/airflow/.local/lib/python3.12/site-packages/airflow/models/taskinstance.py", line 3173, in _execute_task
    return _execute_task(self, context, task_orig)
           ^^^^^^^^^^^^^^^^^^^^^^^^^^^^^^^^^^^^^^^
  File "/home/airflow/.local/lib/python3.12/site-packages/airflow/models/taskinstance.py", line 767, in _execute_task
    result = _execute_callable(context=context, **execute_callable_kwargs)
             ^^^^^^^^^^^^^^^^^^^^^^^^^^^^^^^^^^^^^^^^^^^^^^^^^^^^^^^^^^^^^
  File "/home/airflow/.local/lib/python3.12/site-packages/airflow/models/taskinstance.py", line 733, in _execute_callable
    return ExecutionCallableRunner(
           ^^^^^^^^^^^^^^^^^^^^^^^^
  File "/home/airflow/.local/lib/python3.12/site-packages/airflow/utils/operator_helpers.py", line 252, in run
    return self.func(*args, **kwargs)
           ^^^^^^^^^^^^^^^^^^^^^^^^^^
  File "/home/airflow/.local/lib/python3.12/site-packages/airflow/models/baseoperator.py", line 406, in wrapper
    return func(self, *args, **kwargs)
           ^^^^^^^^^^^^^^^^^^^^^^^^^^^
  File "/home/airflow/.local/lib/python3.12/site-packages/airflow/operators/bash.py", line 249, in execute
    raise AirflowException(
airflow.exceptions.AirflowException: Bash command failed. The command returned a non-zero exit code 1.
[2026-08-12T22:34:41.641+0000] {local_task_job_runner.py:261} INFO - Task exited with return code 1
[2026-08-12T22:34:41.675+0000] {taskinstance.py:3891} INFO - 0 downstream tasks scheduled from follow-on schedule check
[2026-08-12T22:34:41.680+0000] {local_task_job_runner.py:240} INFO - ::endgroup::
[2026-08-12T22:37:54.611+0000] {local_task_job_runner.py:123} INFO - ::group::Pre task execution logs
[2026-08-12T22:37:54.642+0000] {taskinstance.py:2593} INFO - Dependencies not met for <TaskInstance: pipeline_lakehouse_medallion.gold_sales_summary manual__2026-08-12T22:32:34.194502+00:00 [failed]>, dependency 'Task Instance State' FAILED: Task is in the 'failed' state.
[2026-08-12T22:37:54.676+0000] {local_task_job_runner.py:166} INFO - Task is not able to be run
[2026-08-12T22:40:01.887+0000] {local_task_job_runner.py:123} INFO - ::group::Pre task execution logs
[2026-08-12T22:40:01.938+0000] {taskinstance.py:2593} INFO - Dependencies not met for <TaskInstance: pipeline_lakehouse_medallion.gold_sales_summary manual__2026-08-12T22:32:34.194502+00:00 [failed]>, dependency 'Task Instance State' FAILED: Task is in the 'failed' state.
[2026-08-12T22:40:01.944+0000] {local_task_job_runner.py:166} INFO - Task is not able to be run
