[2026-08-12T20:19:16.800+0000] {local_task_job_runner.py:123} INFO - ::group::Pre task execution logs
[2026-08-12T20:19:17.054+0000] {taskinstance.py:2603} INFO - Dependencies all met for dep_context=non-requeueable deps ti=<TaskInstance: pipeline_lakehouse_medallion.bronze_order_items manual__2026-08-12T20:19:11.024472+00:00 [queued]>
[2026-08-12T20:19:17.117+0000] {taskinstance.py:2603} INFO - Dependencies all met for dep_context=requeueable deps ti=<TaskInstance: pipeline_lakehouse_medallion.bronze_order_items manual__2026-08-12T20:19:11.024472+00:00 [queued]>
[2026-08-12T20:19:17.120+0000] {taskinstance.py:2856} INFO - Starting attempt 1 of 1
[2026-08-12T20:19:17.237+0000] {taskinstance.py:2879} INFO - Executing <Task(BashOperator): bronze_order_items> on 2026-08-12 20:19:11.024472+00:00
[2026-08-12T20:19:17.275+0000] {warnings.py:112} WARNING - /home/***/.local/lib/python3.12/site-packages/***/task/task_runner/standard_task_runner.py:70: DeprecationWarning: This process (pid=2397) is multi-threaded, use of fork() may lead to deadlocks in the child.
  pid = os.fork()

[2026-08-12T20:19:17.286+0000] {standard_task_runner.py:72} INFO - Started process 2402 to run task
[2026-08-12T20:19:17.290+0000] {standard_task_runner.py:104} INFO - Running: ['***', 'tasks', 'run', 'pipeline_lakehouse_medallion', 'bronze_order_items', 'manual__2026-08-12T20:19:11.024472+00:00', '--job-id', '9', '--raw', '--subdir', 'DAGS_FOLDER/dag_lakehouse_pipeline.py', '--cfg-path', '/tmp/tmpvthhq71p']
[2026-08-12T20:19:17.301+0000] {standard_task_runner.py:105} INFO - Job 9: Subtask bronze_order_items
[2026-08-12T20:19:17.700+0000] {task_command.py:467} INFO - Running <TaskInstance: pipeline_lakehouse_medallion.bronze_order_items manual__2026-08-12T20:19:11.024472+00:00 [running]> on host 4099a95615c9
[2026-08-12T20:19:18.441+0000] {taskinstance.py:3122} INFO - Exporting env vars: AIRFLOW_CTX_DAG_OWNER='engenharia_dados' AIRFLOW_CTX_DAG_ID='pipeline_lakehouse_medallion' AIRFLOW_CTX_TASK_ID='bronze_order_items' AIRFLOW_CTX_EXECUTION_DATE='2026-08-12T20:19:11.024472+00:00' AIRFLOW_CTX_TRY_NUMBER='1' AIRFLOW_CTX_DAG_RUN_ID='manual__2026-08-12T20:19:11.024472+00:00'
[2026-08-12T20:19:18.449+0000] {taskinstance.py:731} INFO - ::endgroup::
[2026-08-12T20:19:18.594+0000] {subprocess.py:63} INFO - Tmp dir root location: /tmp
[2026-08-12T20:19:18.603+0000] {subprocess.py:75} INFO - Running command: ['/usr/bin/bash', '-c', 'python3 /opt/***/dags/scripts/bronze_order_items.py']
[2026-08-12T20:19:18.665+0000] {subprocess.py:86} INFO - Output:
[2026-08-12T20:19:23.135+0000] {subprocess.py:93} INFO - /home/***/.local/lib/python3.12/site-packages/pyspark/bin/load-spark-env.sh: line 68: ps: command not found
[2026-08-12T20:19:33.185+0000] {local_task_job_runner.py:341} WARNING - State of this instance has been externally set to restarting. Terminating instance.
[2026-08-12T20:19:33.194+0000] {local_task_job_runner.py:240} INFO - ::endgroup::
[2026-08-12T20:19:33.214+0000] {process_utils.py:132} INFO - Sending 15 to group 2402. PIDs of all processes in the group: [2413, 2473, 2402]
[2026-08-12T20:19:33.221+0000] {process_utils.py:87} INFO - Sending the signal 15 to group 2402
[2026-08-12T20:19:33.225+0000] {taskinstance.py:3083} ERROR - Received SIGTERM. Terminating subprocesses.
[2026-08-12T20:19:33.228+0000] {subprocess.py:104} INFO - Sending SIGTERM signal to process group
[2026-08-12T20:19:33.302+0000] {taskinstance.py:3301} ERROR - Task failed with exception
Traceback (most recent call last):
  File "/home/airflow/.local/lib/python3.12/site-packages/airflow/models/taskinstance.py", line 767, in _execute_task
    result = _execute_callable(context=context, **execute_callable_kwargs)
             ^^^^^^^^^^^^^^^^^^^^^^^^^^^^^^^^^^^^^^^^^^^^^^^^^^^^^^^^^^^^^
  File "/home/airflow/.local/lib/python3.12/site-packages/airflow/models/taskinstance.py", line 733, in _execute_callable
    return ExecutionCallableRunner(
           ^^^^^^^^^^^^^^^^^^^^^^^^
  File "/home/airflow/.local/lib/python3.12/site-packages/airflow/utils/operator_helpers.py", line 252, in run
    return self.func(*args, **kwargs)
           ^^^^^^^^^^^^^^^^^^^^^^^^^^
  File "/home/airflow/.local/lib/python3.12/site-packages/airflow/models/baseoperator.py", line 406, in wrapper
    return func(self, *args, **kwargs)
           ^^^^^^^^^^^^^^^^^^^^^^^^^^^
  File "/home/airflow/.local/lib/python3.12/site-packages/airflow/operators/bash.py", line 240, in execute
    result = self.subprocess_hook.run_command(
             ^^^^^^^^^^^^^^^^^^^^^^^^^^^^^^^^^
  File "/home/airflow/.local/lib/python3.12/site-packages/airflow/hooks/subprocess.py", line 91, in run_command
    for raw_line in iter(self.sub_process.stdout.readline, b""):
                    ^^^^^^^^^^^^^^^^^^^^^^^^^^^^^^^^^^^^^^^^^^^
  File "/home/airflow/.local/lib/python3.12/site-packages/airflow/models/taskinstance.py", line 3085, in signal_handler
    raise AirflowTaskTerminated("Task received SIGTERM signal")
airflow.exceptions.AirflowTaskTerminated: Task received SIGTERM signal
[2026-08-12T20:19:33.342+0000] {taskinstance.py:1225} INFO - Marking task as UP_FOR_RETRY. dag_id=pipeline_lakehouse_medallion, task_id=bronze_order_items, run_id=manual__2026-08-12T20:19:11.024472+00:00, execution_date=20260812T201911, start_date=20260812T201917, end_date=20260812T201933
[2026-08-12T20:19:33.409+0000] {taskinstance.py:340} INFO - ::group::Post task execution logs
[2026-08-12T20:19:33.441+0000] {process_utils.py:80} INFO - Process psutil.Process(pid=2402, status='terminated', exitcode=2, started='20:19:16') (2402) terminated with exit code 2
[2026-08-12T20:19:33.448+0000] {process_utils.py:80} INFO - Process psutil.Process(pid=2473, status='terminated', started='20:19:22') (2473) terminated with exit code None
[2026-08-12T20:19:33.451+0000] {process_utils.py:80} INFO - Process psutil.Process(pid=2413, status='terminated', started='20:19:18') (2413) terminated with exit code None
