[2026-08-12T22:30:48.494+0000] {local_task_job_runner.py:123} INFO - ::group::Pre task execution logs
[2026-08-12T22:30:48.546+0000] {taskinstance.py:2603} INFO - Dependencies all met for dep_context=non-requeueable deps ti=<TaskInstance: pipeline_lakehouse_medallion.silver_orders manual__restore_1786573763 [queued]>
[2026-08-12T22:30:48.587+0000] {taskinstance.py:2603} INFO - Dependencies all met for dep_context=requeueable deps ti=<TaskInstance: pipeline_lakehouse_medallion.silver_orders manual__restore_1786573763 [queued]>
[2026-08-12T22:30:48.590+0000] {taskinstance.py:2856} INFO - Starting attempt 1 of 1
[2026-08-12T22:30:48.646+0000] {taskinstance.py:2879} INFO - Executing <Task(BashOperator): silver_orders> on 2026-08-12 22:29:28+00:00
[2026-08-12T22:30:48.669+0000] {warnings.py:112} WARNING - /home/***/.local/lib/python3.12/site-packages/***/task/task_runner/standard_task_runner.py:70: DeprecationWarning: This process (pid=719) is multi-threaded, use of fork() may lead to deadlocks in the child.
  pid = os.fork()

[2026-08-12T22:30:48.675+0000] {standard_task_runner.py:72} INFO - Started process 764 to run task
[2026-08-12T22:30:48.676+0000] {standard_task_runner.py:104} INFO - Running: ['***', 'tasks', 'run', 'pipeline_lakehouse_medallion', 'silver_orders', 'manual__restore_1786573763', '--job-id', '5', '--raw', '--subdir', 'DAGS_FOLDER/dag_lakehouse_pipeline.py', '--cfg-path', '/tmp/tmpwgsmbv42']
[2026-08-12T22:30:48.683+0000] {standard_task_runner.py:105} INFO - Job 5: Subtask silver_orders
[2026-08-12T22:30:48.881+0000] {task_command.py:467} INFO - Running <TaskInstance: pipeline_lakehouse_medallion.silver_orders manual__restore_1786573763 [running]> on host 9a4e9c967140
[2026-08-12T22:30:49.159+0000] {taskinstance.py:3122} INFO - Exporting env vars: AIRFLOW_CTX_DAG_OWNER='engenharia_dados' AIRFLOW_CTX_DAG_ID='pipeline_lakehouse_medallion' AIRFLOW_CTX_TASK_ID='silver_orders' AIRFLOW_CTX_EXECUTION_DATE='2026-08-12T22:29:28+00:00' AIRFLOW_CTX_TRY_NUMBER='1' AIRFLOW_CTX_DAG_RUN_ID='manual__restore_1786573763'
[2026-08-12T22:30:49.162+0000] {taskinstance.py:731} INFO - ::endgroup::
[2026-08-12T22:30:49.207+0000] {subprocess.py:63} INFO - Tmp dir root location: /tmp
[2026-08-12T22:30:49.209+0000] {subprocess.py:75} INFO - Running command: ['/usr/bin/bash', '-c', 'python3 /opt/***/dags/scripts/silver_orders.py']
[2026-08-12T22:30:49.229+0000] {subprocess.py:86} INFO - Output:
[2026-08-12T22:30:51.436+0000] {subprocess.py:93} INFO - /home/***/.local/lib/python3.12/site-packages/pyspark/bin/load-spark-env.sh: line 68: ps: command not found
[2026-08-12T22:30:59.457+0000] {subprocess.py:93} INFO - Setting default log level to "WARN".
[2026-08-12T22:30:59.460+0000] {subprocess.py:93} INFO - To adjust logging level use sc.setLogLevel(newLevel). For SparkR, use setLogLevel(newLevel).
[2026-08-12T22:31:00.687+0000] {subprocess.py:93} INFO - 26/08/12 22:31:00 WARN NativeCodeLoader: Unable to load native-hadoop library for your platform... using builtin-java classes where applicable
[2026-08-12T22:31:04.563+0000] {subprocess.py:93} INFO - 26/08/12 22:31:04 WARN Utils: Service 'SparkUI' could not bind on port 4040. Attempting port 4041.
[2026-08-12T22:31:37.317+0000] {subprocess.py:93} INFO - [Stage 0:>                                                          (0 + 0) / 1][Stage 0:>                                                          (0 + 1) / 1][Stage 0:===========================================================(1 + 0) / 1]                                                                                [Stage 1:>                                                          (0 + 2) / 2][Stage 1:=============================>                             (1 + 1) / 2]
[2026-08-12T22:31:37.327+0000] {subprocess.py:97} INFO - Command exited with return code 0
[2026-08-12T22:31:37.590+0000] {taskinstance.py:340} INFO - ::group::Post task execution logs
[2026-08-12T22:31:37.596+0000] {taskinstance.py:352} INFO - Marking task as SUCCESS. dag_id=pipeline_lakehouse_medallion, task_id=silver_orders, run_id=manual__restore_1786573763, execution_date=20260812T222928, start_date=20260812T223048, end_date=20260812T223137
[2026-08-12T22:31:37.752+0000] {local_task_job_runner.py:261} INFO - Task exited with return code 0
[2026-08-12T22:31:37.969+0000] {taskinstance.py:3891} INFO - 0 downstream tasks scheduled from follow-on schedule check
[2026-08-12T22:31:37.995+0000] {local_task_job_runner.py:240} INFO - ::endgroup::
