[2026-08-12T21:50:10.350+0000] {local_task_job_runner.py:123} INFO - ::group::Pre task execution logs
[2026-08-12T21:50:10.567+0000] {taskinstance.py:2603} INFO - Dependencies all met for dep_context=non-requeueable deps ti=<TaskInstance: pipeline_lakehouse_medallion.bronze_orders manual__2026-08-12T20:28:17.765935+00:00 [queued]>
[2026-08-12T21:50:10.779+0000] {taskinstance.py:2603} INFO - Dependencies all met for dep_context=requeueable deps ti=<TaskInstance: pipeline_lakehouse_medallion.bronze_orders manual__2026-08-12T20:28:17.765935+00:00 [queued]>
[2026-08-12T21:50:10.795+0000] {taskinstance.py:2856} INFO - Starting attempt 3 of 3
[2026-08-12T21:50:11.244+0000] {taskinstance.py:2879} INFO - Executing <Task(BashOperator): bronze_orders> on 2026-08-12 20:28:17.765935+00:00
[2026-08-12T21:50:11.321+0000] {warnings.py:112} WARNING - /home/***/.local/lib/python3.12/site-packages/***/task/task_runner/standard_task_runner.py:70: DeprecationWarning: This process (pid=77) is multi-threaded, use of fork() may lead to deadlocks in the child.
  pid = os.fork()

[2026-08-12T21:50:11.363+0000] {standard_task_runner.py:72} INFO - Started process 97 to run task
[2026-08-12T21:50:11.364+0000] {standard_task_runner.py:104} INFO - Running: ['***', 'tasks', 'run', 'pipeline_lakehouse_medallion', 'bronze_orders', 'manual__2026-08-12T20:28:17.765935+00:00', '--job-id', '61', '--raw', '--subdir', 'DAGS_FOLDER/dag_lakehouse_pipeline.py', '--cfg-path', '/tmp/tmpghw5epc9']
[2026-08-12T21:50:11.382+0000] {standard_task_runner.py:105} INFO - Job 61: Subtask bronze_orders
[2026-08-12T21:50:12.599+0000] {task_command.py:467} INFO - Running <TaskInstance: pipeline_lakehouse_medallion.bronze_orders manual__2026-08-12T20:28:17.765935+00:00 [running]> on host 0f1005efa1ab
[2026-08-12T21:50:14.248+0000] {taskinstance.py:3122} INFO - Exporting env vars: AIRFLOW_CTX_DAG_OWNER='engenharia_dados' AIRFLOW_CTX_DAG_ID='pipeline_lakehouse_medallion' AIRFLOW_CTX_TASK_ID='bronze_orders' AIRFLOW_CTX_EXECUTION_DATE='2026-08-12T20:28:17.765935+00:00' AIRFLOW_CTX_TRY_NUMBER='3' AIRFLOW_CTX_DAG_RUN_ID='manual__2026-08-12T20:28:17.765935+00:00'
[2026-08-12T21:50:14.461+0000] {taskinstance.py:731} INFO - ::endgroup::
[2026-08-12T21:50:15.405+0000] {subprocess.py:63} INFO - Tmp dir root location: /tmp
[2026-08-12T21:50:15.441+0000] {subprocess.py:75} INFO - Running command: ['/usr/bin/bash', '-c', 'python3 /opt/***/dags/scripts/bronze_orders.py']
[2026-08-12T21:50:15.661+0000] {subprocess.py:86} INFO - Output:
[2026-08-12T21:50:25.827+0000] {subprocess.py:93} INFO - /home/***/.local/lib/python3.12/site-packages/pyspark/bin/load-spark-env.sh: line 68: ps: command not found
[2026-08-12T21:51:22.978+0000] {subprocess.py:93} INFO - Setting default log level to "WARN".
[2026-08-12T21:51:23.031+0000] {subprocess.py:93} INFO - To adjust logging level use sc.setLogLevel(newLevel). For SparkR, use setLogLevel(newLevel).
[2026-08-12T21:51:29.667+0000] {subprocess.py:93} INFO - 26/08/12 21:51:29 WARN NativeCodeLoader: Unable to load native-hadoop library for your platform... using builtin-java classes where applicable
[2026-08-12T21:51:54.627+0000] {subprocess.py:93} INFO - 26/08/12 21:51:54 WARN Utils: Service 'SparkUI' could not bind on port 4040. Attempting port 4041.
[2026-08-12T21:51:54.649+0000] {subprocess.py:93} INFO - 26/08/12 21:51:54 WARN Utils: Service 'SparkUI' could not bind on port 4041. Attempting port 4042.
[2026-08-12T21:51:54.669+0000] {subprocess.py:93} INFO - 26/08/12 21:51:54 WARN Utils: Service 'SparkUI' could not bind on port 4042. Attempting port 4043.
[2026-08-12T21:51:54.692+0000] {subprocess.py:93} INFO - 26/08/12 21:51:54 WARN Utils: Service 'SparkUI' could not bind on port 4043. Attempting port 4044.
[2026-08-12T21:51:54.709+0000] {subprocess.py:93} INFO - 26/08/12 21:51:54 WARN Utils: Service 'SparkUI' could not bind on port 4044. Attempting port 4045.
[2026-08-12T21:51:54.727+0000] {subprocess.py:93} INFO - 26/08/12 21:51:54 WARN Utils: Service 'SparkUI' could not bind on port 4045. Attempting port 4046.
[2026-08-12T21:51:54.729+0000] {subprocess.py:93} INFO - 26/08/12 21:51:54 WARN Utils: Service 'SparkUI' could not bind on port 4046. Attempting port 4047.
[2026-08-12T21:51:54.741+0000] {subprocess.py:93} INFO - 26/08/12 21:51:54 WARN Utils: Service 'SparkUI' could not bind on port 4047. Attempting port 4048.
[2026-08-12T21:54:38.967+0000] {job.py:229} INFO - Heartbeat recovered after 11.28 seconds
[2026-08-12T21:56:01.237+0000] {subprocess.py:93} INFO - [Stage 0:>                                                          (0 + 0) / 2][Stage 0:>                                                          (0 + 1) / 2][Stage 0:>                                                          (0 + 2) / 2][Stage 0:=============================>                             (1 + 1) / 2][Stage 0:===========================================================(2 + 0) / 2]                                                                                [Stage 1:>                                                          (0 + 0) / 2][Stage 1:>                                                          (0 + 2) / 2][Stage 1:=============================>                             (1 + 1) / 2]
[2026-08-12T21:56:01.549+0000] {subprocess.py:97} INFO - Command exited with return code 0
[2026-08-12T21:56:04.070+0000] {taskinstance.py:340} INFO - ::group::Post task execution logs
[2026-08-12T21:56:04.170+0000] {taskinstance.py:352} INFO - Marking task as SUCCESS. dag_id=pipeline_lakehouse_medallion, task_id=bronze_orders, run_id=manual__2026-08-12T20:28:17.765935+00:00, execution_date=20260812T202817, start_date=20260812T215010, end_date=20260812T215604
[2026-08-12T21:56:05.155+0000] {local_task_job_runner.py:261} INFO - Task exited with return code 0
[2026-08-12T21:56:06.317+0000] {taskinstance.py:3891} INFO - 1 downstream tasks scheduled from follow-on schedule check
[2026-08-12T21:56:06.348+0000] {local_task_job_runner.py:240} INFO - ::endgroup::
