[2026-08-12T21:50:09.988+0000] {local_task_job_runner.py:123} INFO - ::group::Pre task execution logs
[2026-08-12T21:50:10.311+0000] {taskinstance.py:2603} INFO - Dependencies all met for dep_context=non-requeueable deps ti=<TaskInstance: pipeline_lakehouse_medallion.bronze_customers manual__2026-08-12T21:49:53.060930+00:00 [queued]>
[2026-08-12T21:50:10.506+0000] {taskinstance.py:2603} INFO - Dependencies all met for dep_context=requeueable deps ti=<TaskInstance: pipeline_lakehouse_medallion.bronze_customers manual__2026-08-12T21:49:53.060930+00:00 [queued]>
[2026-08-12T21:50:10.509+0000] {taskinstance.py:2856} INFO - Starting attempt 1 of 1
[2026-08-12T21:50:10.783+0000] {taskinstance.py:2879} INFO - Executing <Task(BashOperator): bronze_customers> on 2026-08-12 21:49:53.060930+00:00
[2026-08-12T21:50:10.960+0000] {standard_task_runner.py:104} INFO - Running: ['***', 'tasks', 'run', 'pipeline_lakehouse_medallion', 'bronze_customers', 'manual__2026-08-12T21:49:53.060930+00:00', '--job-id', '57', '--raw', '--subdir', 'DAGS_FOLDER/dag_lakehouse_pipeline.py', '--cfg-path', '/tmp/tmp4h69yz6x']
[2026-08-12T21:50:10.926+0000] {warnings.py:112} WARNING - /home/***/.local/lib/python3.12/site-packages/***/task/task_runner/standard_task_runner.py:70: DeprecationWarning: This process (pid=78) is multi-threaded, use of fork() may lead to deadlocks in the child.
  pid = os.fork()

[2026-08-12T21:50:10.997+0000] {standard_task_runner.py:105} INFO - Job 57: Subtask bronze_customers
[2026-08-12T21:50:10.999+0000] {standard_task_runner.py:72} INFO - Started process 90 to run task
[2026-08-12T21:50:12.337+0000] {task_command.py:467} INFO - Running <TaskInstance: pipeline_lakehouse_medallion.bronze_customers manual__2026-08-12T21:49:53.060930+00:00 [running]> on host 0f1005efa1ab
[2026-08-12T21:50:14.023+0000] {taskinstance.py:3122} INFO - Exporting env vars: AIRFLOW_CTX_DAG_OWNER='engenharia_dados' AIRFLOW_CTX_DAG_ID='pipeline_lakehouse_medallion' AIRFLOW_CTX_TASK_ID='bronze_customers' AIRFLOW_CTX_EXECUTION_DATE='2026-08-12T21:49:53.060930+00:00' AIRFLOW_CTX_TRY_NUMBER='1' AIRFLOW_CTX_DAG_RUN_ID='manual__2026-08-12T21:49:53.060930+00:00'
[2026-08-12T21:50:14.067+0000] {taskinstance.py:731} INFO - ::endgroup::
[2026-08-12T21:50:15.384+0000] {subprocess.py:63} INFO - Tmp dir root location: /tmp
[2026-08-12T21:50:15.410+0000] {subprocess.py:75} INFO - Running command: ['/usr/bin/bash', '-c', 'python3 /opt/***/dags/scripts/bronze_customers.py']
[2026-08-12T21:50:15.547+0000] {subprocess.py:86} INFO - Output:
[2026-08-12T21:50:25.880+0000] {subprocess.py:93} INFO - /home/***/.local/lib/python3.12/site-packages/pyspark/bin/load-spark-env.sh: line 68: ps: command not found
[2026-08-12T21:51:27.522+0000] {subprocess.py:93} INFO - Setting default log level to "WARN".
[2026-08-12T21:51:27.527+0000] {subprocess.py:93} INFO - To adjust logging level use sc.setLogLevel(newLevel). For SparkR, use setLogLevel(newLevel).
[2026-08-12T21:51:34.054+0000] {subprocess.py:93} INFO - 26/08/12 21:51:34 WARN NativeCodeLoader: Unable to load native-hadoop library for your platform... using builtin-java classes where applicable
[2026-08-12T21:51:56.101+0000] {subprocess.py:93} INFO - 26/08/12 21:51:56 WARN Utils: Service 'SparkUI' could not bind on port 4040. Attempting port 4041.
[2026-08-12T21:51:56.117+0000] {subprocess.py:93} INFO - 26/08/12 21:51:56 WARN Utils: Service 'SparkUI' could not bind on port 4041. Attempting port 4042.
[2026-08-12T21:51:56.147+0000] {subprocess.py:93} INFO - 26/08/12 21:51:56 WARN Utils: Service 'SparkUI' could not bind on port 4042. Attempting port 4043.
[2026-08-12T21:51:56.162+0000] {subprocess.py:93} INFO - 26/08/12 21:51:56 WARN Utils: Service 'SparkUI' could not bind on port 4043. Attempting port 4044.
[2026-08-12T21:51:56.177+0000] {subprocess.py:93} INFO - 26/08/12 21:51:56 WARN Utils: Service 'SparkUI' could not bind on port 4044. Attempting port 4045.
[2026-08-12T21:51:56.223+0000] {subprocess.py:93} INFO - 26/08/12 21:51:56 WARN Utils: Service 'SparkUI' could not bind on port 4045. Attempting port 4046.
[2026-08-12T21:51:56.245+0000] {subprocess.py:93} INFO - 26/08/12 21:51:56 WARN Utils: Service 'SparkUI' could not bind on port 4046. Attempting port 4047.
[2026-08-12T21:51:56.261+0000] {subprocess.py:93} INFO - 26/08/12 21:51:56 WARN Utils: Service 'SparkUI' could not bind on port 4047. Attempting port 4048.
[2026-08-12T21:51:56.274+0000] {subprocess.py:93} INFO - 26/08/12 21:51:56 WARN Utils: Service 'SparkUI' could not bind on port 4048. Attempting port 4049.
[2026-08-12T21:51:56.323+0000] {subprocess.py:93} INFO - 26/08/12 21:51:56 WARN Utils: Service 'SparkUI' could not bind on port 4049. Attempting port 4050.
[2026-08-12T21:54:39.507+0000] {job.py:229} INFO - Heartbeat recovered after 13.11 seconds
[2026-08-12T21:55:53.914+0000] {subprocess.py:93} INFO - [Stage 0:>                                                          (0 + 0) / 1][Stage 0:>                                                          (0 + 1) / 1][Stage 0:===========================================================(1 + 0) / 1]                                                                                [Stage 1:>                                                          (0 + 0) / 1][Stage 1:>                                                          (0 + 1) / 1]26/08/12 21:55:53 WARN BasicWriteTaskStatsTracker: Expected 1 files, but only saw 0. This could be due to the output format not writing empty files, or files being not immediately visible in the filesystem.
[2026-08-12T21:56:02.840+0000] {subprocess.py:93} INFO - 
[2026-08-12T21:56:02.870+0000] {subprocess.py:97} INFO - Command exited with return code 0
[2026-08-12T21:56:05.084+0000] {taskinstance.py:340} INFO - ::group::Post task execution logs
[2026-08-12T21:56:05.110+0000] {taskinstance.py:352} INFO - Marking task as SUCCESS. dag_id=pipeline_lakehouse_medallion, task_id=bronze_customers, run_id=manual__2026-08-12T21:49:53.060930+00:00, execution_date=20260812T214953, start_date=20260812T215010, end_date=20260812T215605
[2026-08-12T21:56:06.399+0000] {local_task_job_runner.py:261} INFO - Task exited with return code 0
[2026-08-12T21:56:07.405+0000] {standard_task_runner.py:217} INFO - Process not found (most likely exited), stop collecting metrics
[2026-08-12T21:56:07.572+0000] {taskinstance.py:3891} INFO - 1 downstream tasks scheduled from follow-on schedule check
[2026-08-12T21:56:07.615+0000] {local_task_job_runner.py:240} INFO - ::endgroup::
